Archive member included to satisfy reference by file (symbol)

examples/libexamples.a(LCD_1in28_test.c.obj)
                              CMakeFiles/main.dir/main.c.obj (LCD_1in28_test)
examples/libexamples.a(ImageData.c.obj)
                              examples/libexamples.a(LCD_1in28_test.c.obj) (gImage_1inch3_1)
lib/LCD/libLCD.a(LCD_1in28.c.obj)
                              examples/libexamples.a(LCD_1in28_test.c.obj) (LCD_1IN28_Init)
lib/Touch/libTouch.a(CST816S.c.obj)
                              examples/libexamples.a(LCD_1in28_test.c.obj) (CST816S_init)
lib/QMI8658/libQMI8658.a(QMI8658.c.obj)
                              examples/libexamples.a(LCD_1in28_test.c.obj) (QMI8658_read_xyz)
lib/GUI/libGUI.a(GUI_Paint.c.obj)
                              examples/libexamples.a(LCD_1in28_test.c.obj) (Paint_NewImage)
lib/Fonts/libFonts.a(font16.c.obj)
                              examples/libexamples.a(LCD_1in28_test.c.obj) (Font16)
lib/Fonts/libFonts.a(font20.c.obj)
                              examples/libexamples.a(LCD_1in28_test.c.obj) (Font20)
lib/Fonts/libFonts.a(font24CN.c.obj)
                              examples/libexamples.a(LCD_1in28_test.c.obj) (Font24CN)
lib/Config/libConfig.a(DEV_Config.c.obj)
                              examples/libexamples.a(LCD_1in28_test.c.obj) (DEV_Delay_ms)
/opt/gcc-arm-none-eabi-10-2020-q4-major/bin/../lib/gcc/arm-none-eabi/10.2.1/thumb/v6-m/nofp/libgcc.a(_dvmd_tls.o)
                              CMakeFiles/main.dir/home/jur/pico/pico-sdk/src/rp2_common/pico_divider/divider.S.obj (__aeabi_idiv0)
/opt/gcc-arm-none-eabi-10-2020-q4-major/bin/../lib/gcc/arm-none-eabi/10.2.1/../../../../arm-none-eabi/lib/thumb/v6-m/nofp/libc.a(lib_a-calloc.o)
                              CMakeFiles/main.dir/home/jur/pico/pico-sdk/src/rp2_common/pico_malloc/pico_malloc.c.obj (calloc)
/opt/gcc-arm-none-eabi-10-2020-q4-major/bin/../lib/gcc/arm-none-eabi/10.2.1/../../../../arm-none-eabi/lib/thumb/v6-m/nofp/libc.a(lib_a-callocr.o)
                              /opt/gcc-arm-none-eabi-10-2020-q4-major/bin/../lib/gcc/arm-none-eabi/10.2.1/../../../../arm-none-eabi/lib/thumb/v6-m/nofp/libc.a(lib_a-calloc.o) (_calloc_r)
/opt/gcc-arm-none-eabi-10-2020-q4-major/bin/../lib/gcc/arm-none-eabi/10.2.1/../../../../arm-none-eabi/lib/thumb/v6-m/nofp/libc.a(lib_a-impure.o)
                              /opt/gcc-arm-none-eabi-10-2020-q4-major/bin/../lib/gcc/arm-none-eabi/10.2.1/../../../../arm-none-eabi/lib/thumb/v6-m/nofp/libc.a(lib_a-calloc.o) (_impure_ptr)
/opt/gcc-arm-none-eabi-10-2020-q4-major/bin/../lib/gcc/arm-none-eabi/10.2.1/../../../../arm-none-eabi/lib/thumb/v6-m/nofp/libc.a(lib_a-init.o)
                              /opt/gcc-arm-none-eabi-10-2020-q4-major/bin/../lib/gcc/arm-none-eabi/10.2.1/../../../../arm-none-eabi/lib/thumb/v6-m/nofp/crt0.o (__libc_init_array)
/opt/gcc-arm-none-eabi-10-2020-q4-major/bin/../lib/gcc/arm-none-eabi/10.2.1/../../../../arm-none-eabi/lib/thumb/v6-m/nofp/libc.a(lib_a-malloc.o)
                              CMakeFiles/main.dir/home/jur/pico/pico-sdk/src/rp2_common/pico_malloc/pico_malloc.c.obj (malloc)
/opt/gcc-arm-none-eabi-10-2020-q4-major/bin/../lib/gcc/arm-none-eabi/10.2.1/../../../../arm-none-eabi/lib/thumb/v6-m/nofp/libc.a(lib_a-mallocr.o)
                              /opt/gcc-arm-none-eabi-10-2020-q4-major/bin/../lib/gcc/arm-none-eabi/10.2.1/../../../../arm-none-eabi/lib/thumb/v6-m/nofp/libc.a(lib_a-callocr.o) (_malloc_r)
/opt/gcc-arm-none-eabi-10-2020-q4-major/bin/../lib/gcc/arm-none-eabi/10.2.1/../../../../arm-none-eabi/lib/thumb/v6-m/nofp/libc.a(lib_a-mlock.o)
                              /opt/gcc-arm-none-eabi-10-2020-q4-major/bin/../lib/gcc/arm-none-eabi/10.2.1/../../../../arm-none-eabi/lib/thumb/v6-m/nofp/libc.a(lib_a-mallocr.o) (__malloc_lock)
/opt/gcc-arm-none-eabi-10-2020-q4-major/bin/../lib/gcc/arm-none-eabi/10.2.1/../../../../arm-none-eabi/lib/thumb/v6-m/nofp/libc.a(lib_a-realloc.o)
                              CMakeFiles/main.dir/home/jur/pico/pico-sdk/src/rp2_common/pico_malloc/pico_malloc.c.obj (realloc)
/opt/gcc-arm-none-eabi-10-2020-q4-major/bin/../lib/gcc/arm-none-eabi/10.2.1/../../../../arm-none-eabi/lib/thumb/v6-m/nofp/libc.a(lib_a-reallocr.o)
                              /opt/gcc-arm-none-eabi-10-2020-q4-major/bin/../lib/gcc/arm-none-eabi/10.2.1/../../../../arm-none-eabi/lib/thumb/v6-m/nofp/libc.a(lib_a-realloc.o) (_realloc_r)
/opt/gcc-arm-none-eabi-10-2020-q4-major/bin/../lib/gcc/arm-none-eabi/10.2.1/../../../../arm-none-eabi/lib/thumb/v6-m/nofp/libc.a(lib_a-sbrkr.o)
                              /opt/gcc-arm-none-eabi-10-2020-q4-major/bin/../lib/gcc/arm-none-eabi/10.2.1/../../../../arm-none-eabi/lib/thumb/v6-m/nofp/libc.a(lib_a-mallocr.o) (_sbrk_r)
/opt/gcc-arm-none-eabi-10-2020-q4-major/bin/../lib/gcc/arm-none-eabi/10.2.1/../../../../arm-none-eabi/lib/thumb/v6-m/nofp/libc.a(lib_a-strlen-stub.o)
                              CMakeFiles/main.dir/home/jur/pico/pico-sdk/src/rp2_common/pico_stdio/stdio.c.obj (strlen)
[...]
Memory Configuration

Name             Origin             Length             Attributes
FLASH            0x0000000010000000 0x0000000000200000 xr
RAM              0x0000000020000000 0x0000000000040000 xrw
SCRATCH_X        0x0000000020040000 0x0000000000001000 xrw
SCRATCH_Y        0x0000000020041000 0x0000000000001000 xrw
*default*        0x0000000000000000 0xffffffffffffffff

Linker script and memory map

LOAD /opt/gcc-arm-none-eabi-10-2020-q4-major/bin/../lib/gcc/arm-none-eabi/10.2.1/thumb/v6-m/nofp/crti.o
LOAD /opt/gcc-arm-none-eabi-10-2020-q4-major/bin/../lib/gcc/arm-none-eabi/10.2.1/thumb/v6-m/nofp/crtbegin.o
LOAD /opt/gcc-arm-none-eabi-10-2020-q4-major/bin/../lib/gcc/arm-none-eabi/10.2.1/../../../../arm-none-eabi/lib/thumb/v6-m/nofp/crt0.o

.flash_begin    0x0000000010000000        0x0
                0x0000000010000000                __flash_binary_start = .

.boot2          0x0000000010000000      0x100
                0x0000000010000000                __boot2_start__ = .
 *(.boot2)
 .boot2         0x0000000010000000      0x100 /tmp/ccH5Dcli.o
                0x0000000010000100                __boot2_end__ = .
                0x0000000000000001                ASSERT (((__boot2_end__ - __boot2_start__) == 0x100), ERROR: Pico second stage bootloader must be 256 bytes in size)

.text           0x0000000010000100     0xb668
                0x0000000010000100                __logical_binary_start = .
 *(.vectors)
 .vectors       0x0000000010000100       0xd4 CMakeFiles/main.dir/home/jur/pico/pico-sdk/src/rp2_common/pico_standard_link/crt0.S.obj
                0x0000000010000100                __vectors
                0x0000000010000100                __VECTOR_TABLE
                0x00000000100001c0                isr_invalid
                0x00000000100001c0                __default_isrs_start
                0x00000000100001c2                isr_nmi
                0x00000000100001c4                isr_hardfault
                0x00000000100001c6                isr_svcall
                0x00000000100001c8                isr_pendsv
                0x00000000100001ca                isr_systick
                0x00000000100001cc                isr_irq30
                0x00000000100001cc                __unhandled_user_irq
                0x00000000100001cc                isr_irq13
                0x00000000100001cc                isr_irq27
                0x00000000100001cc                isr_irq31
                0x00000000100001cc                isr_irq5
                0x00000000100001cc                isr_irq11
                0x00000000100001cc                isr_irq23
                0x00000000100001cc                isr_irq18
                0x00000000100001cc                isr_irq28
                0x00000000100001cc                isr_irq19
                0x00000000100001cc                isr_irq0
                0x00000000100001cc                isr_irq6
                0x00000000100001cc                isr_irq22
                0x00000000100001cc                isr_irq17
                0x00000000100001cc                isr_irq14
                0x00000000100001cc                isr_irq2
                0x00000000100001cc                isr_irq10
                0x00000000100001cc                isr_irq8
                0x00000000100001cc                isr_irq24
                0x00000000100001cc                isr_irq1
                0x00000000100001cc                isr_irq7
                0x00000000100001cc                isr_irq21
                0x00000000100001cc                isr_irq20
                0x00000000100001cc                isr_irq15
                0x00000000100001cc                isr_irq25
                0x00000000100001cc                isr_irq4
                0x00000000100001cc                isr_irq16
                0x00000000100001cc                isr_irq29
                0x00000000100001cc                isr_irq26
                0x00000000100001cc                __default_isrs_end
                0x00000000100001cc                isr_irq3
                0x00000000100001cc                isr_irq12
                0x00000000100001cc                isr_irq9
                0x00000000100001d2                unhandled_user_irq_num_in_r0
 *(.binary_info_header)
 .binary_info_header
                0x00000000100001d4       0x14 CMakeFiles/main.dir/home/jur/pico/pico-sdk/src/rp2_common/pico_standard_link/crt0.S.obj
                0x00000000100001e8                __binary_info_header_end = .
 *(.reset)
 .reset         0x00000000100001e8       0xa0 CMakeFiles/main.dir/home/jur/pico/pico-sdk/src/rp2_common/pico_standard_link/crt0.S.obj
                0x00000000100001e8                _entry_point
 .reset         0x0000000010000288       0x30 CMakeFiles/main.dir/home/jur/pico/pico-sdk/src/rp2_common/pico_standard_link/binary_info.c.obj
 *(.init)
 .init          0x00000000100002b8        0x4 /opt/gcc-arm-none-eabi-10-2020-q4-major/bin/../lib/gcc/arm-none-eabi/10.2.1/thumb/v6-m/nofp/crti.o
                0x00000000100002b8                _init
 *(EXCLUDE_FILE(*libm.a: *libc.a:*lib_a-mem*.o *libgcc.a:) .text*)
 .text          0x00000000100002bc       0x48 /opt/gcc-arm-none-eabi-10-2020-q4-major/bin/../lib/gcc/arm-none-eabi/10.2.1/thumb/v6-m/nofp/crtbegin.o
 .text.startup.main
                0x0000000010000304        0xc CMakeFiles/main.dir/main.c.obj
                0x0000000010000304                main
 .text.gpio_default_irq_handler
                0x0000000010000310      0x244 CMakeFiles/main.dir/home/jur/pico/pico-sdk/src/rp2_common/hardware_gpio/gpio.c.obj
 .text.gpio_set_function
                0x0000000010000554       0x30 CMakeFiles/main.dir/home/jur/pico/pico-sdk/src/rp2_common/hardware_gpio/gpio.c.obj
                0x0000000010000554                gpio_set_function
 .text.gpio_set_pulls
                0x0000000010000584       0x30 CMakeFiles/main.dir/home/jur/pico/pico-sdk/src/rp2_common/hardware_gpio/gpio.c.obj
                0x0000000010000584                gpio_set_pulls
 .text.gpio_set_irq_enabled_with_callback
                0x00000000100005b4       0xb0 CMakeFiles/main.dir/home/jur/pico/pico-sdk/src/rp2_common/hardware_gpio/gpio.c.obj
                0x00000000100005b4                gpio_set_irq_enabled_with_callback
 .text.gpio_set_input_enabled
                0x0000000010000664       0x28 CMakeFiles/main.dir/home/jur/pico/pico-sdk/src/rp2_common/hardware_gpio/gpio.c.obj
                0x0000000010000664                gpio_set_input_enabled
 .text.gpio_init
                0x000000001000068c       0x3c CMakeFiles/main.dir/home/jur/pico/pico-sdk/src/rp2_common/hardware_gpio/gpio.c.obj
                0x000000001000068c                gpio_init
 .text.running_on_fpga
                0x00000000100006c8       0x10 CMakeFiles/main.dir/home/jur/pico/pico-sdk/src/rp2_common/pico_platform/platform.c.obj
                0x00000000100006c8                running_on_fpga
 .text.hw_claim_or_assert
                0x00000000100006d8       0x44 CMakeFiles/main.dir/home/jur/pico/pico-sdk/src/rp2_common/hardware_claim/claim.c.obj
                0x00000000100006d8                hw_claim_or_assert
 .text.hw_claim_unused_from_range
                0x000000001000071c       0x9c CMakeFiles/main.dir/home/jur/pico/pico-sdk/src/rp2_common/hardware_claim/claim.c.obj
                0x000000001000071c                hw_claim_unused_from_range
 .text.spin_locks_reset
                0x00000000100007b8       0x1c CMakeFiles/main.dir/home/jur/pico/pico-sdk/src/rp2_common/hardware_sync/sync.c.obj
                0x00000000100007b8                spin_locks_reset
 .text.next_striped_spin_lock_num
                0x00000000100007d4       0x18 CMakeFiles/main.dir/home/jur/pico/pico-sdk/src/rp2_common/hardware_sync/sync.c.obj
                0x00000000100007d4                next_striped_spin_lock_num
 .text.spin_lock_claim_unused
                0x00000000100007ec       0x20 CMakeFiles/main.dir/home/jur/pico/pico-sdk/src/rp2_common/hardware_sync/sync.c.obj
                0x00000000100007ec                spin_lock_claim_unused
 .text.irq_set_enabled
                0x000000001000080c       0x24 CMakeFiles/main.dir/home/jur/pico/pico-sdk/src/rp2_common/hardware_irq/irq.c.obj
                0x000000001000080c                irq_set_enabled
 .text.irq_set_pending
                0x0000000010000830       0x10 CMakeFiles/main.dir/home/jur/pico/pico-sdk/src/rp2_common/hardware_irq/irq.c.obj
                0x0000000010000830                irq_set_pending
 .text.irq_has_shared_handler
                0x0000000010000840       0x2c CMakeFiles/main.dir/home/jur/pico/pico-sdk/src/rp2_common/hardware_irq/irq.c.obj
                0x0000000010000840                irq_has_shared_handler
 .text.irq_get_vtable_handler
                0x000000001000086c       0x10 CMakeFiles/main.dir/home/jur/pico/pico-sdk/src/rp2_common/hardware_irq/irq.c.obj
                0x000000001000086c                irq_get_vtable_handler
 .text.irq_set_exclusive_handler
                0x000000001000087c       0x54 CMakeFiles/main.dir/home/jur/pico/pico-sdk/src/rp2_common/hardware_irq/irq.c.obj
                0x000000001000087c                irq_set_exclusive_handler
 .text.irq_add_shared_handler
                0x00000000100008d0      0x1e8 CMakeFiles/main.dir/home/jur/pico/pico-sdk/src/rp2_common/hardware_irq/irq.c.obj
                0x00000000100008d0                irq_add_shared_handler
 .text.irq_remove_handler
                0x0000000010000ab8      0x1b0 CMakeFiles/main.dir/home/jur/pico/pico-sdk/src/rp2_common/hardware_irq/irq.c.obj
                0x0000000010000ab8                irq_remove_handler
 .text.irq_add_tail_to_free_list
                0x0000000010000c68       0xb4 CMakeFiles/main.dir/home/jur/pico/pico-sdk/src/rp2_common/hardware_irq/irq.c.obj
                0x0000000010000c68                irq_add_tail_to_free_list
 .text.irq_init_priorities
                0x0000000010000d1c       0x24 CMakeFiles/main.dir/home/jur/pico/pico-sdk/src/rp2_common/hardware_irq/irq.c.obj
                0x0000000010000d1c                irq_init_priorities
 .text.user_irq_claim_unused
                0x0000000010000d40       0x28 CMakeFiles/main.dir/home/jur/pico/pico-sdk/src/rp2_common/hardware_irq/irq.c.obj
                0x0000000010000d40                user_irq_claim_unused
 .text.lock_init
                0x0000000010000d68       0x10 CMakeFiles/main.dir/home/jur/pico/pico-sdk/src/common/pico_sync/lock_core.c.obj
                0x0000000010000d68                lock_init
 .text.mutex_init
                0x0000000010000d78       0x1c CMakeFiles/main.dir/home/jur/pico/pico-sdk/src/common/pico_sync/mutex.c.obj
                0x0000000010000d78                mutex_init
 .text.recursive_mutex_init
                0x0000000010000d94       0x1c CMakeFiles/main.dir/home/jur/pico/pico-sdk/src/common/pico_sync/mutex.c.obj
                0x0000000010000d94                recursive_mutex_init
 .text.critical_section_init
                0x0000000010000db0       0x20 CMakeFiles/main.dir/home/jur/pico/pico-sdk/src/common/pico_sync/critical_section.c.obj
                0x0000000010000db0                critical_section_init
 .text.critical_section_init_with_lock_num
                0x0000000010000dd0       0x14 CMakeFiles/main.dir/home/jur/pico/pico-sdk/src/common/pico_sync/critical_section.c.obj
                0x0000000010000dd0                critical_section_init_with_lock_num
 .text.timer_pool_entry_comparator
                0x0000000010000de4       0x34 CMakeFiles/main.dir/home/jur/pico/pico-sdk/src/common/pico_time/time.c.obj
                0x0000000010000de4                timer_pool_entry_comparator
 .text.sleep_until_callback
                0x0000000010000e18       0x30 CMakeFiles/main.dir/home/jur/pico/pico-sdk/src/common/pico_time/time.c.obj
 .text.add_alarm_under_lock.isra.0
                0x0000000010000e48      0x100 CMakeFiles/main.dir/home/jur/pico/pico-sdk/src/common/pico_time/time.c.obj
 .text.alarm_pool_alarm_callback
                0x0000000010000f48      0x1bc CMakeFiles/main.dir/home/jur/pico/pico-sdk/src/common/pico_time/time.c.obj
 .text.alarm_pool_init_default
                0x0000000010001104       0x6c CMakeFiles/main.dir/home/jur/pico/pico-sdk/src/common/pico_time/time.c.obj
                0x0000000010001104                alarm_pool_init_default
 .text.alarm_pool_get_default
                0x0000000010001170        0x8 CMakeFiles/main.dir/home/jur/pico/pico-sdk/src/common/pico_time/time.c.obj
                0x0000000010001170                alarm_pool_get_default
 .text.alarm_pool_add_alarm_at
                0x0000000010001178      0x178 CMakeFiles/main.dir/home/jur/pico/pico-sdk/src/common/pico_time/time.c.obj
                0x0000000010001178                alarm_pool_add_alarm_at
 .text.alarm_pool_core_num
                0x00000000100012f0        0x4 CMakeFiles/main.dir/home/jur/pico/pico-sdk/src/common/pico_time/time.c.obj
                0x00000000100012f0                alarm_pool_core_num
 .text.sleep_until
                0x00000000100012f4       0xc4 CMakeFiles/main.dir/home/jur/pico/pico-sdk/src/common/pico_time/time.c.obj
                0x00000000100012f4                sleep_until
 .text.sleep_ms
                0x00000000100013b8       0x34 CMakeFiles/main.dir/home/jur/pico/pico-sdk/src/common/pico_time/time.c.obj
                0x00000000100013b8                sleep_ms
 .text.best_effort_wfe_or_timeout
                0x00000000100013ec       0xd4 CMakeFiles/main.dir/home/jur/pico/pico-sdk/src/common/pico_time/time.c.obj
                0x00000000100013ec                best_effort_wfe_or_timeout
 .text.hardware_alarm_irq_handler
                0x00000000100014c0       0xbc CMakeFiles/main.dir/home/jur/pico/pico-sdk/src/rp2_common/hardware_timer/timer.c.obj
 .text.hardware_alarm_claim
                0x000000001000157c       0x18 CMakeFiles/main.dir/home/jur/pico/pico-sdk/src/rp2_common/hardware_timer/timer.c.obj
                0x000000001000157c                hardware_alarm_claim
 .text.time_us_64
                0x0000000010001594       0x14 CMakeFiles/main.dir/home/jur/pico/pico-sdk/src/rp2_common/hardware_timer/timer.c.obj
                0x0000000010001594                time_us_64
 .text.busy_wait_us
                0x00000000100015a8       0x54 CMakeFiles/main.dir/home/jur/pico/pico-sdk/src/rp2_common/hardware_timer/timer.c.obj
                0x00000000100015a8                busy_wait_us
 .text.busy_wait_until
                0x00000000100015fc       0x20 CMakeFiles/main.dir/home/jur/pico/pico-sdk/src/rp2_common/hardware_timer/timer.c.obj
                0x00000000100015fc                busy_wait_until
 .text.hardware_alarm_set_callback
                0x000000001000161c       0x8c CMakeFiles/main.dir/home/jur/pico/pico-sdk/src/rp2_common/hardware_timer/timer.c.obj
                0x000000001000161c                hardware_alarm_set_callback
 .text.hardware_alarm_set_target
                0x00000000100016a8       0xd4 CMakeFiles/main.dir/home/jur/pico/pico-sdk/src/rp2_common/hardware_timer/timer.c.obj
                0x00000000100016a8                hardware_alarm_set_target
 .text.hardware_alarm_cancel
                0x000000001000177c       0x3c CMakeFiles/main.dir/home/jur/pico/pico-sdk/src/rp2_common/hardware_timer/timer.c.obj
                0x000000001000177c                hardware_alarm_cancel
 .text.ph_merge_nodes
                0x00000000100017b8       0x68 CMakeFiles/main.dir/home/jur/pico/pico-sdk/src/common/pico_util/pheap.c.obj
 .text.ph_post_alloc_init
                0x0000000010001820       0x3c CMakeFiles/main.dir/home/jur/pico/pico-sdk/src/common/pico_util/pheap.c.obj
                0x0000000010001820                ph_post_alloc_init
 .text.ph_merge_two_pass
                0x000000001000185c       0x90 CMakeFiles/main.dir/home/jur/pico/pico-sdk/src/common/pico_util/pheap.c.obj
                0x000000001000185c                ph_merge_two_pass
 .text.ph_remove_any_head
                0x00000000100018ec      0x100 CMakeFiles/main.dir/home/jur/pico/pico-sdk/src/common/pico_util/pheap.c.obj
 .text.ph_remove_head
                0x00000000100019ec      0x104 CMakeFiles/main.dir/home/jur/pico/pico-sdk/src/common/pico_util/pheap.c.obj
                0x00000000100019ec                ph_remove_head
 .text.ph_remove_and_free_node
                0x0000000010001af0       0x7c CMakeFiles/main.dir/home/jur/pico/pico-sdk/src/common/pico_util/pheap.c.obj
                0x0000000010001af0                ph_remove_and_free_node
 .text.uart_init
                0x0000000010001b6c      0x188 CMakeFiles/main.dir/home/jur/pico/pico-sdk/src/rp2_common/hardware_uart/uart.c.obj
                0x0000000010001b6c                uart_init
 .text.clocks_init
                0x0000000010001cf4      0x2d0 CMakeFiles/main.dir/home/jur/pico/pico-sdk/src/rp2_common/hardware_clocks/clocks.c.obj
                0x0000000010001cf4                clocks_init
 .text.clock_get_hz
                0x0000000010001fc4        0xc CMakeFiles/main.dir/home/jur/pico/pico-sdk/src/rp2_common/hardware_clocks/clocks.c.obj
                0x0000000010001fc4                clock_get_hz
 .text.pll_init
                0x0000000010001fd0       0xa0 CMakeFiles/main.dir/home/jur/pico/pico-sdk/src/rp2_common/hardware_pll/pll.c.obj
                0x0000000010001fd0                pll_init
 .text.watchdog_start_tick
                0x0000000010002070       0x10 CMakeFiles/main.dir/home/jur/pico/pico-sdk/src/rp2_common/hardware_watchdog/watchdog.c.obj
                0x0000000010002070                watchdog_start_tick
 .text.watchdog_reboot
                0x0000000010002080       0x98 CMakeFiles/main.dir/home/jur/pico/pico-sdk/src/rp2_common/hardware_watchdog/watchdog.c.obj
                0x0000000010002080                watchdog_reboot
 .text.xosc_init
                0x0000000010002118       0x28 CMakeFiles/main.dir/home/jur/pico/pico-sdk/src/rp2_common/hardware_xosc/xosc.c.obj
                0x0000000010002118                xosc_init
 .text.runtime_init
                0x0000000010002140       0xf0 CMakeFiles/main.dir/home/jur/pico/pico-sdk/src/rp2_common/pico_runtime/runtime.c.obj
                0x0000000010002140                runtime_init
 .text._exit    0x0000000010002230        0x4 CMakeFiles/main.dir/home/jur/pico/pico-sdk/src/rp2_common/pico_runtime/runtime.c.obj
                0x0000000010002230                _exit
 .text._sbrk    0x0000000010002234       0x34 CMakeFiles/main.dir/home/jur/pico/pico-sdk/src/rp2_common/pico_runtime/runtime.c.obj
                0x0000000010002234                _sbrk
 .text.exit     0x0000000010002268        0x8 CMakeFiles/main.dir/home/jur/pico/pico-sdk/src/rp2_common/pico_runtime/runtime.c.obj
                0x0000000010002268                exit
 .text.panic    0x0000000010002270       0x30 CMakeFiles/main.dir/home/jur/pico/pico-sdk/src/rp2_common/pico_runtime/runtime.c.obj
                0x0000000010002270                panic
 .text.hard_assertion_failure
                0x00000000100022a0        0xc CMakeFiles/main.dir/home/jur/pico/pico-sdk/src/rp2_common/pico_runtime/runtime.c.obj
                0x00000000100022a0                hard_assertion_failure
 .text._out_buffer
                0x00000000100022ac        0x8 CMakeFiles/main.dir/home/jur/pico/pico-sdk/src/rp2_common/pico_printf/printf.c.obj
 .text._out_null
                0x00000000100022b4        0x4 CMakeFiles/main.dir/home/jur/pico/pico-sdk/src/rp2_common/pico_printf/printf.c.obj
 .text._out_rev
                0x00000000100022b8       0x9c CMakeFiles/main.dir/home/jur/pico/pico-sdk/src/rp2_common/pico_printf/printf.c.obj
 .text._ntoa_format
                0x0000000010002354      0x1cc CMakeFiles/main.dir/home/jur/pico/pico-sdk/src/rp2_common/pico_printf/printf.c.obj
 .text._out_char
                0x0000000010002520       0x10 CMakeFiles/main.dir/home/jur/pico/pico-sdk/src/rp2_common/pico_printf/printf.c.obj
 .text._out_fct
                0x0000000010002530       0x10 CMakeFiles/main.dir/home/jur/pico/pico-sdk/src/rp2_common/pico_printf/printf.c.obj
 .text._etoa    0x0000000010002540      0x44c CMakeFiles/main.dir/home/jur/pico/pico-sdk/src/rp2_common/pico_printf/printf.c.obj
 .text._ftoa    0x000000001000298c      0x398 CMakeFiles/main.dir/home/jur/pico/pico-sdk/src/rp2_common/pico_printf/printf.c.obj
 .text._vsnprintf
                0x0000000010002d24      0xb04 CMakeFiles/main.dir/home/jur/pico/pico-sdk/src/rp2_common/pico_printf/printf.c.obj
 .text.__wrap_sprintf
                0x0000000010003828       0x28 CMakeFiles/main.dir/home/jur/pico/pico-sdk/src/rp2_common/pico_printf/printf.c.obj
                0x0000000010003828                __wrap_sprintf
 .text.vfctprintf
                0x0000000010003850       0x20 CMakeFiles/main.dir/home/jur/pico/pico-sdk/src/rp2_common/pico_printf/printf.c.obj
                0x0000000010003850                vfctprintf
 .text.weak_raw_vprintf
                0x0000000010003870       0x30 CMakeFiles/main.dir/home/jur/pico/pico-sdk/src/rp2_common/pico_printf/printf.c.obj
                0x0000000010003870                weak_raw_vprintf
 .text          0x00000000100038a0       0x10 CMakeFiles/main.dir/home/jur/pico/pico-sdk/src/rp2_common/pico_bit_ops/bit_ops_aeabi.S.obj
 .text.rom_func_lookup
                0x00000000100038b0       0x10 CMakeFiles/main.dir/home/jur/pico/pico-sdk/src/rp2_common/pico_bootrom/bootrom.c.obj
                0x00000000100038b0                rom_func_lookup
 .text.rom_data_lookup
                0x00000000100038c0       0x10 CMakeFiles/main.dir/home/jur/pico/pico-sdk/src/rp2_common/pico_bootrom/bootrom.c.obj
                0x00000000100038c0                rom_data_lookup
 .text.rom_funcs_lookup
                0x00000000100038d0       0x44 CMakeFiles/main.dir/home/jur/pico/pico-sdk/src/rp2_common/pico_bootrom/bootrom.c.obj
                0x00000000100038d0                rom_funcs_lookup
 .text.__wrap___aeabi_idiv
                0x0000000010003914       0x50 CMakeFiles/main.dir/home/jur/pico/pico-sdk/src/rp2_common/pico_divider/divider.S.obj
                0x0000000010003914                __wrap___aeabi_idivmod
                0x0000000010003914                divmod_s32s32
                0x0000000010003914                div_s32s32
                0x0000000010003914                __wrap___aeabi_idiv
                0x000000001000391c                divmod_s32s32_unsafe
                0x0000000010003948                divmod_s32s32_savestate
 .text.__wrap___aeabi_uidiv
                0x0000000010003964       0x4c CMakeFiles/main.dir/home/jur/pico/pico-sdk/src/rp2_common/pico_divider/divider.S.obj
                0x0000000010003964                __wrap___aeabi_uidiv
                0x0000000010003964                __wrap___aeabi_uidivmod
                0x0000000010003964                div_u32u32
                0x0000000010003964                divmod_u32u32
                0x000000001000396c                divmod_u32u32_unsafe
                0x0000000010003994                divmod_u32u32_savestate
 .text.__wrap___aeabi_ldiv
                0x00000000100039b0      0x424 CMakeFiles/main.dir/home/jur/pico/pico-sdk/src/rp2_common/pico_divider/divider.S.obj
                0x00000000100039b0                div_s64s64
                0x00000000100039b0                divmod_s64s64
                0x00000000100039b0                __wrap___aeabi_ldivmod
                0x00000000100039e0                div_u64u64
                0x00000000100039e0                divmod_u64u64
                0x00000000100039e0                __wrap___aeabi_uldivmod
                0x00000000100039f0                divmod_u64u64_savestate
                0x0000000010003a10                divmod_s64s64_unsafe
                0x0000000010003a98                divmod_u64u64_unsafe
 .text.__wrap___aeabi_darithmetic
                0x0000000010003dd4       0x80 CMakeFiles/main.dir/home/jur/pico/pico-sdk/src/rp2_common/pico_double/double_aeabi.S.obj
                0x0000000010003dd4                __wrap___aeabi_drsub
                0x0000000010003dda                __wrap___aeabi_dsub
                0x0000000010003dec                __wrap___aeabi_dadd
                0x0000000010003dfe                __wrap___aeabi_ddiv
                0x0000000010003e3a                __wrap___aeabi_dmul
 .text.__wrap___aeabi_cdcmple
                0x0000000010003e54       0x6c CMakeFiles/main.dir/home/jur/pico/pico-sdk/src/rp2_common/pico_double/double_aeabi.S.obj
                0x0000000010003e54                __wrap___aeabi_cdrcmple
                0x0000000010003e64                __wrap___aeabi_cdcmple
                0x0000000010003e64                __wrap___aeabi_cdcmpeq
 .text.__wrap___aeabi_dcmplt
                0x0000000010003ec0        0xc CMakeFiles/main.dir/home/jur/pico/pico-sdk/src/rp2_common/pico_double/double_aeabi.S.obj
                0x0000000010003ec0                __wrap___aeabi_dcmplt
 .text.__wrap___aeabi_dcmple
                0x0000000010003ecc       0x10 CMakeFiles/main.dir/home/jur/pico/pico-sdk/src/rp2_common/pico_double/double_aeabi.S.obj
                0x0000000010003ecc                __wrap___aeabi_dcmple
 .text.__wrap___aeabi_dcmpge
                0x0000000010003edc       0x10 CMakeFiles/main.dir/home/jur/pico/pico-sdk/src/rp2_common/pico_double/double_aeabi.S.obj
                0x0000000010003edc                __wrap___aeabi_dcmpge
 .text.__wrap___aeabi_dcmpgt
                0x0000000010003eec        0xa CMakeFiles/main.dir/home/jur/pico/pico-sdk/src/rp2_common/pico_double/double_aeabi.S.obj
                0x0000000010003eec                __wrap___aeabi_dcmpgt
 .text.__wrap___aeabi_dcmpun
                0x0000000010003ef6       0x1c CMakeFiles/main.dir/home/jur/pico/pico-sdk/src/rp2_common/pico_double/double_aeabi.S.obj
                0x0000000010003ef6                __wrap___aeabi_dcmpun
 *fill*         0x0000000010003f12        0x2 
 .text.__wrap___aeabi_i2d
                0x0000000010003f14       0x38 CMakeFiles/main.dir/home/jur/pico/pico-sdk/src/rp2_common/pico_double/double_aeabi.S.obj
                0x0000000010003f14                __wrap___aeabi_ui2d
                0x0000000010003f1c                __wrap___aeabi_i2d
 .text.__wrap___aeabi_d2iz
                0x0000000010003f4c       0x48 CMakeFiles/main.dir/home/jur/pico/pico-sdk/src/rp2_common/pico_double/double_aeabi.S.obj
                0x0000000010003f4c                __wrap___aeabi_d2iz
                0x0000000010003f4c                double2int_z
 .text.__wrap___aeabi_d2uiz
                0x0000000010003f94       0x18 CMakeFiles/main.dir/home/jur/pico/pico-sdk/src/rp2_common/pico_double/double_aeabi.S.obj
                0x0000000010003f94                double2uint
                0x0000000010003f94                __wrap___aeabi_d2uiz
 .text.__aeabi_double_init
                0x0000000010003fac       0x94 CMakeFiles/main.dir/home/jur/pico/pico-sdk/src/rp2_common/pico_double/double_init_rom.c.obj
                0x0000000010003fac                __aeabi_double_init
 .text.double_table_shim_on_use_helper
                0x0000000010004040       0x2c CMakeFiles/main.dir/home/jur/pico/pico-sdk/src/rp2_common/pico_double/double_v1_rom_shim.S.obj
                0x0000000010004040                double_table_shim_on_use_helper
 .text.__wrap___aeabi_dsub
                0x000000001000406c       0x10 CMakeFiles/main.dir/home/jur/pico/pico-sdk/src/rp2_common/pico_double/double_v1_rom_shim.S.obj
                0x000000001000406c                drsub_shim
                0x0000000010004072                dsub_shim
 .text.dadd_shim
                0x000000001000407c      0x15c CMakeFiles/main.dir/home/jur/pico/pico-sdk/src/rp2_common/pico_double/double_v1_rom_shim.S.obj
                0x000000001000407c                dadd_shim
 .text.dmul_shim
                0x00000000100041d8      0x15c CMakeFiles/main.dir/home/jur/pico/pico-sdk/src/rp2_common/pico_double/double_v1_rom_shim.S.obj
                0x00000000100041d8                dmul_shim
 .text.ddiv_shim
                0x0000000010004334      0x1b0 CMakeFiles/main.dir/home/jur/pico/pico-sdk/src/rp2_common/pico_double/double_v1_rom_shim.S.obj
                0x0000000010004334                ddiv_shim
 .text.double2uint_shim
                0x00000000100044e4        0xe CMakeFiles/main.dir/home/jur/pico/pico-sdk/src/rp2_common/pico_double/double_v1_rom_shim.S.obj
                0x00000000100044e4                double2uint_shim
                0x00000000100044e6                double2ufix_shim
 *fill*         0x00000000100044f2        0x2 
 .text.double2uint64_shim
                0x00000000100044f4       0x70 CMakeFiles/main.dir/home/jur/pico/pico-sdk/src/rp2_common/pico_double/double_v1_rom_shim.S.obj
                0x00000000100044f4                double2uint64_shim
                0x00000000100044f6                double2ufix64_shim
                0x0000000010004516                d2fix_a
 .text.dunpacks
                0x0000000010004564       0x3c CMakeFiles/main.dir/home/jur/pico/pico-sdk/src/rp2_common/pico_double/double_v1_rom_shim.S.obj
                0x0000000010004564                dunpacks
 .text.__aeabi_lmul
                0x00000000100045a0       0x32 CMakeFiles/main.dir/home/jur/pico/pico-sdk/src/rp2_common/pico_int64_ops/pico_int64_ops_aeabi.S.obj
                0x00000000100045a0                __wrap___aeabi_lmul
 *fill*         0x00000000100045d2        0x2 
 .text.__wrap___aeabi_farithmetic
                0x00000000100045d4       0x48 CMakeFiles/main.dir/home/jur/pico/pico-sdk/src/rp2_common/pico_float/float_aeabi.S.obj
                0x00000000100045d4                __wrap___aeabi_frsub
                0x00000000100045da                __wrap___aeabi_fsub
                0x00000000100045e0                __wrap___aeabi_fadd
                0x00000000100045e6                __wrap___aeabi_fdiv
                0x000000001000460e                __wrap___aeabi_fmul
 .text.__wrap___aeabi_i2f
                0x000000001000461c       0x44 CMakeFiles/main.dir/home/jur/pico/pico-sdk/src/rp2_common/pico_float/float_aeabi.S.obj
                0x000000001000461c                __wrap___aeabi_i2f
 .text.__wrap___aeabi_f2d
                0x0000000010004660       0x14 CMakeFiles/main.dir/home/jur/pico/pico-sdk/src/rp2_common/pico_float/float_aeabi.S.obj
                0x0000000010004660                __wrap___aeabi_f2d
 .text.__aeabi_float_init
                0x0000000010004674       0x64 CMakeFiles/main.dir/home/jur/pico/pico-sdk/src/rp2_common/pico_float/float_init_rom.c.obj
                0x0000000010004674                __aeabi_float_init
 .text.float_table_shim_on_use_helper
                0x00000000100046d8       0x2c CMakeFiles/main.dir/home/jur/pico/pico-sdk/src/rp2_common/pico_float/float_v1_rom_shim.S.obj
                0x00000000100046d8                float_table_shim_on_use_helper
 .text.float2double_shim
                0x0000000010004704       0x30 CMakeFiles/main.dir/home/jur/pico/pico-sdk/src/rp2_common/pico_float/float_v1_rom_shim.S.obj
                0x0000000010004704                float2double_shim
 .text.__wrap_malloc
                0x0000000010004734       0x24 CMakeFiles/main.dir/home/jur/pico/pico-sdk/src/rp2_common/pico_malloc/pico_malloc.c.obj
                0x0000000010004734                __wrap_malloc
 .text          0x0000000010004758       0x10 CMakeFiles/main.dir/home/jur/pico/pico-sdk/src/rp2_common/pico_mem_ops/mem_ops_aeabi.S.obj
                0x0000000010004758                __aeabi_mem_init
 .text.memset   0x0000000010004768        0xc CMakeFiles/main.dir/home/jur/pico/pico-sdk/src/rp2_common/pico_mem_ops/mem_ops_aeabi.S.obj
                0x0000000010004768                __wrap_memset
 .text.memcpy   0x0000000010004774        0xc CMakeFiles/main.dir/home/jur/pico/pico-sdk/src/rp2_common/pico_mem_ops/mem_ops_aeabi.S.obj
                0x0000000010004774                __wrap___aeabi_memcpy
                0x0000000010004774                __wrap_memcpy
 .text.stdio_out_chars_no_crlf
                0x0000000010004780       0x10 CMakeFiles/main.dir/home/jur/pico/pico-sdk/src/rp2_common/pico_stdio/stdio.c.obj
 .text.stdio_out_chars_crlf
                0x0000000010004790       0xb4 CMakeFiles/main.dir/home/jur/pico/pico-sdk/src/rp2_common/pico_stdio/stdio.c.obj
 .text.stdio_buffered_printer
                0x0000000010004844       0x64 CMakeFiles/main.dir/home/jur/pico/pico-sdk/src/rp2_common/pico_stdio/stdio.c.obj
 .text.stdio_put_string.isra.0
                0x00000000100048a8       0xfc CMakeFiles/main.dir/home/jur/pico/pico-sdk/src/rp2_common/pico_stdio/stdio.c.obj
 .text.__wrap_putchar
                0x00000000100049a4       0x98 CMakeFiles/main.dir/home/jur/pico/pico-sdk/src/rp2_common/pico_stdio/stdio.c.obj
                0x00000000100049a4                __wrap_putchar
 .text.__wrap_puts
                0x0000000010004a3c       0x3c CMakeFiles/main.dir/home/jur/pico/pico-sdk/src/rp2_common/pico_stdio/stdio.c.obj
                0x0000000010004a3c                __wrap_puts
 .text.stdio_set_driver_enabled
                0x0000000010004a78       0x30 CMakeFiles/main.dir/home/jur/pico/pico-sdk/src/rp2_common/pico_stdio/stdio.c.obj
                0x0000000010004a78                stdio_set_driver_enabled
 .text.__wrap_vprintf
                0x0000000010004aa8       0xd8 CMakeFiles/main.dir/home/jur/pico/pico-sdk/src/rp2_common/pico_stdio/stdio.c.obj
                0x0000000010004aa8                __wrap_vprintf
 .text.__wrap_printf
                0x0000000010004b80       0x18 CMakeFiles/main.dir/home/jur/pico/pico-sdk/src/rp2_common/pico_stdio/stdio.c.obj
                0x0000000010004b80                __wrap_printf
 .text.stdio_init_all
                0x0000000010004b98       0x10 CMakeFiles/main.dir/home/jur/pico/pico-sdk/src/rp2_common/pico_stdio/stdio.c.obj
                0x0000000010004b98                stdio_init_all
 .text.stdio_uart_out_chars
                0x0000000010004ba8       0x4c CMakeFiles/main.dir/home/jur/pico/pico-sdk/src/rp2_common/pico_stdio_uart/stdio_uart.c.obj
 .text.stdio_uart_in_chars
                0x0000000010004bf4       0x84 CMakeFiles/main.dir/home/jur/pico/pico-sdk/src/rp2_common/pico_stdio_uart/stdio_uart.c.obj
                0x0000000010004bf4                stdio_uart_in_chars
 .text.on_uart_rx
                0x0000000010004c78       0x28 CMakeFiles/main.dir/home/jur/pico/pico-sdk/src/rp2_common/pico_stdio_uart/stdio_uart.c.obj
 .text.stdio_uart_set_chars_available_callback
                0x0000000010004ca0       0x8c CMakeFiles/main.dir/home/jur/pico/pico-sdk/src/rp2_common/pico_stdio_uart/stdio_uart.c.obj
 .text.stdio_uart_init
                0x0000000010004d2c       0x48 CMakeFiles/main.dir/home/jur/pico/pico-sdk/src/rp2_common/pico_stdio_uart/stdio_uart.c.obj
                0x0000000010004d2c                stdio_uart_init
 .text.resetd_init
                0x0000000010004d74        0x4 CMakeFiles/main.dir/home/jur/pico/pico-sdk/src/rp2_common/pico_stdio_usb/reset_interface.c.obj
 .text.resetd_reset
                0x0000000010004d78        0xc CMakeFiles/main.dir/home/jur/pico/pico-sdk/src/rp2_common/pico_stdio_usb/reset_interface.c.obj
 .text.resetd_open
                0x0000000010004d84       0x28 CMakeFiles/main.dir/home/jur/pico/pico-sdk/src/rp2_common/pico_stdio_usb/reset_interface.c.obj
 .text.resetd_xfer_cb
                0x0000000010004dac        0x4 CMakeFiles/main.dir/home/jur/pico/pico-sdk/src/rp2_common/pico_stdio_usb/reset_interface.c.obj
 .text.resetd_control_xfer_cb
                0x0000000010004db0       0x64 CMakeFiles/main.dir/home/jur/pico/pico-sdk/src/rp2_common/pico_stdio_usb/reset_interface.c.obj
 .text.usbd_app_driver_get_cb
                0x0000000010004e14        0xc CMakeFiles/main.dir/home/jur/pico/pico-sdk/src/rp2_common/pico_stdio_usb/reset_interface.c.obj
                0x0000000010004e14                usbd_app_driver_get_cb
 .text.tud_cdc_line_coding_cb
                0x0000000010004e20       0x34 CMakeFiles/main.dir/home/jur/pico/pico-sdk/src/rp2_common/pico_stdio_usb/reset_interface.c.obj
                0x0000000010004e20                tud_cdc_line_coding_cb
 .text.stdio_usb_set_chars_available_callback
                0x0000000010004e54       0x14 CMakeFiles/main.dir/home/jur/pico/pico-sdk/src/rp2_common/pico_stdio_usb/stdio_usb.c.obj
                0x0000000010004e54                stdio_usb_set_chars_available_callback
 .text.usb_irq  0x0000000010004e68       0x10 CMakeFiles/main.dir/home/jur/pico/pico-sdk/src/rp2_common/pico_stdio_usb/stdio_usb.c.obj
 .text.timer_task
                0x0000000010004e78       0x54 CMakeFiles/main.dir/home/jur/pico/pico-sdk/src/rp2_common/pico_stdio_usb/stdio_usb.c.obj
 .text.stdio_usb_in_chars
                0x0000000010004ecc       0x90 CMakeFiles/main.dir/home/jur/pico/pico-sdk/src/rp2_common/pico_stdio_usb/stdio_usb.c.obj
                0x0000000010004ecc                stdio_usb_in_chars
 .text.stdio_usb_out_chars
                0x0000000010004f5c      0x100 CMakeFiles/main.dir/home/jur/pico/pico-sdk/src/rp2_common/pico_stdio_usb/stdio_usb.c.obj
 .text.low_priority_worker_irq
                0x000000001000505c       0xa8 CMakeFiles/main.dir/home/jur/pico/pico-sdk/src/rp2_common/pico_stdio_usb/stdio_usb.c.obj
 .text.tud_cdc_rx_cb
                0x0000000010005104       0x20 CMakeFiles/main.dir/home/jur/pico/pico-sdk/src/rp2_common/pico_stdio_usb/stdio_usb.c.obj
                0x0000000010005104                tud_cdc_rx_cb
 .text.stdio_usb_init
                0x0000000010005124       0xdc CMakeFiles/main.dir/home/jur/pico/pico-sdk/src/rp2_common/pico_stdio_usb/stdio_usb.c.obj
                0x0000000010005124                stdio_usb_init
 .text.tud_descriptor_device_cb
                0x0000000010005200        0x8 CMakeFiles/main.dir/home/jur/pico/pico-sdk/src/rp2_common/pico_stdio_usb/stdio_usb_descriptors.c.obj
                0x0000000010005200                tud_descriptor_device_cb
 .text.tud_descriptor_configuration_cb
                0x0000000010005208        0x8 CMakeFiles/main.dir/home/jur/pico/pico-sdk/src/rp2_common/pico_stdio_usb/stdio_usb_descriptors.c.obj
                0x0000000010005208                tud_descriptor_configuration_cb
 .text.tud_descriptor_string_cb
                0x0000000010005210       0x74 CMakeFiles/main.dir/home/jur/pico/pico-sdk/src/rp2_common/pico_stdio_usb/stdio_usb_descriptors.c.obj
                0x0000000010005210                tud_descriptor_string_cb
 .text.startup._retrieve_unique_id_on_boot
                0x0000000010005284       0x10 CMakeFiles/main.dir/home/jur/pico/pico-sdk/src/rp2_common/pico_unique_id/unique_id.c.obj
 .text.pico_get_unique_board_id_string
                0x0000000010005294      0x1a8 CMakeFiles/main.dir/home/jur/pico/pico-sdk/src/rp2_common/pico_unique_id/unique_id.c.obj
                0x0000000010005294                pico_get_unique_board_id_string
 .text.flash_get_unique_id
                0x000000001000543c       0x40 CMakeFiles/main.dir/home/jur/pico/pico-sdk/src/rp2_common/hardware_flash/flash.c.obj
                0x000000001000543c                flash_get_unique_id
 .text.dcd_int_enable
                0x000000001000547c        0xc CMakeFiles/main.dir/home/jur/pico/pico-sdk/lib/tinyusb/src/portable/raspberrypi/rp2040/dcd_rp2040.c.obj
                0x000000001000547c                dcd_int_enable
 .text.dcd_set_address
                0x0000000010005488       0x14 CMakeFiles/main.dir/home/jur/pico/pico-sdk/lib/tinyusb/src/portable/raspberrypi/rp2040/dcd_rp2040.c.obj
                0x0000000010005488                dcd_set_address
 .text.dcd_connect
                0x000000001000549c       0x10 CMakeFiles/main.dir/home/jur/pico/pico-sdk/lib/tinyusb/src/portable/raspberrypi/rp2040/dcd_rp2040.c.obj
                0x000000001000549c                dcd_connect
 .text.dcd_init
                0x00000000100054ac       0x98 CMakeFiles/main.dir/home/jur/pico/pico-sdk/lib/tinyusb/src/portable/raspberrypi/rp2040/dcd_rp2040.c.obj
                0x00000000100054ac                dcd_init
 .text.dcd_edpt0_status_complete
                0x0000000010005544       0x1c CMakeFiles/main.dir/home/jur/pico/pico-sdk/lib/tinyusb/src/portable/raspberrypi/rp2040/dcd_rp2040.c.obj
                0x0000000010005544                dcd_edpt0_status_complete
 .text.dcd_edpt_open
                0x0000000010005560      0x108 CMakeFiles/main.dir/home/jur/pico/pico-sdk/lib/tinyusb/src/portable/raspberrypi/rp2040/dcd_rp2040.c.obj
                0x0000000010005560                dcd_edpt_open
 .text.dcd_edpt_close_all
                0x0000000010005668        0x8 CMakeFiles/main.dir/home/jur/pico/pico-sdk/lib/tinyusb/src/portable/raspberrypi/rp2040/dcd_rp2040.c.obj
                0x0000000010005668                dcd_edpt_close_all
 .text.dcd_edpt_xfer
                0x0000000010005670       0x24 CMakeFiles/main.dir/home/jur/pico/pico-sdk/lib/tinyusb/src/portable/raspberrypi/rp2040/dcd_rp2040.c.obj
                0x0000000010005670                dcd_edpt_xfer
 .text.dcd_edpt_stall
                0x0000000010005694       0x38 CMakeFiles/main.dir/home/jur/pico/pico-sdk/lib/tinyusb/src/portable/raspberrypi/rp2040/dcd_rp2040.c.obj
                0x0000000010005694                dcd_edpt_stall
 .text.dcd_edpt_clear_stall
                0x00000000100056cc       0x30 CMakeFiles/main.dir/home/jur/pico/pico-sdk/lib/tinyusb/src/portable/raspberrypi/rp2040/dcd_rp2040.c.obj
                0x00000000100056cc                dcd_edpt_clear_stall
 .text.rp2040_usb_init
                0x00000000100056fc       0x4c CMakeFiles/main.dir/home/jur/pico/pico-sdk/lib/tinyusb/src/portable/raspberrypi/rp2040/rp2040_usb.c.obj
                0x00000000100056fc                rp2040_usb_init
 .text.hw_endpoint_xfer_start
                0x0000000010005748       0x50 CMakeFiles/main.dir/home/jur/pico/pico-sdk/lib/tinyusb/src/portable/raspberrypi/rp2040/rp2040_usb.c.obj
                0x0000000010005748                hw_endpoint_xfer_start
 .text.tud_mounted
                0x0000000010005798       0x10 CMakeFiles/main.dir/home/jur/pico/pico-sdk/lib/tinyusb/src/device/usbd.c.obj
                0x0000000010005798                tud_mounted
 .text.tud_suspended
                0x00000000100057a8       0x10 CMakeFiles/main.dir/home/jur/pico/pico-sdk/lib/tinyusb/src/device/usbd.c.obj
                0x00000000100057a8                tud_suspended
 .text.tud_inited
                0x00000000100057b8       0x14 CMakeFiles/main.dir/home/jur/pico/pico-sdk/lib/tinyusb/src/device/usbd.c.obj
                0x00000000100057b8                tud_inited
 .text.tud_init
                0x00000000100057cc       0xe4 CMakeFiles/main.dir/home/jur/pico/pico-sdk/lib/tinyusb/src/device/usbd.c.obj
                0x00000000100057cc                tud_init
 .text.tud_task_ext
                0x00000000100058b0      0x854 CMakeFiles/main.dir/home/jur/pico/pico-sdk/lib/tinyusb/src/device/usbd.c.obj
                0x00000000100058b0                tud_task_ext
 .text.usbd_open_edpt_pair
                0x0000000010006104       0x9c CMakeFiles/main.dir/home/jur/pico/pico-sdk/lib/tinyusb/src/device/usbd.c.obj
                0x0000000010006104                usbd_open_edpt_pair
 .text.usbd_defer_func
                0x00000000100061a0       0x48 CMakeFiles/main.dir/home/jur/pico/pico-sdk/lib/tinyusb/src/device/usbd.c.obj
                0x00000000100061a0                usbd_defer_func
 .text.usbd_edpt_open
                0x00000000100061e8       0x34 CMakeFiles/main.dir/home/jur/pico/pico-sdk/lib/tinyusb/src/device/usbd.c.obj
                0x00000000100061e8                usbd_edpt_open
 .text.usbd_edpt_claim
                0x000000001000621c       0x28 CMakeFiles/main.dir/home/jur/pico/pico-sdk/lib/tinyusb/src/device/usbd.c.obj
                0x000000001000621c                usbd_edpt_claim
 .text.usbd_edpt_release
                0x0000000010006244       0x28 CMakeFiles/main.dir/home/jur/pico/pico-sdk/lib/tinyusb/src/device/usbd.c.obj
                0x0000000010006244                usbd_edpt_release
 .text.usbd_edpt_xfer
                0x000000001000626c       0x4c CMakeFiles/main.dir/home/jur/pico/pico-sdk/lib/tinyusb/src/device/usbd.c.obj
                0x000000001000626c                usbd_edpt_xfer
 .text.tud_control_status
                0x00000000100062b8       0x30 CMakeFiles/main.dir/home/jur/pico/pico-sdk/lib/tinyusb/src/device/usbd_control.c.obj
                0x00000000100062b8                tud_control_status
 .text.tud_control_xfer
                0x00000000100062e8       0xbc CMakeFiles/main.dir/home/jur/pico/pico-sdk/lib/tinyusb/src/device/usbd_control.c.obj
                0x00000000100062e8                tud_control_xfer
 .text.usbd_control_reset
                0x00000000100063a4       0x14 CMakeFiles/main.dir/home/jur/pico/pico-sdk/lib/tinyusb/src/device/usbd_control.c.obj
                0x00000000100063a4                usbd_control_reset
 .text.usbd_control_set_complete_callback
                0x00000000100063b8        0xc CMakeFiles/main.dir/home/jur/pico/pico-sdk/lib/tinyusb/src/device/usbd_control.c.obj
                0x00000000100063b8                usbd_control_set_complete_callback
 .text.usbd_control_set_request
                0x00000000100063c4       0x1c CMakeFiles/main.dir/home/jur/pico/pico-sdk/lib/tinyusb/src/device/usbd_control.c.obj
                0x00000000100063c4                usbd_control_set_request
 .text.usbd_control_xfer_cb
                0x00000000100063e0       0xfc CMakeFiles/main.dir/home/jur/pico/pico-sdk/lib/tinyusb/src/device/usbd_control.c.obj
                0x00000000100063e0                usbd_control_xfer_cb
 .text.tud_cdc_n_connected
                0x00000000100064dc       0x30 CMakeFiles/main.dir/home/jur/pico/pico-sdk/lib/tinyusb/src/class/cdc/cdc_device.c.obj
                0x00000000100064dc                tud_cdc_n_connected
 .text.tud_cdc_n_available
                0x000000001000650c       0x18 CMakeFiles/main.dir/home/jur/pico/pico-sdk/lib/tinyusb/src/class/cdc/cdc_device.c.obj
                0x000000001000650c                tud_cdc_n_available
 .text.tud_cdc_n_read
                0x0000000010006524       0x70 CMakeFiles/main.dir/home/jur/pico/pico-sdk/lib/tinyusb/src/class/cdc/cdc_device.c.obj
                0x0000000010006524                tud_cdc_n_read
 .text.tud_cdc_n_write_flush
                0x0000000010006594       0x78 CMakeFiles/main.dir/home/jur/pico/pico-sdk/lib/tinyusb/src/class/cdc/cdc_device.c.obj
                0x0000000010006594                tud_cdc_n_write_flush
 .text.tud_cdc_n_write
                0x000000001000660c       0x34 CMakeFiles/main.dir/home/jur/pico/pico-sdk/lib/tinyusb/src/class/cdc/cdc_device.c.obj
                0x000000001000660c                tud_cdc_n_write
 .text.tud_cdc_n_write_available
                0x0000000010006640       0x18 CMakeFiles/main.dir/home/jur/pico/pico-sdk/lib/tinyusb/src/class/cdc/cdc_device.c.obj
                0x0000000010006640                tud_cdc_n_write_available
 .text.cdcd_init
                0x0000000010006658       0x7c CMakeFiles/main.dir/home/jur/pico/pico-sdk/lib/tinyusb/src/class/cdc/cdc_device.c.obj
                0x0000000010006658                cdcd_init
 .text.cdcd_reset
                0x00000000100066d4       0x2c CMakeFiles/main.dir/home/jur/pico/pico-sdk/lib/tinyusb/src/class/cdc/cdc_device.c.obj
                0x00000000100066d4                cdcd_reset
 .text.cdcd_open
                0x0000000010006700       0xe8 CMakeFiles/main.dir/home/jur/pico/pico-sdk/lib/tinyusb/src/class/cdc/cdc_device.c.obj
                0x0000000010006700                cdcd_open
 .text.cdcd_control_xfer_cb
                0x00000000100067e8       0xe4 CMakeFiles/main.dir/home/jur/pico/pico-sdk/lib/tinyusb/src/class/cdc/cdc_device.c.obj
                0x00000000100067e8                cdcd_control_xfer_cb
 .text.cdcd_xfer_cb
                0x00000000100068cc      0x148 CMakeFiles/main.dir/home/jur/pico/pico-sdk/lib/tinyusb/src/class/cdc/cdc_device.c.obj
                0x00000000100068cc                cdcd_xfer_cb
 .text.tusb_init
                0x0000000010006a14        0xc CMakeFiles/main.dir/home/jur/pico/pico-sdk/lib/tinyusb/src/tusb.c.obj
                0x0000000010006a14                tusb_init
 .text.tusb_inited
                0x0000000010006a20        0x8 CMakeFiles/main.dir/home/jur/pico/pico-sdk/lib/tinyusb/src/tusb.c.obj
                0x0000000010006a20                tusb_inited
 .text.tu_edpt_claim
                0x0000000010006a28       0x50 CMakeFiles/main.dir/home/jur/pico/pico-sdk/lib/tinyusb/src/tusb.c.obj
                0x0000000010006a28                tu_edpt_claim
 .text.tu_edpt_release
                0x0000000010006a78       0x38 CMakeFiles/main.dir/home/jur/pico/pico-sdk/lib/tinyusb/src/tusb.c.obj
                0x0000000010006a78                tu_edpt_release
 .text.tu_edpt_validate
                0x0000000010006ab0       0x78 CMakeFiles/main.dir/home/jur/pico/pico-sdk/lib/tinyusb/src/tusb.c.obj
                0x0000000010006ab0                tu_edpt_validate
 .text.tu_edpt_bind_driver
                0x0000000010006b28       0x34 CMakeFiles/main.dir/home/jur/pico/pico-sdk/lib/tinyusb/src/tusb.c.obj
                0x0000000010006b28                tu_edpt_bind_driver
 .text.tu_fifo_config
                0x0000000010006b5c       0x70 CMakeFiles/main.dir/home/jur/pico/pico-sdk/lib/tinyusb/src/common/tusb_fifo.c.obj
                0x0000000010006b5c                tu_fifo_config
 .text.tu_fifo_count
                0x0000000010006bcc       0x2c CMakeFiles/main.dir/home/jur/pico/pico-sdk/lib/tinyusb/src/common/tusb_fifo.c.obj
                0x0000000010006bcc                tu_fifo_count
 .text.tu_fifo_empty
                0x0000000010006bf8       0x10 CMakeFiles/main.dir/home/jur/pico/pico-sdk/lib/tinyusb/src/common/tusb_fifo.c.obj
                0x0000000010006bf8                tu_fifo_empty
 .text.tu_fifo_remaining
                0x0000000010006c08       0x2c CMakeFiles/main.dir/home/jur/pico/pico-sdk/lib/tinyusb/src/common/tusb_fifo.c.obj
                0x0000000010006c08                tu_fifo_remaining
 .text.tu_fifo_read
                0x0000000010006c34       0xa0 CMakeFiles/main.dir/home/jur/pico/pico-sdk/lib/tinyusb/src/common/tusb_fifo.c.obj
                0x0000000010006c34                tu_fifo_read
 .text.tu_fifo_read_n
                0x0000000010006cd4       0xec CMakeFiles/main.dir/home/jur/pico/pico-sdk/lib/tinyusb/src/common/tusb_fifo.c.obj
                0x0000000010006cd4                tu_fifo_read_n
 .text.tu_fifo_write
                0x0000000010006dc0       0x88 CMakeFiles/main.dir/home/jur/pico/pico-sdk/lib/tinyusb/src/common/tusb_fifo.c.obj
                0x0000000010006dc0                tu_fifo_write
 .text.tu_fifo_write_n
                0x0000000010006e48      0x168 CMakeFiles/main.dir/home/jur/pico/pico-sdk/lib/tinyusb/src/common/tusb_fifo.c.obj
                0x0000000010006e48                tu_fifo_write_n
 .text.tu_fifo_clear
                0x0000000010006fb0       0x40 CMakeFiles/main.dir/home/jur/pico/pico-sdk/lib/tinyusb/src/common/tusb_fifo.c.obj
                0x0000000010006fb0                tu_fifo_clear
 .text.tu_fifo_set_overwritable
                0x0000000010006ff0       0x48 CMakeFiles/main.dir/home/jur/pico/pico-sdk/lib/tinyusb/src/common/tusb_fifo.c.obj
                0x0000000010006ff0                tu_fifo_set_overwritable
 .text.spi_init
                0x0000000010007038      0x138 CMakeFiles/main.dir/home/jur/pico/pico-sdk/src/rp2_common/hardware_spi/spi.c.obj
                0x0000000010007038                spi_init
 .text.i2c_set_baudrate
                0x0000000010007170       0xc4 CMakeFiles/main.dir/home/jur/pico/pico-sdk/src/rp2_common/hardware_i2c/i2c.c.obj
                0x0000000010007170                i2c_set_baudrate
 .text.i2c_init
                0x0000000010007234       0x54 CMakeFiles/main.dir/home/jur/pico/pico-sdk/src/rp2_common/hardware_i2c/i2c.c.obj
                0x0000000010007234                i2c_init
 .text.i2c_write_blocking
                0x0000000010007288       0xd0 CMakeFiles/main.dir/home/jur/pico/pico-sdk/src/rp2_common/hardware_i2c/i2c.c.obj
                0x0000000010007288                i2c_write_blocking
 .text.i2c_read_blocking
                0x0000000010007358       0xac CMakeFiles/main.dir/home/jur/pico/pico-sdk/src/rp2_common/hardware_i2c/i2c.c.obj
                0x0000000010007358                i2c_read_blocking
 .text.adc_init
                0x0000000010007404       0x38 CMakeFiles/main.dir/home/jur/pico/pico-sdk/src/rp2_common/hardware_adc/adc.c.obj
                0x0000000010007404                adc_init
 .text.Touch_INT_callback
                0x000000001000743c       0x2c examples/libexamples.a(LCD_1in28_test.c.obj)
                0x000000001000743c                Touch_INT_callback
 .text.LCD_1in28_test
                0x0000000010007468      0x610 examples/libexamples.a(LCD_1in28_test.c.obj)
                0x0000000010007468                LCD_1in28_test
 .text.LCD_1IN28_Init
                0x0000000010007a78      0xc10 lib/LCD/libLCD.a(LCD_1in28.c.obj)
                0x0000000010007a78                LCD_1IN28_Init
 .text.LCD_1IN28_SetWindows
                0x0000000010008688       0xd8 lib/LCD/libLCD.a(LCD_1in28.c.obj)
                0x0000000010008688                LCD_1IN28_SetWindows
 .text.LCD_1IN28_Clear
                0x0000000010008760       0x58 lib/LCD/libLCD.a(LCD_1in28.c.obj)
                0x0000000010008760                LCD_1IN28_Clear
 .text.LCD_1IN28_Display
                0x00000000100087b8       0x38 lib/LCD/libLCD.a(LCD_1in28.c.obj)
                0x00000000100087b8                LCD_1IN28_Display
 .text.LCD_1IN28_DisplayWindows
                0x00000000100087f0       0x4c lib/LCD/libLCD.a(LCD_1in28.c.obj)
                0x00000000100087f0                LCD_1IN28_DisplayWindows
 .text.CST816S_init
                0x000000001000883c       0xd4 lib/Touch/libTouch.a(CST816S.c.obj)
                0x000000001000883c                CST816S_init
 .text.CST816S_Get_Point
                0x0000000010008910       0x68 lib/Touch/libTouch.a(CST816S.c.obj)
                0x0000000010008910                CST816S_Get_Point
 .text.CST816S_Get_Gesture
                0x0000000010008978       0x14 lib/Touch/libTouch.a(CST816S.c.obj)
                0x0000000010008978                CST816S_Get_Gesture
 .text.QMI8658_config_acc
                0x000000001000898c       0x98 lib/QMI8658/libQMI8658.a(QMI8658.c.obj)
                0x000000001000898c                QMI8658_config_acc
 .text.QMI8658_config_gyro
                0x0000000010008a24       0xe4 lib/QMI8658/libQMI8658.a(QMI8658.c.obj)
                0x0000000010008a24                QMI8658_config_gyro
 .text.QMI8658_config_ae
                0x0000000010008b08       0x68 lib/QMI8658/libQMI8658.a(QMI8658.c.obj)
                0x0000000010008b08                QMI8658_config_ae
 .text.QMI8658_read_xyz
                0x0000000010008b70      0x134 lib/QMI8658/libQMI8658.a(QMI8658.c.obj)
                0x0000000010008b70                QMI8658_read_xyz
 .text.QMI8658_Config_apply
                0x0000000010008ca4       0xc0 lib/QMI8658/libQMI8658.a(QMI8658.c.obj)
                0x0000000010008ca4                QMI8658_Config_apply
 .text.QMI8658_init
                0x0000000010008d64      0x1b4 lib/QMI8658/libQMI8658.a(QMI8658.c.obj)
                0x0000000010008d64                QMI8658_init
 .text.Paint_SetPixel.part.0
                0x0000000010008f18      0x12c lib/GUI/libGUI.a(GUI_Paint.c.obj)
 .text.Paint_DrawChar.part.0
                0x0000000010009044       0xe8 lib/GUI/libGUI.a(GUI_Paint.c.obj)
 .text.Paint_DrawLine.constprop.0
                0x000000001000912c      0x400 lib/GUI/libGUI.a(GUI_Paint.c.obj)
 .text.Paint_DrawPoint.constprop.0
                0x000000001000952c      0x160 lib/GUI/libGUI.a(GUI_Paint.c.obj)
 .text.Paint_DrawPoint.constprop.1
                0x000000001000968c      0x314 lib/GUI/libGUI.a(GUI_Paint.c.obj)
 .text.Paint_NewImage
                0x00000000100099a0       0x44 lib/GUI/libGUI.a(GUI_Paint.c.obj)
                0x00000000100099a0                Paint_NewImage
 .text.Paint_SetRotate
                0x00000000100099e4       0x20 lib/GUI/libGUI.a(GUI_Paint.c.obj)
                0x00000000100099e4                Paint_SetRotate
 .text.Paint_SetScale
                0x0000000010009a04       0x6c lib/GUI/libGUI.a(GUI_Paint.c.obj)
                0x0000000010009a04                Paint_SetScale
 .text.Paint_Clear
                0x0000000010009a70       0xc4 lib/GUI/libGUI.a(GUI_Paint.c.obj)
                0x0000000010009a70                Paint_Clear
 .text.Paint_DrawPoint
                0x0000000010009b34      0x2e0 lib/GUI/libGUI.a(GUI_Paint.c.obj)
                0x0000000010009b34                Paint_DrawPoint
 .text.Paint_DrawLine
                0x0000000010009e14      0x450 lib/GUI/libGUI.a(GUI_Paint.c.obj)
                0x0000000010009e14                Paint_DrawLine
 .text.Paint_DrawRectangle
                0x000000001000a264      0x128 lib/GUI/libGUI.a(GUI_Paint.c.obj)
                0x000000001000a264                Paint_DrawRectangle
 .text.Paint_DrawCircle
                0x000000001000a38c      0x3b8 lib/GUI/libGUI.a(GUI_Paint.c.obj)
                0x000000001000a38c                Paint_DrawCircle
 .text.Paint_DrawString_EN
                0x000000001000a744       0xa4 lib/GUI/libGUI.a(GUI_Paint.c.obj)
                0x000000001000a744                Paint_DrawString_EN
 .text.Paint_DrawString_CN
                0x000000001000a7e8      0x228 lib/GUI/libGUI.a(GUI_Paint.c.obj)
                0x000000001000a7e8                Paint_DrawString_CN
 .text.Paint_DrawNum
                0x000000001000aa10       0xf0 lib/GUI/libGUI.a(GUI_Paint.c.obj)
                0x000000001000aa10                Paint_DrawNum
 .text.Paint_DrawImage
                0x000000001000ab00       0x98 lib/GUI/libGUI.a(GUI_Paint.c.obj)
                0x000000001000ab00                Paint_DrawImage
 .text.DEV_Delay_ms
                0x000000001000ab98        0x8 lib/Config/libConfig.a(DEV_Config.c.obj)
                0x000000001000ab98                DEV_Delay_ms
 .text.DEV_Digital_Write
                0x000000001000aba0       0x14 lib/Config/libConfig.a(DEV_Config.c.obj)
                0x000000001000aba0                DEV_Digital_Write
 .text.DEV_SPI_WriteByte
                0x000000001000abb4       0x18 lib/Config/libConfig.a(DEV_Config.c.obj)
                0x000000001000abb4                DEV_SPI_WriteByte
 .text.DEV_SPI_Write_nByte
                0x000000001000abcc        0x8 lib/Config/libConfig.a(DEV_Config.c.obj)
                0x000000001000abcc                DEV_SPI_Write_nByte
 .text.DEV_I2C_Write_Byte
                0x000000001000abd4       0x1c lib/Config/libConfig.a(DEV_Config.c.obj)
                0x000000001000abd4                DEV_I2C_Write_Byte
 .text.DEV_I2C_Read_Byte
                0x000000001000abf0       0x34 lib/Config/libConfig.a(DEV_Config.c.obj)
                0x000000001000abf0                DEV_I2C_Read_Byte
 .text.DEV_I2C_Read_nByte
                0x000000001000ac24       0x30 lib/Config/libConfig.a(DEV_Config.c.obj)
                0x000000001000ac24                DEV_I2C_Read_nByte
 .text.DEV_KEY_Config
                0x000000001000ac54       0x20 lib/Config/libConfig.a(DEV_Config.c.obj)
                0x000000001000ac54                DEV_KEY_Config
 .text.DEV_SET_PWM
                0x000000001000ac74       0x40 lib/Config/libConfig.a(DEV_Config.c.obj)
                0x000000001000ac74                DEV_SET_PWM
 .text.DEV_IRQ_SET
                0x000000001000acb4        0xc lib/Config/libConfig.a(DEV_Config.c.obj)
                0x000000001000acb4                DEV_IRQ_SET
 .text.DEV_Module_Init
                0x000000001000acc0      0x128 lib/Config/libConfig.a(DEV_Config.c.obj)
                0x000000001000acc0                DEV_Module_Init
 .text.malloc   0x000000001000ade8       0x14 /opt/gcc-arm-none-eabi-10-2020-q4-major/bin/../lib/gcc/arm-none-eabi/10.2.1/../../../../arm-none-eabi/lib/thumb/v6-m/nofp/libc.a(lib_a-malloc.o)
                0x000000001000ade8                malloc
 .text._malloc_r
                0x000000001000adfc      0x580 /opt/gcc-arm-none-eabi-10-2020-q4-major/bin/../lib/gcc/arm-none-eabi/10.2.1/../../../../arm-none-eabi/lib/thumb/v6-m/nofp/libc.a(lib_a-mallocr.o)
                0x000000001000adfc                _malloc_r
 .text.__malloc_lock
                0x000000001000b37c       0x10 /opt/gcc-arm-none-eabi-10-2020-q4-major/bin/../lib/gcc/arm-none-eabi/10.2.1/../../../../arm-none-eabi/lib/thumb/v6-m/nofp/libc.a(lib_a-mlock.o)
                0x000000001000b37c                __malloc_lock
 .text.__malloc_unlock
                0x000000001000b38c       0x10 /opt/gcc-arm-none-eabi-10-2020-q4-major/bin/../lib/gcc/arm-none-eabi/10.2.1/../../../../arm-none-eabi/lib/thumb/v6-m/nofp/libc.a(lib_a-mlock.o)
                0x000000001000b38c                __malloc_unlock
 .text._sbrk_r  0x000000001000b39c       0x24 /opt/gcc-arm-none-eabi-10-2020-q4-major/bin/../lib/gcc/arm-none-eabi/10.2.1/../../../../arm-none-eabi/lib/thumb/v6-m/nofp/libc.a(lib_a-sbrkr.o)
                0x000000001000b39c                _sbrk_r
 .text.strlen   0x000000001000b3c0       0x5c /opt/gcc-arm-none-eabi-10-2020-q4-major/bin/../lib/gcc/arm-none-eabi/10.2.1/../../../../arm-none-eabi/lib/thumb/v6-m/nofp/libc.a(lib_a-strlen-stub.o)
                0x000000001000b3c0                strlen
 .text._malloc_trim_r
                0x000000001000b41c       0x9c /opt/gcc-arm-none-eabi-10-2020-q4-major/bin/../lib/gcc/arm-none-eabi/10.2.1/../../../../arm-none-eabi/lib/thumb/v6-m/nofp/libc.a(lib_a-freer.o)
                0x000000001000b41c                _malloc_trim_r
 .text._free_r  0x000000001000b4b8      0x1c4 /opt/gcc-arm-none-eabi-10-2020-q4-major/bin/../lib/gcc/arm-none-eabi/10.2.1/../../../../arm-none-eabi/lib/thumb/v6-m/nofp/libc.a(lib_a-freer.o)
                0x000000001000b4b8                _free_r
 .text.__retarget_lock_acquire_recursive
                0x000000001000b67c        0x4 /opt/gcc-arm-none-eabi-10-2020-q4-major/bin/../lib/gcc/arm-none-eabi/10.2.1/../../../../arm-none-eabi/lib/thumb/v6-m/nofp/libc.a(lib_a-lock.o)
                0x000000001000b67c                __retarget_lock_acquire_recursive
 .text.__retarget_lock_release_recursive
                0x000000001000b680        0x4 /opt/gcc-arm-none-eabi-10-2020-q4-major/bin/../lib/gcc/arm-none-eabi/10.2.1/../../../../arm-none-eabi/lib/thumb/v6-m/nofp/libc.a(lib_a-lock.o)
                0x000000001000b680                __retarget_lock_release_recursive
 *(.fini)
 .fini          0x000000001000b684        0x4 /opt/gcc-arm-none-eabi-10-2020-q4-major/bin/../lib/gcc/arm-none-eabi/10.2.1/thumb/v6-m/nofp/crti.o
                0x000000001000b684                _fini
 .fini.__stub   0x000000001000b688       0xe0 linker stubs
 *crtbegin.o(.ctors)
 *crtbegin?.o(.ctors)
 *(EXCLUDE_FILE(*crtend.o *crtend?.o) .ctors)
 *(SORT_BY_NAME(.ctors.*))
 *(.ctors)
 *crtbegin.o(.dtors)
 *crtbegin?.o(.dtors)
 *(EXCLUDE_FILE(*crtend.o *crtend?.o) .dtors)
 *(SORT_BY_NAME(.dtors.*))
 *(.dtors)
 *(.eh_frame*)
 .eh_frame      0x000000001000b768        0x0 /opt/gcc-arm-none-eabi-10-2020-q4-major/bin/../lib/gcc/arm-none-eabi/10.2.1/thumb/v6-m/nofp/crtbegin.o
                0x000000001000b768                . = ALIGN (0x4)

.glue_7         0x000000001000b768        0x0
 .glue_7        0x000000001000b768        0x0 linker stubs

.glue_7t        0x000000001000b768        0x0
 .glue_7t       0x000000001000b768        0x0 linker stubs

.vfp11_veneer   0x000000001000b768        0x0
 .vfp11_veneer  0x000000001000b768        0x0 linker stubs

.v4_bx          0x000000001000b768        0x0
 .v4_bx         0x000000001000b768        0x0 linker stubs

.iplt           0x000000001000b768        0x0
 .iplt          0x000000001000b768        0x0 /opt/gcc-arm-none-eabi-10-2020-q4-major/bin/../lib/gcc/arm-none-eabi/10.2.1/thumb/v6-m/nofp/crtbegin.o

.rodata         0x000000001000b768    0x1fa24
 *(EXCLUDE_FILE(*libm.a: *libc.a:*lib_a-mem*.o *libgcc.a:) .rodata*)
 .rodata.spin_lock_claim_unused.str1.4
                0x000000001000b768       0x1b CMakeFiles/main.dir/home/jur/pico/pico-sdk/src/rp2_common/hardware_sync/sync.c.obj
 *fill*         0x000000001000b783        0x1 
 .rodata.user_irq_claim_unused.str1.4
                0x000000001000b784       0x1b CMakeFiles/main.dir/home/jur/pico/pico-sdk/src/rp2_common/hardware_irq/irq.c.obj
 *fill*         0x000000001000b79f        0x1 
 .rodata.hardware_alarm_claim.str1.4
                0x000000001000b7a0       0x22 CMakeFiles/main.dir/home/jur/pico/pico-sdk/src/rp2_common/hardware_timer/timer.c.obj
 *fill*         0x000000001000b7c2        0x2 
 .rodata.panic.str1.4
                0x000000001000b7c4       0x10 CMakeFiles/main.dir/home/jur/pico/pico-sdk/src/rp2_common/pico_runtime/runtime.c.obj
                                         0x12 (size before relaxing)
 .rodata.hard_assertion_failure.str1.4
                0x000000001000b7d4        0xc CMakeFiles/main.dir/home/jur/pico/pico-sdk/src/rp2_common/pico_runtime/runtime.c.obj
 .rodata._ftoa.str1.4
                0x000000001000b7e0       0x15 CMakeFiles/main.dir/home/jur/pico/pico-sdk/src/rp2_common/pico_printf/printf.c.obj
 *fill*         0x000000001000b7f5        0x3 
 .rodata._vsnprintf
                0x000000001000b7f8      0x1e0 CMakeFiles/main.dir/home/jur/pico/pico-sdk/src/rp2_common/pico_printf/printf.c.obj
 .rodata.pow10.0
                0x000000001000b9d8       0x50 CMakeFiles/main.dir/home/jur/pico/pico-sdk/src/rp2_common/pico_printf/printf.c.obj
 .rodata.__wrap_malloc.str1.4
                0x000000001000ba28        0xe CMakeFiles/main.dir/home/jur/pico/pico-sdk/src/rp2_common/pico_malloc/pico_malloc.c.obj
 *fill*         0x000000001000ba36        0x2 
 .rodata.str1.4
                0x000000001000ba38       0x3c CMakeFiles/main.dir/home/jur/pico/pico-sdk/src/rp2_common/pico_standard_link/binary_info.c.obj
 .rodata.__bi_44
                0x000000001000ba74        0xc CMakeFiles/main.dir/home/jur/pico/pico-sdk/src/rp2_common/pico_standard_link/binary_info.c.obj
 .rodata.__bi_75
                0x000000001000ba80        0xc CMakeFiles/main.dir/home/jur/pico/pico-sdk/src/rp2_common/pico_standard_link/binary_info.c.obj
 .rodata.__bi_81
                0x000000001000ba8c        0xc CMakeFiles/main.dir/home/jur/pico/pico-sdk/src/rp2_common/pico_standard_link/binary_info.c.obj
 .rodata.crlf_str.0
                0x000000001000ba98        0x2 CMakeFiles/main.dir/home/jur/pico/pico-sdk/src/rp2_common/pico_stdio/stdio.c.obj
 *fill*         0x000000001000ba9a        0x2 
 .rodata.str1.4
                0x000000001000ba9c       0x2c CMakeFiles/main.dir/home/jur/pico/pico-sdk/src/rp2_common/pico_stdio_uart/stdio_uart.c.obj
 .rodata.__bi_33.4
                0x000000001000bac8        0xc CMakeFiles/main.dir/home/jur/pico/pico-sdk/src/rp2_common/pico_stdio_uart/stdio_uart.c.obj
 .rodata.__bi_34.5
                0x000000001000bad4        0x8 CMakeFiles/main.dir/home/jur/pico/pico-sdk/src/rp2_common/pico_stdio_uart/stdio_uart.c.obj
 .rodata._resetd_driver
                0x000000001000badc       0x18 CMakeFiles/main.dir/home/jur/pico/pico-sdk/src/rp2_common/pico_stdio_usb/reset_interface.c.obj
 .rodata.str1.4
                0x000000001000baf4       0x13 CMakeFiles/main.dir/home/jur/pico/pico-sdk/src/rp2_common/pico_stdio_usb/stdio_usb.c.obj
 *fill*         0x000000001000bb07        0x1 
 .rodata.__bi_182.0
                0x000000001000bb08        0xc CMakeFiles/main.dir/home/jur/pico/pico-sdk/src/rp2_common/pico_stdio_usb/stdio_usb.c.obj
 .rodata.str1.4
                0x000000001000bb14       0x2a CMakeFiles/main.dir/home/jur/pico/pico-sdk/src/rp2_common/pico_stdio_usb/stdio_usb_descriptors.c.obj
 *fill*         0x000000001000bb3e        0x2 
 .rodata.usbd_desc_cfg
                0x000000001000bb40       0x54 CMakeFiles/main.dir/home/jur/pico/pico-sdk/src/rp2_common/pico_stdio_usb/stdio_usb_descriptors.c.obj
 .rodata.usbd_desc_device
                0x000000001000bb94       0x12 CMakeFiles/main.dir/home/jur/pico/pico-sdk/src/rp2_common/pico_stdio_usb/stdio_usb_descriptors.c.obj
 *fill*         0x000000001000bba6        0x2 
 .rodata.usbd_desc_str
                0x000000001000bba8       0x18 CMakeFiles/main.dir/home/jur/pico/pico-sdk/src/rp2_common/pico_stdio_usb/stdio_usb_descriptors.c.obj
 .rodata.str1.4
                0x000000001000bbc0       0x14 CMakeFiles/main.dir/home/jur/pico/pico-sdk/lib/tinyusb/src/portable/raspberrypi/rp2040/dcd_rp2040.c.obj
 .rodata.str1.4
                0x000000001000bbd4       0x49 CMakeFiles/main.dir/home/jur/pico/pico-sdk/lib/tinyusb/src/portable/raspberrypi/rp2040/rp2040_usb.c.obj
                                         0x53 (size before relaxing)
 *fill*         0x000000001000bc1d        0x3 
 .rodata.tud_task_ext
                0x000000001000bc20       0x8c CMakeFiles/main.dir/home/jur/pico/pico-sdk/lib/tinyusb/src/device/usbd.c.obj
 .rodata._usbd_driver
                0x000000001000bcac       0x18 CMakeFiles/main.dir/home/jur/pico/pico-sdk/lib/tinyusb/src/device/usbd.c.obj
 .rodata.LCD_1in28_test.str1.4
                0x000000001000bcc4      0x190 examples/libexamples.a(LCD_1in28_test.c.obj)
 .rodata.gImage_1inch3_1
                0x000000001000be54    0x1c200 examples/libexamples.a(ImageData.c.obj)
                0x000000001000be54                gImage_1inch3_1
 .rodata.CST816S_init.str1.4
                0x0000000010028054       0x52 lib/Touch/libTouch.a(CST816S.c.obj)
 *fill*         0x00000000100280a6        0x2 
 .rodata.QMI8658_init.str1.4
                0x00000000100280a8      0x152 lib/QMI8658/libQMI8658.a(QMI8658.c.obj)
 *fill*         0x00000000100281fa        0x2 
 .rodata.Paint_DrawLine.constprop.0.str1.4
                0x00000000100281fc       0x49 lib/GUI/libGUI.a(GUI_Paint.c.obj)
 *fill*         0x0000000010028245        0x3 
 .rodata.Paint_DrawNum.str1.4
                0x0000000010028248        0x6 lib/GUI/libGUI.a(GUI_Paint.c.obj)
 *fill*         0x000000001002824e        0x2 
 .rodata        0x0000000010028250      0xbe0 lib/Fonts/libFonts.a(font16.c.obj)
                0x0000000010028250                Font16_Table
 .rodata        0x0000000010028e30      0xed8 lib/Fonts/libFonts.a(font20.c.obj)
                0x0000000010028e30                Font20_Table
 .rodata        0x0000000010029d08     0x1458 lib/Fonts/libFonts.a(font24CN.c.obj)
                0x0000000010029d08                Font24CN_Table
 .rodata.DEV_SET_PWM.str1.4
                0x000000001002b160       0x14 lib/Config/libConfig.a(DEV_Config.c.obj)
 .rodata.DEV_Module_Init.str1.4
                0x000000001002b174       0x15 lib/Config/libConfig.a(DEV_Config.c.obj)
                0x000000001002b18c                . = ALIGN (0x4)
 *fill*         0x000000001002b189        0x3 
 *(SORT_BY_ALIGNMENT(SORT_BY_NAME(.flashdata*)))
                0x000000001002b18c                . = ALIGN (0x4)

.ARM.extab
 *(.ARM.extab* .gnu.linkonce.armextab.*)
                0x000000001002b18c                __exidx_start = .

.ARM.exidx
 *(.ARM.exidx* .gnu.linkonce.armexidx.*)
                0x000000001002b18c                __exidx_end = .
                0x000000001002b18c                . = ALIGN (0x4)
                0x000000001002b18c                __binary_info_start = .

.binary_info    0x000000001002b18c       0x28
 *(.binary_info.keep.*)
 .binary_info.keep.__bi_ptr22
                0x000000001002b18c        0x4 CMakeFiles/main.dir/home/jur/pico/pico-sdk/src/rp2_common/pico_standard_link/binary_info.c.obj
 .binary_info.keep.__bi_ptr30
                0x000000001002b190        0x4 CMakeFiles/main.dir/home/jur/pico/pico-sdk/src/rp2_common/pico_standard_link/binary_info.c.obj
 .binary_info.keep.__bi_ptr38
                0x000000001002b194        0x4 CMakeFiles/main.dir/home/jur/pico/pico-sdk/src/rp2_common/pico_standard_link/binary_info.c.obj
 .binary_info.keep.__bi_ptr44
                0x000000001002b198        0x4 CMakeFiles/main.dir/home/jur/pico/pico-sdk/src/rp2_common/pico_standard_link/binary_info.c.obj
 .binary_info.keep.__bi_ptr50
                0x000000001002b19c        0x4 CMakeFiles/main.dir/home/jur/pico/pico-sdk/src/rp2_common/pico_standard_link/binary_info.c.obj
 .binary_info.keep.__bi_ptr75
                0x000000001002b1a0        0x4 CMakeFiles/main.dir/home/jur/pico/pico-sdk/src/rp2_common/pico_standard_link/binary_info.c.obj
 .binary_info.keep.__bi_ptr81
                0x000000001002b1a4        0x4 CMakeFiles/main.dir/home/jur/pico/pico-sdk/src/rp2_common/pico_standard_link/binary_info.c.obj
 *(.binary_info.*)
 .binary_info.__bi_ptr33
                0x000000001002b1a8        0x4 CMakeFiles/main.dir/home/jur/pico/pico-sdk/src/rp2_common/pico_stdio_uart/stdio_uart.c.obj
 .binary_info.__bi_ptr34
                0x000000001002b1ac        0x4 CMakeFiles/main.dir/home/jur/pico/pico-sdk/src/rp2_common/pico_stdio_uart/stdio_uart.c.obj
 .binary_info.__bi_ptr182
                0x000000001002b1b0        0x4 CMakeFiles/main.dir/home/jur/pico/pico-sdk/src/rp2_common/pico_stdio_usb/stdio_usb.c.obj
                0x000000001002b1b4                __binary_info_end = .

.rel.dyn        0x000000001002b1b4        0x0
 .rel.iplt      0x000000001002b1b4        0x0 /opt/gcc-arm-none-eabi-10-2020-q4-major/bin/../lib/gcc/arm-none-eabi/10.2.1/thumb/v6-m/nofp/crtbegin.o
                0x000000001002b1b4                . = ALIGN (0x4)

.ram_vector_table
                0x0000000020000000       0xc0
 *(.ram_vector_table)
 .ram_vector_table
                0x0000000020000000       0xc0 CMakeFiles/main.dir/home/jur/pico/pico-sdk/src/rp2_common/pico_runtime/runtime.c.obj
                0x0000000020000000                ram_vector_table

.data           0x00000000200000c0     0x1728 load address 0x000000001002b1b4
                0x00000000200000c0                __data_start__ = .
 *(vtable)
 *(.time_critical*)
 .time_critical.mutex_try_enter
                0x00000000200000c0       0x44 CMakeFiles/main.dir/home/jur/pico/pico-sdk/src/common/pico_sync/mutex.c.obj
                0x00000000200000c0                mutex_try_enter
 .time_critical.mutex_try_enter_block_until
                0x0000000020000104       0x9c CMakeFiles/main.dir/home/jur/pico/pico-sdk/src/common/pico_sync/mutex.c.obj
                0x0000000020000104                mutex_try_enter_block_until
 .time_critical.mutex_enter_timeout_ms
                0x00000000200001a0       0x90 CMakeFiles/main.dir/home/jur/pico/pico-sdk/src/common/pico_sync/mutex.c.obj
                0x00000000200001a0                mutex_enter_timeout_ms
 .time_critical.mutex_exit
                0x0000000020000230       0x28 CMakeFiles/main.dir/home/jur/pico/pico-sdk/src/common/pico_sync/mutex.c.obj
                0x0000000020000230                mutex_exit
 .time_critical.flash_init_boot2_copyout
                0x0000000020000258       0x30 CMakeFiles/main.dir/home/jur/pico/pico-sdk/src/rp2_common/hardware_flash/flash.c.obj
 .time_critical.flash_enable_xip_via_boot2
                0x0000000020000288       0x10 CMakeFiles/main.dir/home/jur/pico/pico-sdk/src/rp2_common/hardware_flash/flash.c.obj
 .time_critical.flash_cs_force
                0x0000000020000298       0x38 CMakeFiles/main.dir/home/jur/pico/pico-sdk/src/rp2_common/hardware_flash/flash.c.obj
 .time_critical.flash_do_cmd
                0x00000000200002d0       0xc4 CMakeFiles/main.dir/home/jur/pico/pico-sdk/src/rp2_common/hardware_flash/flash.c.obj
                0x00000000200002d0                flash_do_cmd
 .time_critical.reset_non_control_endpoints
                0x0000000020000394       0xbc CMakeFiles/main.dir/home/jur/pico/pico-sdk/lib/tinyusb/src/portable/raspberrypi/rp2040/dcd_rp2040.c.obj
 .time_critical.hw_handle_buff_status
                0x0000000020000450       0xa8 CMakeFiles/main.dir/home/jur/pico/pico-sdk/lib/tinyusb/src/portable/raspberrypi/rp2040/dcd_rp2040.c.obj
 .time_critical.dcd_rp2040_irq
                0x00000000200004f8      0x4d8 CMakeFiles/main.dir/home/jur/pico/pico-sdk/lib/tinyusb/src/portable/raspberrypi/rp2040/dcd_rp2040.c.obj
 .time_critical.e15_is_bulkin_ep
                0x00000000200009d0       0x28 CMakeFiles/main.dir/home/jur/pico/pico-sdk/lib/tinyusb/src/portable/raspberrypi/rp2040/rp2040_usb.c.obj
 .time_critical.e15_is_critical_frame_period
                0x00000000200009f8       0x34 CMakeFiles/main.dir/home/jur/pico/pico-sdk/lib/tinyusb/src/portable/raspberrypi/rp2040/rp2040_usb.c.obj
 .time_critical.prepare_ep_buffer
                0x0000000020000a2c       0x70 CMakeFiles/main.dir/home/jur/pico/pico-sdk/lib/tinyusb/src/portable/raspberrypi/rp2040/rp2040_usb.c.obj
 .time_critical.sync_ep_buffer
                0x0000000020000a9c       0x4c CMakeFiles/main.dir/home/jur/pico/pico-sdk/lib/tinyusb/src/portable/raspberrypi/rp2040/rp2040_usb.c.obj
 .time_critical._hw_endpoint_xfer_sync
                0x0000000020000ae8       0x28 CMakeFiles/main.dir/home/jur/pico/pico-sdk/lib/tinyusb/src/portable/raspberrypi/rp2040/rp2040_usb.c.obj
 .time_critical.hw_endpoint_reset_transfer
                0x0000000020000b10        0xc CMakeFiles/main.dir/home/jur/pico/pico-sdk/lib/tinyusb/src/portable/raspberrypi/rp2040/rp2040_usb.c.obj
                0x0000000020000b10                hw_endpoint_reset_transfer
 .time_critical._hw_endpoint_buffer_control_update32
                0x0000000020000b1c       0x58 CMakeFiles/main.dir/home/jur/pico/pico-sdk/lib/tinyusb/src/portable/raspberrypi/rp2040/rp2040_usb.c.obj
                0x0000000020000b1c                _hw_endpoint_buffer_control_update32
 .time_critical.hw_endpoint_start_next_buffer
                0x0000000020000b74       0x6c CMakeFiles/main.dir/home/jur/pico/pico-sdk/lib/tinyusb/src/portable/raspberrypi/rp2040/rp2040_usb.c.obj
                0x0000000020000b74                hw_endpoint_start_next_buffer
 .time_critical.hw_endpoint_xfer_continue
                0x0000000020000be0       0x50 CMakeFiles/main.dir/home/jur/pico/pico-sdk/lib/tinyusb/src/portable/raspberrypi/rp2040/rp2040_usb.c.obj
                0x0000000020000be0                hw_endpoint_xfer_continue
 .time_critical.tinyusb
                0x0000000020000c30      0x170 CMakeFiles/main.dir/home/jur/pico/pico-sdk/lib/tinyusb/src/device/usbd.c.obj
                0x0000000020000c30                dcd_event_handler
 .time_critical.spi_write_blocking
                0x0000000020000da0       0x4c CMakeFiles/main.dir/home/jur/pico/pico-sdk/src/rp2_common/hardware_spi/spi.c.obj
                0x0000000020000da0                spi_write_blocking
 *(.text*)
 .text          0x0000000020000dec        0x4 /opt/gcc-arm-none-eabi-10-2020-q4-major/bin/../lib/gcc/arm-none-eabi/10.2.1/thumb/v6-m/nofp/libgcc.a(_dvmd_tls.o)
                0x0000000020000dec                __aeabi_ldiv0
                0x0000000020000dec                __aeabi_idiv0
 .text.__stub   0x0000000020000df0       0x70 linker stubs
                0x0000000020000e60                . = ALIGN (0x4)
 *(.rodata*)
                0x0000000020000e60                . = ALIGN (0x4)
 *(.data*)
 .data.striped_spin_lock_num
                0x0000000020000e60        0x1 CMakeFiles/main.dir/home/jur/pico/pico-sdk/src/rp2_common/hardware_sync/sync.c.obj
 *fill*         0x0000000020000e61        0x3 
 .data          0x0000000020000e64       0x48 CMakeFiles/main.dir/home/jur/pico/pico-sdk/src/rp2_common/hardware_irq/irq_handler_chain.S.obj
                0x0000000020000e64                irq_handler_chain_slots
                0x0000000020000e94                irq_handler_chain_first_slot
                0x0000000020000e9e                irq_handler_chain_remove_tail
 .data.default_alarm_pool
                0x0000000020000eac       0x18 CMakeFiles/main.dir/home/jur/pico/pico-sdk/src/common/pico_time/time.c.obj
 .data.default_alarm_pool_heap
                0x0000000020000ec4       0x10 CMakeFiles/main.dir/home/jur/pico/pico-sdk/src/common/pico_time/time.c.obj
 *fill*         0x0000000020000ed4        0xc 
 .data.aeabi_bits_funcs
                0x0000000020000ee0       0x10 CMakeFiles/main.dir/home/jur/pico/pico-sdk/src/rp2_common/pico_bit_ops/bit_ops_aeabi.S.obj
                0x0000000020000ee0                aeabi_bits_funcs
                0x0000000020000ef0                aeabi_bits_funcs_end
 .data.aeabi_mem_funcs
                0x0000000020000ef0       0x10 CMakeFiles/main.dir/home/jur/pico/pico-sdk/src/rp2_common/pico_mem_ops/mem_ops_aeabi.S.obj
                0x0000000020000ef0                aeabi_mem_funcs
                0x0000000020000f00                aeabi_mem_funcs_end
 .data.stdio_uart
                0x0000000020000f00       0x18 CMakeFiles/main.dir/home/jur/pico/pico-sdk/src/rp2_common/pico_stdio_uart/stdio_uart.c.obj
                0x0000000020000f00                stdio_uart
 .data.stdio_usb
                0x0000000020000f18       0x18 CMakeFiles/main.dir/home/jur/pico/pico-sdk/src/rp2_common/pico_stdio_usb/stdio_usb.c.obj
                0x0000000020000f18                stdio_usb
 .data.ep_dir_string
                0x0000000020000f30        0x8 CMakeFiles/main.dir/home/jur/pico/pico-sdk/lib/tinyusb/src/portable/raspberrypi/rp2040/rp2040_usb.c.obj
                0x0000000020000f30                ep_dir_string
 .data._usbd_qdef
                0x0000000020000f38       0x1c CMakeFiles/main.dir/home/jur/pico/pico-sdk/lib/tinyusb/src/device/usbd.c.obj
                0x0000000020000f38                _usbd_qdef
 .data._usbd_rhport
                0x0000000020000f54        0x1 CMakeFiles/main.dir/home/jur/pico/pico-sdk/lib/tinyusb/src/device/usbd.c.obj
 *fill*         0x0000000020000f55        0x3 
 .data.i2c0_inst
                0x0000000020000f58        0x8 CMakeFiles/main.dir/home/jur/pico/pico-sdk/src/rp2_common/hardware_i2c/i2c.c.obj
                0x0000000020000f58                i2c0_inst
 .data.i2c1_inst
                0x0000000020000f60        0x8 CMakeFiles/main.dir/home/jur/pico/pico-sdk/src/rp2_common/hardware_i2c/i2c.c.obj
                0x0000000020000f60                i2c1_inst
 .data.QMI8658_slave_addr
                0x0000000020000f68        0x1 lib/QMI8658/libQMI8658.a(QMI8658.c.obj)
 *fill*         0x0000000020000f69        0x3 
 .data          0x0000000020000f6c        0x8 lib/Fonts/libFonts.a(font16.c.obj)
                0x0000000020000f6c                Font16
 .data          0x0000000020000f74        0x8 lib/Fonts/libFonts.a(font20.c.obj)
                0x0000000020000f74                Font20
 .data          0x0000000020000f7c        0xc lib/Fonts/libFonts.a(font24CN.c.obj)
                0x0000000020000f7c                Font24CN
 .data._impure_ptr
                0x0000000020000f88        0x4 /opt/gcc-arm-none-eabi-10-2020-q4-major/bin/../lib/gcc/arm-none-eabi/10.2.1/../../../../arm-none-eabi/lib/thumb/v6-m/nofp/libc.a(lib_a-impure.o)
                0x0000000020000f88                _impure_ptr
 *fill*         0x0000000020000f8c        0x4 
 .data.impure_data
                0x0000000020000f90      0x428 /opt/gcc-arm-none-eabi-10-2020-q4-major/bin/../lib/gcc/arm-none-eabi/10.2.1/../../../../arm-none-eabi/lib/thumb/v6-m/nofp/libc.a(lib_a-impure.o)
 .data.__malloc_av_
                0x00000000200013b8      0x408 /opt/gcc-arm-none-eabi-10-2020-q4-major/bin/../lib/gcc/arm-none-eabi/10.2.1/../../../../arm-none-eabi/lib/thumb/v6-m/nofp/libc.a(lib_a-mallocr.o)
                0x00000000200013b8                __malloc_av_
 .data.__malloc_sbrk_base
                0x00000000200017c0        0x4 /opt/gcc-arm-none-eabi-10-2020-q4-major/bin/../lib/gcc/arm-none-eabi/10.2.1/../../../../arm-none-eabi/lib/thumb/v6-m/nofp/libc.a(lib_a-mallocr.o)
                0x00000000200017c0                __malloc_sbrk_base
 .data.__malloc_trim_threshold
                0x00000000200017c4        0x4 /opt/gcc-arm-none-eabi-10-2020-q4-major/bin/../lib/gcc/arm-none-eabi/10.2.1/../../../../arm-none-eabi/lib/thumb/v6-m/nofp/libc.a(lib_a-mallocr.o)
                0x00000000200017c4                __malloc_trim_threshold
                0x00000000200017c8                . = ALIGN (0x4)
 *(.after_data.*)
                0x00000000200017c8                . = ALIGN (0x4)
                0x00000000200017c8                PROVIDE (__mutex_array_start = .)
 *(SORT_BY_NAME(.mutex_array.*))
 *(.mutex_array)
 .mutex_array   0x00000000200017c8        0x8 CMakeFiles/main.dir/home/jur/pico/pico-sdk/src/rp2_common/pico_stdio/stdio.c.obj
                0x00000000200017d0                PROVIDE (__mutex_array_end = .)
                0x00000000200017d0                . = ALIGN (0x4)
                0x00000000200017d0                PROVIDE (__preinit_array_start = .)
 *(SORT_BY_NAME(.preinit_array.*))
 .preinit_array.00001
                0x00000000200017d0        0x4 CMakeFiles/main.dir/home/jur/pico/pico-sdk/src/rp2_common/pico_mem_ops/mem_ops_aeabi.S.obj
 .preinit_array.00010
                0x00000000200017d4        0x4 CMakeFiles/main.dir/home/jur/pico/pico-sdk/src/rp2_common/pico_bit_ops/bit_ops_aeabi.S.obj
 .preinit_array.00020
                0x00000000200017d8        0x4 CMakeFiles/main.dir/home/jur/pico/pico-sdk/src/rp2_common/pico_double/double_aeabi.S.obj
 .preinit_array.00020
                0x00000000200017dc        0x4 CMakeFiles/main.dir/home/jur/pico/pico-sdk/src/rp2_common/pico_float/float_aeabi.S.obj
 *(.preinit_array)
                0x00000000200017e0                PROVIDE (__preinit_array_end = .)
                0x00000000200017e0                . = ALIGN (0x4)
                0x00000000200017e0                PROVIDE (__init_array_start = .)
 *(SORT_BY_NAME(.init_array.*))
 *(.init_array)
 .init_array    0x00000000200017e0        0x4 /opt/gcc-arm-none-eabi-10-2020-q4-major/bin/../lib/gcc/arm-none-eabi/10.2.1/thumb/v6-m/nofp/crtbegin.o
 .init_array    0x00000000200017e4        0x4 CMakeFiles/main.dir/home/jur/pico/pico-sdk/src/rp2_common/pico_unique_id/unique_id.c.obj
                0x00000000200017e8                PROVIDE (__init_array_end = .)
                0x00000000200017e8                . = ALIGN (0x4)
                [!provide]                        PROVIDE (__fini_array_start = .)
 *(SORT_BY_NAME(.fini_array.*))
 *(.fini_array)
                [!provide]                        PROVIDE (__fini_array_end = .)
 *(.jcr)
                0x00000000200017e8                . = ALIGN (0x4)
                0x00000000200017e8                __data_end__ = .
                0x000000001002b1b4                __etext = LOADADDR (.data)

.igot.plt       0x00000000200017e8        0x0 load address 0x000000001002c8dc
 .igot.plt      0x00000000200017e8        0x0 /opt/gcc-arm-none-eabi-10-2020-q4-major/bin/../lib/gcc/arm-none-eabi/10.2.1/thumb/v6-m/nofp/crtbegin.o

.uninitialized_data
                0x00000000200017e8        0x0 load address 0x000000001002c8dc
                0x00000000200017e8                . = ALIGN (0x4)
 *(.uninitialized_data*)

.scratch_x      0x0000000020040000        0x0 load address 0x000000001002c8dc
                0x0000000020040000                __scratch_x_start__ = .
 *(.scratch_x.*)
                0x0000000020040000                . = ALIGN (0x4)
                0x0000000020040000                __scratch_x_end__ = .
                0x000000001002c8dc                __scratch_x_source__ = LOADADDR (.scratch_x)

.scratch_y      0x0000000020041000        0x0 load address 0x000000001002c8dc
                0x0000000020041000                __scratch_y_start__ = .
 *(.scratch_y.*)
                0x0000000020041000                . = ALIGN (0x4)
                0x0000000020041000                __scratch_y_end__ = .
                0x000000001002c8dc                __scratch_y_source__ = LOADADDR (.scratch_y)

.bss            0x00000000200017e8      0xe28
                0x00000000200017e8                . = ALIGN (0x4)
                0x00000000200017e8                __bss_start__ = .
 *(SORT_BY_ALIGNMENT(SORT_BY_NAME(.bss*)))
 .bss.default_alarm_pool_entries
                0x00000000200017e8      0x100 CMakeFiles/main.dir/home/jur/pico/pico-sdk/src/common/pico_time/time.c.obj
 .bss.last_avail_time.1
                0x00000000200018e8        0x8 CMakeFiles/main.dir/home/jur/pico/pico-sdk/src/rp2_common/pico_stdio_usb/stdio_usb.c.obj
 .bss.sd_table  0x00000000200018f0      0x100 CMakeFiles/main.dir/home/jur/pico/pico-sdk/src/rp2_common/pico_double/double_init_rom.c.obj
                0x00000000200018f0                sd_table
 .bss.sf_table  0x00000000200019f0      0x100 CMakeFiles/main.dir/home/jur/pico/pico-sdk/src/rp2_common/pico_float/float_init_rom.c.obj
                0x00000000200019f0                sf_table
 .bss           0x0000000020001af0       0x1c /opt/gcc-arm-none-eabi-10-2020-q4-major/bin/../lib/gcc/arm-none-eabi/10.2.1/thumb/v6-m/nofp/crtbegin.o
 .bss.LCD_1IN28
                0x0000000020001b0c        0x6 lib/LCD/libLCD.a(LCD_1in28.c.obj)
                0x0000000020001b0c                LCD_1IN28
 *fill*         0x0000000020001b12        0x2 
 .bss.Paint     0x0000000020001b14       0x18 lib/GUI/libGUI.a(GUI_Paint.c.obj)
                0x0000000020001b14                Paint
 .bss.QMI8658_config
                0x0000000020001b2c        0x8 lib/QMI8658/libQMI8658.a(QMI8658.c.obj)
 .bss.Touch_CTS816
                0x0000000020001b34        0x6 lib/Touch/libTouch.a(CST816S.c.obj)
                0x0000000020001b34                Touch_CTS816
 *fill*         0x0000000020001b3a        0x2 
 .bss.__lock___malloc_recursive_mutex
                0x0000000020001b3c        0x1 /opt/gcc-arm-none-eabi-10-2020-q4-major/bin/../lib/gcc/arm-none-eabi/10.2.1/../../../../arm-none-eabi/lib/thumb/v6-m/nofp/libc.a(lib_a-lock.o)
                0x0000000020001b3c                __lock___malloc_recursive_mutex
 *fill*         0x0000000020001b3d        0x3 
 .bss.__malloc_current_mallinfo
                0x0000000020001b40       0x28 /opt/gcc-arm-none-eabi-10-2020-q4-major/bin/../lib/gcc/arm-none-eabi/10.2.1/../../../../arm-none-eabi/lib/thumb/v6-m/nofp/libc.a(lib_a-mallocr.o)
                0x0000000020001b40                __malloc_current_mallinfo
 .bss.__malloc_max_sbrked_mem
                0x0000000020001b68        0x4 /opt/gcc-arm-none-eabi-10-2020-q4-major/bin/../lib/gcc/arm-none-eabi/10.2.1/../../../../arm-none-eabi/lib/thumb/v6-m/nofp/libc.a(lib_a-mallocr.o)
                0x0000000020001b68                __malloc_max_sbrked_mem
 .bss.__malloc_max_total_mem
                0x0000000020001b6c        0x4 /opt/gcc-arm-none-eabi-10-2020-q4-major/bin/../lib/gcc/arm-none-eabi/10.2.1/../../../../arm-none-eabi/lib/thumb/v6-m/nofp/libc.a(lib_a-mallocr.o)
                0x0000000020001b6c                __malloc_max_total_mem
 .bss.__malloc_top_pad
                0x0000000020001b70        0x4 /opt/gcc-arm-none-eabi-10-2020-q4-major/bin/../lib/gcc/arm-none-eabi/10.2.1/../../../../arm-none-eabi/lib/thumb/v6-m/nofp/libc.a(lib_a-mallocr.o)
                0x0000000020001b70                __malloc_top_pad
 .bss._app_driver
                0x0000000020001b74        0x4 CMakeFiles/main.dir/home/jur/pico/pico-sdk/lib/tinyusb/src/device/usbd.c.obj
 .bss._cdcd_itf
                0x0000000020001b78      0x2c8 CMakeFiles/main.dir/home/jur/pico/pico-sdk/lib/tinyusb/src/class/cdc/cdc_device.c.obj
 .bss._ctrl_xfer
                0x0000000020001e40       0x14 CMakeFiles/main.dir/home/jur/pico/pico-sdk/lib/tinyusb/src/device/usbd_control.c.obj
 .bss._ubsd_mutexdef
                0x0000000020001e54        0x8 CMakeFiles/main.dir/home/jur/pico/pico-sdk/lib/tinyusb/src/device/usbd.c.obj
 .bss._usbd_ctrl_buf
                0x0000000020001e5c       0x40 CMakeFiles/main.dir/home/jur/pico/pico-sdk/lib/tinyusb/src/device/usbd_control.c.obj
 .bss._usbd_dev
                0x0000000020001e9c       0x53 CMakeFiles/main.dir/home/jur/pico/pico-sdk/lib/tinyusb/src/device/usbd.c.obj
 *fill*         0x0000000020001eef        0x1 
 .bss._usbd_mutex
                0x0000000020001ef0        0x4 CMakeFiles/main.dir/home/jur/pico/pico-sdk/lib/tinyusb/src/device/usbd.c.obj
 .bss._usbd_q   0x0000000020001ef4        0x4 CMakeFiles/main.dir/home/jur/pico/pico-sdk/lib/tinyusb/src/device/usbd.c.obj
 .bss._usbd_qdef_buf
                0x0000000020001ef8       0xc0 CMakeFiles/main.dir/home/jur/pico/pico-sdk/lib/tinyusb/src/device/usbd.c.obj
                0x0000000020001ef8                _usbd_qdef_buf
 .bss.alarm_callbacks
                0x0000000020001fb8       0x10 CMakeFiles/main.dir/home/jur/pico/pico-sdk/src/rp2_common/hardware_timer/timer.c.obj
 .bss.boot2_copyout
                0x0000000020001fc8      0x100 CMakeFiles/main.dir/home/jur/pico/pico-sdk/src/rp2_common/hardware_flash/flash.c.obj
 .bss.callbacks
                0x00000000200020c8        0x8 CMakeFiles/main.dir/home/jur/pico/pico-sdk/src/rp2_common/hardware_gpio/gpio.c.obj
 .bss.chars_available_callback
                0x00000000200020d0        0x4 CMakeFiles/main.dir/home/jur/pico/pico-sdk/src/rp2_common/pico_stdio_uart/stdio_uart.c.obj
 .bss.chars_available_callback
                0x00000000200020d4        0x4 CMakeFiles/main.dir/home/jur/pico/pico-sdk/src/rp2_common/pico_stdio_usb/stdio_usb.c.obj
 .bss.chars_available_param
                0x00000000200020d8        0x4 CMakeFiles/main.dir/home/jur/pico/pico-sdk/src/rp2_common/pico_stdio_uart/stdio_uart.c.obj
 .bss.chars_available_param
                0x00000000200020dc        0x4 CMakeFiles/main.dir/home/jur/pico/pico-sdk/src/rp2_common/pico_stdio_usb/stdio_usb.c.obj
 .bss.claimed   0x00000000200020e0        0x4 CMakeFiles/main.dir/home/jur/pico/pico-sdk/src/rp2_common/hardware_sync/sync.c.obj
 .bss.configured_freq
                0x00000000200020e4       0x28 CMakeFiles/main.dir/home/jur/pico/pico-sdk/src/rp2_common/hardware_clocks/clocks.c.obj
 .bss.default_alarm_pool_entry_ids_high
                0x000000002000210c       0x10 CMakeFiles/main.dir/home/jur/pico/pico-sdk/src/common/pico_time/time.c.obj
 .bss.default_alarm_pool_heap_nodes
                0x000000002000211c       0x30 CMakeFiles/main.dir/home/jur/pico/pico-sdk/src/common/pico_time/time.c.obj
 .bss.desc_str.0
                0x000000002000214c       0x28 CMakeFiles/main.dir/home/jur/pico/pico-sdk/src/rp2_common/pico_stdio_usb/stdio_usb_descriptors.c.obj