Archive member included to satisfy reference by file (symbol)

freeWatch/libfreewatch.a(GPS.c.obj)
                              CMakeFiles/main.dir/main.c.obj (GPS_init)
freeWatch/libfreewatch.a(buttons.c.obj)
                              CMakeFiles/main.dir/main.c.obj (BUTTONS_get_events)
freeWatch/libfreewatch.a(colors.c.obj)
                              CMakeFiles/main.dir/main.c.obj (COLORS_get_565_from_888)
freeWatch/libfreewatch.a(ext_i2c.c.obj)
                              CMakeFiles/main.dir/main.c.obj (EXT_I2C_init)
freeWatch/libfreewatch.a(information.c.obj)
                              freeWatch/libfreewatch.a(GPS.c.obj) (INFORMATION_set)
freeWatch/libfreewatch.a(mcp23008.c.obj)
                              CMakeFiles/main.dir/main.c.obj (MCP23008_init)
freeWatch/libfreewatch.a(minmea.c.obj)
                              freeWatch/libfreewatch.a(GPS.c.obj) (minmea_sentence_id)
freeWatch/libfreewatch.a(rtc.c.obj)
                              CMakeFiles/main.dir/main.c.obj (RTC_init)
freeWatch/libfreewatch.a(screens.c.obj)
                              CMakeFiles/main.dir/main.c.obj (SCREENS_debug)
lib/LCD/libLCD.a(LCD_1in28.c.obj)
                              CMakeFiles/main.dir/main.c.obj (LCD_1IN28_Init)
lib/GUI/libGUI.a(GUI_Paint.c.obj)
                              CMakeFiles/main.dir/main.c.obj (Paint_NewImage)
lib/Fonts/libFonts.a(font12.c.obj)
                              freeWatch/libfreewatch.a(screens.c.obj) (Font12)
lib/Config/libConfig.a(DEV_Config.c.obj)
                              freeWatch/libfreewatch.a(ext_i2c.c.obj) (DEV_Delay_ms)
/usr/lib/gcc/arm-none-eabi/10.3.1/thumb/v6-m/nofp/libgcc.a(_dvmd_tls.o)
                              CMakeFiles/main.dir/root/pico/pico-sdk/src/rp2_common/pico_divider/divider.S.obj (__aeabi_idiv0)
/usr/lib/gcc/arm-none-eabi/10.3.1/../../../arm-none-eabi/lib/thumb/v6-m/nofp/libc.a(lib_a-atexit.o)
                              /usr/lib/gcc/arm-none-eabi/10.3.1/../../../arm-none-eabi/lib/thumb/v6-m/nofp/crt0.o (atexit)
/usr/lib/gcc/arm-none-eabi/10.3.1/../../../arm-none-eabi/lib/thumb/v6-m/nofp/libc.a(lib_a-calloc.o)
                              CMakeFiles/main.dir/root/pico/pico-sdk/src/rp2_common/pico_malloc/pico_malloc.c.obj (calloc)
/usr/lib/gcc/arm-none-eabi/10.3.1/../../../arm-none-eabi/lib/thumb/v6-m/nofp/libc.a(lib_a-callocr.o)
                              /usr/lib/gcc/arm-none-eabi/10.3.1/../../../arm-none-eabi/lib/thumb/v6-m/nofp/libc.a(lib_a-calloc.o) (_calloc_r)
/usr/lib/gcc/arm-none-eabi/10.3.1/../../../arm-none-eabi/lib/thumb/v6-m/nofp/libc.a(lib_a-ctype_.o)
                              freeWatch/libfreewatch.a(minmea.c.obj) (_ctype_)
/usr/lib/gcc/arm-none-eabi/10.3.1/../../../arm-none-eabi/lib/thumb/v6-m/nofp/libc.a(lib_a-fini.o)
                              /usr/lib/gcc/arm-none-eabi/10.3.1/../../../arm-none-eabi/lib/thumb/v6-m/nofp/crt0.o (__libc_fini_array)
/usr/lib/gcc/arm-none-eabi/10.3.1/../../../arm-none-eabi/lib/thumb/v6-m/nofp/libc.a(lib_a-impure.o)
                              /usr/lib/gcc/arm-none-eabi/10.3.1/../../../arm-none-eabi/lib/thumb/v6-m/nofp/libc.a(lib_a-calloc.o) (_impure_ptr)
/usr/lib/gcc/arm-none-eabi/10.3.1/../../../arm-none-eabi/lib/thumb/v6-m/nofp/libc.a(lib_a-init.o)
                              /usr/lib/gcc/arm-none-eabi/10.3.1/../../../arm-none-eabi/lib/thumb/v6-m/nofp/crt0.o (__libc_init_array)
/usr/lib/gcc/arm-none-eabi/10.3.1/../../../arm-none-eabi/lib/thumb/v6-m/nofp/libc.a(lib_a-malloc.o)
                              CMakeFiles/main.dir/root/pico/pico-sdk/src/rp2_common/pico_malloc/pico_malloc.c.obj (malloc)
/usr/lib/gcc/arm-none-eabi/10.3.1/../../../arm-none-eabi/lib/thumb/v6-m/nofp/libc.a(lib_a-mallocr.o)
                              /usr/lib/gcc/arm-none-eabi/10.3.1/../../../arm-none-eabi/lib/thumb/v6-m/nofp/libc.a(lib_a-callocr.o) (_malloc_r)
/usr/lib/gcc/arm-none-eabi/10.3.1/../../../arm-none-eabi/lib/thumb/v6-m/nofp/libc.a(lib_a-mktime.o)
                              freeWatch/libfreewatch.a(minmea.c.obj) (mktime)
/usr/lib/gcc/arm-none-eabi/10.3.1/../../../arm-none-eabi/lib/thumb/v6-m/nofp/libc.a(lib_a-mlock.o)
                              /usr/lib/gcc/arm-none-eabi/10.3.1/../../../arm-none-eabi/lib/thumb/v6-m/nofp/libc.a(lib_a-mallocr.o) (__malloc_lock)
/usr/lib/gcc/arm-none-eabi/10.3.1/../../../arm-none-eabi/lib/thumb/v6-m/nofp/libc.a(lib_a-realloc.o)
                              CMakeFiles/main.dir/root/pico/pico-sdk/src/rp2_common/pico_malloc/pico_malloc.c.obj (realloc)
/usr/lib/gcc/arm-none-eabi/10.3.1/../../../arm-none-eabi/lib/thumb/v6-m/nofp/libc.a(lib_a-reallocr.o)
                              /usr/lib/gcc/arm-none-eabi/10.3.1/../../../arm-none-eabi/lib/thumb/v6-m/nofp/libc.a(lib_a-realloc.o) (_realloc_r)
/usr/lib/gcc/arm-none-eabi/10.3.1/../../../arm-none-eabi/lib/thumb/v6-m/nofp/libc.a(lib_a-sbrkr.o)
                              /usr/lib/gcc/arm-none-eabi/10.3.1/../../../arm-none-eabi/lib/thumb/v6-m/nofp/libc.a(lib_a-mallocr.o) (_sbrk_r)
[...]
Memory Configuration

Name             Origin             Length             Attributes
FLASH            0x0000000010000000 0x0000000000200000 xr
RAM              0x0000000020000000 0x0000000000040000 xrw
SCRATCH_X        0x0000000020040000 0x0000000000001000 xrw
SCRATCH_Y        0x0000000020041000 0x0000000000001000 xrw
*default*        0x0000000000000000 0xffffffffffffffff

Linker script and memory map

LOAD /usr/lib/gcc/arm-none-eabi/10.3.1/thumb/v6-m/nofp/crti.o
LOAD /usr/lib/gcc/arm-none-eabi/10.3.1/thumb/v6-m/nofp/crtbegin.o
LOAD /usr/lib/gcc/arm-none-eabi/10.3.1/../../../arm-none-eabi/lib/thumb/v6-m/nofp/crt0.o

.flash_begin    0x0000000010000000        0x0
                0x0000000010000000                __flash_binary_start = .

.boot2          0x0000000010000000      0x100
                0x0000000010000000                __boot2_start__ = .
 *(.boot2)
 .boot2         0x0000000010000000      0x100 /tmp/ccUh1KKK.o
                0x0000000010000100                __boot2_end__ = .
                0x0000000000000001                ASSERT (((__boot2_end__ - __boot2_start__) == 0x100), ERROR: Pico second stage bootloader must be 256 bytes in size)

.text           0x0000000010000100     0xba78
                0x0000000010000100                __logical_binary_start = .
 *(.vectors)
 .vectors       0x0000000010000100       0xd4 CMakeFiles/main.dir/root/pico/pico-sdk/src/rp2_common/pico_standard_link/crt0.S.obj
                0x0000000010000100                __vectors
                0x0000000010000100                __VECTOR_TABLE
                0x00000000100001c0                isr_invalid
                0x00000000100001c0                __default_isrs_start
                0x00000000100001c2                isr_nmi
                0x00000000100001c4                isr_hardfault
                0x00000000100001c6                isr_svcall
                0x00000000100001c8                isr_pendsv
                0x00000000100001ca                isr_systick
                0x00000000100001cc                isr_irq30
                0x00000000100001cc                __unhandled_user_irq
                0x00000000100001cc                isr_irq13
                0x00000000100001cc                isr_irq27
                0x00000000100001cc                isr_irq31
                0x00000000100001cc                isr_irq5
                0x00000000100001cc                isr_irq11
                0x00000000100001cc                isr_irq23
                0x00000000100001cc                isr_irq18
                0x00000000100001cc                isr_irq28
                0x00000000100001cc                isr_irq19
                0x00000000100001cc                isr_irq0
                0x00000000100001cc                isr_irq6
                0x00000000100001cc                isr_irq22
                0x00000000100001cc                isr_irq17
                0x00000000100001cc                isr_irq14
                0x00000000100001cc                isr_irq2
                0x00000000100001cc                isr_irq10
                0x00000000100001cc                isr_irq8
                0x00000000100001cc                isr_irq24
                0x00000000100001cc                isr_irq1
                0x00000000100001cc                isr_irq7
                0x00000000100001cc                isr_irq21
                0x00000000100001cc                isr_irq20
                0x00000000100001cc                isr_irq15
                0x00000000100001cc                isr_irq25
                0x00000000100001cc                isr_irq4
                0x00000000100001cc                isr_irq16
                0x00000000100001cc                isr_irq29
                0x00000000100001cc                isr_irq26
                0x00000000100001cc                __default_isrs_end
                0x00000000100001cc                isr_irq3
                0x00000000100001cc                isr_irq12
                0x00000000100001cc                isr_irq9
                0x00000000100001d2                unhandled_user_irq_num_in_r0
 *(.binary_info_header)
 .binary_info_header
                0x00000000100001d4       0x14 CMakeFiles/main.dir/root/pico/pico-sdk/src/rp2_common/pico_standard_link/crt0.S.obj
                0x00000000100001e8                __binary_info_header_end = .
 *(.reset)
 .reset         0x00000000100001e8       0xa0 CMakeFiles/main.dir/root/pico/pico-sdk/src/rp2_common/pico_standard_link/crt0.S.obj
                0x00000000100001e8                _entry_point
 .reset         0x0000000010000288       0x30 CMakeFiles/main.dir/root/pico/pico-sdk/src/rp2_common/pico_standard_link/binary_info.c.obj
 *(.init)
 .init          0x00000000100002b8        0x4 /usr/lib/gcc/arm-none-eabi/10.3.1/thumb/v6-m/nofp/crti.o
                0x00000000100002b8                _init
 *(EXCLUDE_FILE(*libm.a: *libc.a:*lib_a-mem*.o *libgcc.a:) .text*)
 .text          0x00000000100002bc       0x98 /usr/lib/gcc/arm-none-eabi/10.3.1/thumb/v6-m/nofp/crtbegin.o
 .text.SUBDEV_init
                0x0000000010000354       0x28 CMakeFiles/main.dir/main.c.obj
                0x0000000010000354                SUBDEV_init
 .text.startup.main
                0x000000001000037c       0xd4 CMakeFiles/main.dir/main.c.obj
                0x000000001000037c                main
 .text.pio_claim_unused_sm
                0x0000000010000450       0x3c CMakeFiles/main.dir/root/pico/pico-sdk/src/rp2_common/hardware_pio/pio.c.obj
                0x0000000010000450                pio_claim_unused_sm
 .text.pio_can_add_program
                0x000000001000048c       0x68 CMakeFiles/main.dir/root/pico/pico-sdk/src/rp2_common/hardware_pio/pio.c.obj
                0x000000001000048c                pio_can_add_program
 .text.pio_add_program
                0x00000000100004f4       0xc8 CMakeFiles/main.dir/root/pico/pico-sdk/src/rp2_common/hardware_pio/pio.c.obj
                0x00000000100004f4                pio_add_program
 .text.pio_sm_set_consecutive_pindirs
                0x00000000100005bc       0xb0 CMakeFiles/main.dir/root/pico/pico-sdk/src/rp2_common/hardware_pio/pio.c.obj
                0x00000000100005bc                pio_sm_set_consecutive_pindirs
 .text.pio_sm_init
                0x000000001000066c       0x8c CMakeFiles/main.dir/root/pico/pico-sdk/src/rp2_common/hardware_pio/pio.c.obj
                0x000000001000066c                pio_sm_init
 .text.running_on_fpga
                0x00000000100006f8       0x10 CMakeFiles/main.dir/root/pico/pico-sdk/src/rp2_common/pico_platform/platform.c.obj
                0x00000000100006f8                running_on_fpga
 .text.hw_claim_lock
                0x0000000010000708       0x18 CMakeFiles/main.dir/root/pico/pico-sdk/src/rp2_common/hardware_claim/claim.c.obj
                0x0000000010000708                hw_claim_lock
 .text.hw_claim_unlock
                0x0000000010000720       0x14 CMakeFiles/main.dir/root/pico/pico-sdk/src/rp2_common/hardware_claim/claim.c.obj
                0x0000000010000720                hw_claim_unlock
 .text.hw_claim_or_assert
                0x0000000010000734       0x44 CMakeFiles/main.dir/root/pico/pico-sdk/src/rp2_common/hardware_claim/claim.c.obj
                0x0000000010000734                hw_claim_or_assert
 .text.hw_claim_unused_from_range
                0x0000000010000778       0x9c CMakeFiles/main.dir/root/pico/pico-sdk/src/rp2_common/hardware_claim/claim.c.obj
                0x0000000010000778                hw_claim_unused_from_range
 .text.spin_locks_reset
                0x0000000010000814       0x1c CMakeFiles/main.dir/root/pico/pico-sdk/src/rp2_common/hardware_sync/sync.c.obj
                0x0000000010000814                spin_locks_reset
 .text.next_striped_spin_lock_num
                0x0000000010000830       0x18 CMakeFiles/main.dir/root/pico/pico-sdk/src/rp2_common/hardware_sync/sync.c.obj
                0x0000000010000830                next_striped_spin_lock_num
 .text.spin_lock_claim_unused
                0x0000000010000848       0x20 CMakeFiles/main.dir/root/pico/pico-sdk/src/rp2_common/hardware_sync/sync.c.obj
                0x0000000010000848                spin_lock_claim_unused
 .text.gpio_set_function
                0x0000000010000868       0x30 CMakeFiles/main.dir/root/pico/pico-sdk/src/rp2_common/hardware_gpio/gpio.c.obj
                0x0000000010000868                gpio_set_function
 .text.gpio_set_pulls
                0x0000000010000898       0x30 CMakeFiles/main.dir/root/pico/pico-sdk/src/rp2_common/hardware_gpio/gpio.c.obj
                0x0000000010000898                gpio_set_pulls
 .text.gpio_set_input_enabled
                0x00000000100008c8       0x28 CMakeFiles/main.dir/root/pico/pico-sdk/src/rp2_common/hardware_gpio/gpio.c.obj
                0x00000000100008c8                gpio_set_input_enabled
 .text.gpio_init
                0x00000000100008f0       0x3c CMakeFiles/main.dir/root/pico/pico-sdk/src/rp2_common/hardware_gpio/gpio.c.obj
                0x00000000100008f0                gpio_init
 .text.irq_set_enabled
                0x000000001000092c       0x24 CMakeFiles/main.dir/root/pico/pico-sdk/src/rp2_common/hardware_irq/irq.c.obj
                0x000000001000092c                irq_set_enabled
 .text.irq_set_pending
                0x0000000010000950       0x10 CMakeFiles/main.dir/root/pico/pico-sdk/src/rp2_common/hardware_irq/irq.c.obj
                0x0000000010000950                irq_set_pending
 .text.irq_has_shared_handler
                0x0000000010000960       0x2c CMakeFiles/main.dir/root/pico/pico-sdk/src/rp2_common/hardware_irq/irq.c.obj
                0x0000000010000960                irq_has_shared_handler
 .text.irq_get_vtable_handler
                0x000000001000098c       0x10 CMakeFiles/main.dir/root/pico/pico-sdk/src/rp2_common/hardware_irq/irq.c.obj
                0x000000001000098c                irq_get_vtable_handler
 .text.irq_set_exclusive_handler
                0x000000001000099c       0x54 CMakeFiles/main.dir/root/pico/pico-sdk/src/rp2_common/hardware_irq/irq.c.obj
                0x000000001000099c                irq_set_exclusive_handler
 .text.irq_get_exclusive_handler
                0x00000000100009f0       0x50 CMakeFiles/main.dir/root/pico/pico-sdk/src/rp2_common/hardware_irq/irq.c.obj
                0x00000000100009f0                irq_get_exclusive_handler
 .text.irq_add_shared_handler
                0x0000000010000a40      0x1e8 CMakeFiles/main.dir/root/pico/pico-sdk/src/rp2_common/hardware_irq/irq.c.obj
                0x0000000010000a40                irq_add_shared_handler
 .text.irq_remove_handler
                0x0000000010000c28      0x1b0 CMakeFiles/main.dir/root/pico/pico-sdk/src/rp2_common/hardware_irq/irq.c.obj
                0x0000000010000c28                irq_remove_handler
 .text.irq_add_tail_to_free_list
                0x0000000010000dd8       0xb4 CMakeFiles/main.dir/root/pico/pico-sdk/src/rp2_common/hardware_irq/irq.c.obj
                0x0000000010000dd8                irq_add_tail_to_free_list
 .text.irq_init_priorities
                0x0000000010000e8c       0x24 CMakeFiles/main.dir/root/pico/pico-sdk/src/rp2_common/hardware_irq/irq.c.obj
                0x0000000010000e8c                irq_init_priorities
 .text.user_irq_claim_unused
                0x0000000010000eb0       0x28 CMakeFiles/main.dir/root/pico/pico-sdk/src/rp2_common/hardware_irq/irq.c.obj
                0x0000000010000eb0                user_irq_claim_unused
 .text.lock_init
                0x0000000010000ed8       0x10 CMakeFiles/main.dir/root/pico/pico-sdk/src/common/pico_sync/lock_core.c.obj
                0x0000000010000ed8                lock_init
 .text.mutex_init
                0x0000000010000ee8       0x1c CMakeFiles/main.dir/root/pico/pico-sdk/src/common/pico_sync/mutex.c.obj
                0x0000000010000ee8                mutex_init
 .text.recursive_mutex_init
                0x0000000010000f04       0x1c CMakeFiles/main.dir/root/pico/pico-sdk/src/common/pico_sync/mutex.c.obj
                0x0000000010000f04                recursive_mutex_init
 .text.critical_section_init
                0x0000000010000f20       0x20 CMakeFiles/main.dir/root/pico/pico-sdk/src/common/pico_sync/critical_section.c.obj
                0x0000000010000f20                critical_section_init
 .text.critical_section_init_with_lock_num
                0x0000000010000f40       0x14 CMakeFiles/main.dir/root/pico/pico-sdk/src/common/pico_sync/critical_section.c.obj
                0x0000000010000f40                critical_section_init_with_lock_num
 .text.timer_pool_entry_comparator
                0x0000000010000f54       0x34 CMakeFiles/main.dir/root/pico/pico-sdk/src/common/pico_time/time.c.obj
                0x0000000010000f54                timer_pool_entry_comparator
 .text.sleep_until_callback
                0x0000000010000f88       0x30 CMakeFiles/main.dir/root/pico/pico-sdk/src/common/pico_time/time.c.obj
 .text.add_alarm_under_lock.isra.0
                0x0000000010000fb8      0x100 CMakeFiles/main.dir/root/pico/pico-sdk/src/common/pico_time/time.c.obj
 .text.alarm_pool_alarm_callback
                0x00000000100010b8      0x1bc CMakeFiles/main.dir/root/pico/pico-sdk/src/common/pico_time/time.c.obj
 .text.alarm_pool_init_default
                0x0000000010001274       0x6c CMakeFiles/main.dir/root/pico/pico-sdk/src/common/pico_time/time.c.obj
                0x0000000010001274                alarm_pool_init_default
 .text.alarm_pool_get_default
                0x00000000100012e0        0x8 CMakeFiles/main.dir/root/pico/pico-sdk/src/common/pico_time/time.c.obj
                0x00000000100012e0                alarm_pool_get_default
 .text.alarm_pool_add_alarm_at
                0x00000000100012e8      0x178 CMakeFiles/main.dir/root/pico/pico-sdk/src/common/pico_time/time.c.obj
                0x00000000100012e8                alarm_pool_add_alarm_at
 .text.alarm_pool_core_num
                0x0000000010001460        0x4 CMakeFiles/main.dir/root/pico/pico-sdk/src/common/pico_time/time.c.obj
                0x0000000010001460                alarm_pool_core_num
 .text.sleep_until
                0x0000000010001464       0xc4 CMakeFiles/main.dir/root/pico/pico-sdk/src/common/pico_time/time.c.obj
                0x0000000010001464                sleep_until
 .text.sleep_ms
                0x0000000010001528       0x34 CMakeFiles/main.dir/root/pico/pico-sdk/src/common/pico_time/time.c.obj
                0x0000000010001528                sleep_ms
 .text.best_effort_wfe_or_timeout
                0x000000001000155c       0xd4 CMakeFiles/main.dir/root/pico/pico-sdk/src/common/pico_time/time.c.obj
                0x000000001000155c                best_effort_wfe_or_timeout
 .text.hardware_alarm_irq_handler
                0x0000000010001630       0xbc CMakeFiles/main.dir/root/pico/pico-sdk/src/rp2_common/hardware_timer/timer.c.obj
 .text.hardware_alarm_claim
                0x00000000100016ec       0x18 CMakeFiles/main.dir/root/pico/pico-sdk/src/rp2_common/hardware_timer/timer.c.obj
                0x00000000100016ec                hardware_alarm_claim
 .text.time_us_64
                0x0000000010001704       0x14 CMakeFiles/main.dir/root/pico/pico-sdk/src/rp2_common/hardware_timer/timer.c.obj
                0x0000000010001704                time_us_64
 .text.busy_wait_us
                0x0000000010001718       0x54 CMakeFiles/main.dir/root/pico/pico-sdk/src/rp2_common/hardware_timer/timer.c.obj
                0x0000000010001718                busy_wait_us
 .text.busy_wait_until
                0x000000001000176c       0x20 CMakeFiles/main.dir/root/pico/pico-sdk/src/rp2_common/hardware_timer/timer.c.obj
                0x000000001000176c                busy_wait_until
 .text.hardware_alarm_set_callback
                0x000000001000178c       0x8c CMakeFiles/main.dir/root/pico/pico-sdk/src/rp2_common/hardware_timer/timer.c.obj
                0x000000001000178c                hardware_alarm_set_callback
 .text.hardware_alarm_set_target
                0x0000000010001818       0xd4 CMakeFiles/main.dir/root/pico/pico-sdk/src/rp2_common/hardware_timer/timer.c.obj
                0x0000000010001818                hardware_alarm_set_target
 .text.hardware_alarm_cancel
                0x00000000100018ec       0x3c CMakeFiles/main.dir/root/pico/pico-sdk/src/rp2_common/hardware_timer/timer.c.obj
                0x00000000100018ec                hardware_alarm_cancel
 .text.ph_merge_nodes
                0x0000000010001928       0x68 CMakeFiles/main.dir/root/pico/pico-sdk/src/common/pico_util/pheap.c.obj
 .text.ph_post_alloc_init
                0x0000000010001990       0x3c CMakeFiles/main.dir/root/pico/pico-sdk/src/common/pico_util/pheap.c.obj
                0x0000000010001990                ph_post_alloc_init
 .text.ph_merge_two_pass
                0x00000000100019cc       0x90 CMakeFiles/main.dir/root/pico/pico-sdk/src/common/pico_util/pheap.c.obj
                0x00000000100019cc                ph_merge_two_pass
 .text.ph_remove_any_head
                0x0000000010001a5c      0x100 CMakeFiles/main.dir/root/pico/pico-sdk/src/common/pico_util/pheap.c.obj
 .text.ph_remove_head
                0x0000000010001b5c      0x104 CMakeFiles/main.dir/root/pico/pico-sdk/src/common/pico_util/pheap.c.obj
                0x0000000010001b5c                ph_remove_head
 .text.ph_remove_and_free_node
                0x0000000010001c60       0x7c CMakeFiles/main.dir/root/pico/pico-sdk/src/common/pico_util/pheap.c.obj
                0x0000000010001c60                ph_remove_and_free_node
 .text.queue_init_with_spinlock
                0x0000000010001cdc       0x24 CMakeFiles/main.dir/root/pico/pico-sdk/src/common/pico_util/queue.c.obj
                0x0000000010001cdc                queue_init_with_spinlock
 .text.queue_try_add
                0x0000000010001d00       0x70 CMakeFiles/main.dir/root/pico/pico-sdk/src/common/pico_util/queue.c.obj
                0x0000000010001d00                queue_try_add
 .text.queue_try_remove
                0x0000000010001d70       0x70 CMakeFiles/main.dir/root/pico/pico-sdk/src/common/pico_util/queue.c.obj
                0x0000000010001d70                queue_try_remove
 .text.uart_init
                0x0000000010001de0      0x188 CMakeFiles/main.dir/root/pico/pico-sdk/src/rp2_common/hardware_uart/uart.c.obj
                0x0000000010001de0                uart_init
 .text.clocks_init
                0x0000000010001f68      0x2d0 CMakeFiles/main.dir/root/pico/pico-sdk/src/rp2_common/hardware_clocks/clocks.c.obj
                0x0000000010001f68                clocks_init
 .text.clock_get_hz
                0x0000000010002238        0xc CMakeFiles/main.dir/root/pico/pico-sdk/src/rp2_common/hardware_clocks/clocks.c.obj
                0x0000000010002238                clock_get_hz
 .text.pll_init
                0x0000000010002244       0xa0 CMakeFiles/main.dir/root/pico/pico-sdk/src/rp2_common/hardware_pll/pll.c.obj
                0x0000000010002244                pll_init
 .text.watchdog_start_tick
                0x00000000100022e4       0x10 CMakeFiles/main.dir/root/pico/pico-sdk/src/rp2_common/hardware_watchdog/watchdog.c.obj
                0x00000000100022e4                watchdog_start_tick
 .text.watchdog_reboot
                0x00000000100022f4       0x98 CMakeFiles/main.dir/root/pico/pico-sdk/src/rp2_common/hardware_watchdog/watchdog.c.obj
                0x00000000100022f4                watchdog_reboot
 .text.xosc_init
                0x000000001000238c       0x28 CMakeFiles/main.dir/root/pico/pico-sdk/src/rp2_common/hardware_xosc/xosc.c.obj
                0x000000001000238c                xosc_init
 .text.runtime_init
                0x00000000100023b4       0xf0 CMakeFiles/main.dir/root/pico/pico-sdk/src/rp2_common/pico_runtime/runtime.c.obj
                0x00000000100023b4                runtime_init
 .text._exit    0x00000000100024a4        0x4 CMakeFiles/main.dir/root/pico/pico-sdk/src/rp2_common/pico_runtime/runtime.c.obj
                0x00000000100024a4                _exit
 .text._sbrk    0x00000000100024a8       0x34 CMakeFiles/main.dir/root/pico/pico-sdk/src/rp2_common/pico_runtime/runtime.c.obj
                0x00000000100024a8                _sbrk
 .text.exit     0x00000000100024dc        0x8 CMakeFiles/main.dir/root/pico/pico-sdk/src/rp2_common/pico_runtime/runtime.c.obj
                0x00000000100024dc                exit
 .text.panic    0x00000000100024e4       0x30 CMakeFiles/main.dir/root/pico/pico-sdk/src/rp2_common/pico_runtime/runtime.c.obj
                0x00000000100024e4                panic
 .text.hard_assertion_failure
                0x0000000010002514        0xc CMakeFiles/main.dir/root/pico/pico-sdk/src/rp2_common/pico_runtime/runtime.c.obj
                0x0000000010002514                hard_assertion_failure
 .text._out_buffer
                0x0000000010002520        0x8 CMakeFiles/main.dir/root/pico/pico-sdk/src/rp2_common/pico_printf/printf.c.obj
 .text._out_null
                0x0000000010002528        0x4 CMakeFiles/main.dir/root/pico/pico-sdk/src/rp2_common/pico_printf/printf.c.obj
 .text._out_rev
                0x000000001000252c       0x9c CMakeFiles/main.dir/root/pico/pico-sdk/src/rp2_common/pico_printf/printf.c.obj
 .text._ntoa_format
                0x00000000100025c8      0x1cc CMakeFiles/main.dir/root/pico/pico-sdk/src/rp2_common/pico_printf/printf.c.obj
 .text._out_char
                0x0000000010002794       0x10 CMakeFiles/main.dir/root/pico/pico-sdk/src/rp2_common/pico_printf/printf.c.obj
 .text._out_fct
                0x00000000100027a4       0x10 CMakeFiles/main.dir/root/pico/pico-sdk/src/rp2_common/pico_printf/printf.c.obj
 .text._etoa    0x00000000100027b4      0x44c CMakeFiles/main.dir/root/pico/pico-sdk/src/rp2_common/pico_printf/printf.c.obj
 .text._ftoa    0x0000000010002c00      0x398 CMakeFiles/main.dir/root/pico/pico-sdk/src/rp2_common/pico_printf/printf.c.obj
 .text._vsnprintf
                0x0000000010002f98      0xb04 CMakeFiles/main.dir/root/pico/pico-sdk/src/rp2_common/pico_printf/printf.c.obj
 .text.__wrap_sprintf
                0x0000000010003a9c       0x28 CMakeFiles/main.dir/root/pico/pico-sdk/src/rp2_common/pico_printf/printf.c.obj
                0x0000000010003a9c                __wrap_sprintf
 .text.vfctprintf
                0x0000000010003ac4       0x20 CMakeFiles/main.dir/root/pico/pico-sdk/src/rp2_common/pico_printf/printf.c.obj
                0x0000000010003ac4                vfctprintf
 .text.weak_raw_vprintf
                0x0000000010003ae4       0x30 CMakeFiles/main.dir/root/pico/pico-sdk/src/rp2_common/pico_printf/printf.c.obj
                0x0000000010003ae4                weak_raw_vprintf
 .text          0x0000000010003b14       0x10 CMakeFiles/main.dir/root/pico/pico-sdk/src/rp2_common/pico_bit_ops/bit_ops_aeabi.S.obj
 .text.rom_func_lookup
                0x0000000010003b24       0x10 CMakeFiles/main.dir/root/pico/pico-sdk/src/rp2_common/pico_bootrom/bootrom.c.obj
                0x0000000010003b24                rom_func_lookup
 .text.rom_data_lookup
                0x0000000010003b34       0x10 CMakeFiles/main.dir/root/pico/pico-sdk/src/rp2_common/pico_bootrom/bootrom.c.obj
                0x0000000010003b34                rom_data_lookup
 .text.rom_funcs_lookup
                0x0000000010003b44       0x44 CMakeFiles/main.dir/root/pico/pico-sdk/src/rp2_common/pico_bootrom/bootrom.c.obj
                0x0000000010003b44                rom_funcs_lookup
 .text.__wrap___aeabi_idiv
                0x0000000010003b88       0x50 CMakeFiles/main.dir/root/pico/pico-sdk/src/rp2_common/pico_divider/divider.S.obj
                0x0000000010003b88                __wrap___aeabi_idivmod
                0x0000000010003b88                divmod_s32s32
                0x0000000010003b88                div_s32s32
                0x0000000010003b88                __wrap___aeabi_idiv
                0x0000000010003b90                divmod_s32s32_unsafe
                0x0000000010003bbc                divmod_s32s32_savestate
 .text.__wrap___aeabi_uidiv
                0x0000000010003bd8       0x4c CMakeFiles/main.dir/root/pico/pico-sdk/src/rp2_common/pico_divider/divider.S.obj
                0x0000000010003bd8                __wrap___aeabi_uidiv
                0x0000000010003bd8                __wrap___aeabi_uidivmod
                0x0000000010003bd8                div_u32u32
                0x0000000010003bd8                divmod_u32u32
                0x0000000010003be0                divmod_u32u32_unsafe
                0x0000000010003c08                divmod_u32u32_savestate
 .text.__wrap___aeabi_ldiv
                0x0000000010003c24      0x424 CMakeFiles/main.dir/root/pico/pico-sdk/src/rp2_common/pico_divider/divider.S.obj
                0x0000000010003c24                div_s64s64
                0x0000000010003c24                divmod_s64s64
                0x0000000010003c24                __wrap___aeabi_ldivmod
                0x0000000010003c54                div_u64u64
                0x0000000010003c54                divmod_u64u64
                0x0000000010003c54                __wrap___aeabi_uldivmod
                0x0000000010003c64                divmod_u64u64_savestate
                0x0000000010003c84                divmod_s64s64_unsafe
                0x0000000010003d0c                divmod_u64u64_unsafe
 .text.__wrap___aeabi_darithmetic
                0x0000000010004048       0x80 CMakeFiles/main.dir/root/pico/pico-sdk/src/rp2_common/pico_double/double_aeabi.S.obj
                0x0000000010004048                __wrap___aeabi_drsub
                0x000000001000404e                __wrap___aeabi_dsub
                0x0000000010004060                __wrap___aeabi_dadd
                0x0000000010004072                __wrap___aeabi_ddiv
                0x00000000100040ae                __wrap___aeabi_dmul
 .text.__wrap___aeabi_cdcmple
                0x00000000100040c8       0x6c CMakeFiles/main.dir/root/pico/pico-sdk/src/rp2_common/pico_double/double_aeabi.S.obj
                0x00000000100040c8                __wrap___aeabi_cdrcmple
                0x00000000100040d8                __wrap___aeabi_cdcmple
                0x00000000100040d8                __wrap___aeabi_cdcmpeq
 .text.__wrap___aeabi_dcmplt
                0x0000000010004134        0xc CMakeFiles/main.dir/root/pico/pico-sdk/src/rp2_common/pico_double/double_aeabi.S.obj
                0x0000000010004134                __wrap___aeabi_dcmplt
 .text.__wrap___aeabi_dcmple
                0x0000000010004140       0x10 CMakeFiles/main.dir/root/pico/pico-sdk/src/rp2_common/pico_double/double_aeabi.S.obj
                0x0000000010004140                __wrap___aeabi_dcmple
 .text.__wrap___aeabi_dcmpge
                0x0000000010004150       0x10 CMakeFiles/main.dir/root/pico/pico-sdk/src/rp2_common/pico_double/double_aeabi.S.obj
                0x0000000010004150                __wrap___aeabi_dcmpge
 .text.__wrap___aeabi_dcmpgt
                0x0000000010004160        0xa CMakeFiles/main.dir/root/pico/pico-sdk/src/rp2_common/pico_double/double_aeabi.S.obj
                0x0000000010004160                __wrap___aeabi_dcmpgt
 .text.__wrap___aeabi_dcmpun
                0x000000001000416a       0x1c CMakeFiles/main.dir/root/pico/pico-sdk/src/rp2_common/pico_double/double_aeabi.S.obj
                0x000000001000416a                __wrap___aeabi_dcmpun
 *fill*         0x0000000010004186        0x2 
 .text.__wrap___aeabi_i2d
                0x0000000010004188       0x38 CMakeFiles/main.dir/root/pico/pico-sdk/src/rp2_common/pico_double/double_aeabi.S.obj
                0x0000000010004188                __wrap___aeabi_ui2d
                0x0000000010004190                __wrap___aeabi_i2d
 .text.__wrap___aeabi_d2iz
                0x00000000100041c0       0x48 CMakeFiles/main.dir/root/pico/pico-sdk/src/rp2_common/pico_double/double_aeabi.S.obj
                0x00000000100041c0                __wrap___aeabi_d2iz
                0x00000000100041c0                double2int_z
 .text.__wrap___aeabi_d2uiz
                0x0000000010004208       0x18 CMakeFiles/main.dir/root/pico/pico-sdk/src/rp2_common/pico_double/double_aeabi.S.obj
                0x0000000010004208                double2uint
                0x0000000010004208                __wrap___aeabi_d2uiz
 .text.__wrap___aeabi_d2f
                0x0000000010004220       0x18 CMakeFiles/main.dir/root/pico/pico-sdk/src/rp2_common/pico_double/double_aeabi.S.obj
                0x0000000010004220                __wrap___aeabi_d2f
 .text.__aeabi_double_init
                0x0000000010004238       0x94 CMakeFiles/main.dir/root/pico/pico-sdk/src/rp2_common/pico_double/double_init_rom.c.obj
                0x0000000010004238                __aeabi_double_init
 .text.double_table_shim_on_use_helper
                0x00000000100042cc       0x2c CMakeFiles/main.dir/root/pico/pico-sdk/src/rp2_common/pico_double/double_v1_rom_shim.S.obj
                0x00000000100042cc                double_table_shim_on_use_helper
 .text.__wrap___aeabi_dsub
                0x00000000100042f8       0x10 CMakeFiles/main.dir/root/pico/pico-sdk/src/rp2_common/pico_double/double_v1_rom_shim.S.obj
                0x00000000100042f8                drsub_shim
                0x00000000100042fe                dsub_shim
 .text.dadd_shim
                0x0000000010004308      0x15c CMakeFiles/main.dir/root/pico/pico-sdk/src/rp2_common/pico_double/double_v1_rom_shim.S.obj
                0x0000000010004308                dadd_shim
 .text.dmul_shim
                0x0000000010004464      0x15c CMakeFiles/main.dir/root/pico/pico-sdk/src/rp2_common/pico_double/double_v1_rom_shim.S.obj
                0x0000000010004464                dmul_shim
 .text.ddiv_shim
                0x00000000100045c0      0x1b0 CMakeFiles/main.dir/root/pico/pico-sdk/src/rp2_common/pico_double/double_v1_rom_shim.S.obj
                0x00000000100045c0                ddiv_shim
 .text.double2uint_shim
                0x0000000010004770        0xe CMakeFiles/main.dir/root/pico/pico-sdk/src/rp2_common/pico_double/double_v1_rom_shim.S.obj
                0x0000000010004770                double2uint_shim
                0x0000000010004772                double2ufix_shim
 *fill*         0x000000001000477e        0x2 
 .text.double2uint64_shim
                0x0000000010004780       0x70 CMakeFiles/main.dir/root/pico/pico-sdk/src/rp2_common/pico_double/double_v1_rom_shim.S.obj
                0x0000000010004780                double2uint64_shim
                0x0000000010004782                double2ufix64_shim
                0x00000000100047a2                d2fix_a
 .text.double2float_shim
                0x00000000100047f0       0x5c CMakeFiles/main.dir/root/pico/pico-sdk/src/rp2_common/pico_double/double_v1_rom_shim.S.obj
                0x00000000100047f0                double2float_shim
 .text.dunpacks
                0x000000001000484c       0x3c CMakeFiles/main.dir/root/pico/pico-sdk/src/rp2_common/pico_double/double_v1_rom_shim.S.obj
                0x000000001000484c                dunpacks
 .text.__aeabi_lmul
                0x0000000010004888       0x32 CMakeFiles/main.dir/root/pico/pico-sdk/src/rp2_common/pico_int64_ops/pico_int64_ops_aeabi.S.obj
                0x0000000010004888                __wrap___aeabi_lmul
 *fill*         0x00000000100048ba        0x2 
 .text.__wrap___aeabi_farithmetic
                0x00000000100048bc       0x48 CMakeFiles/main.dir/root/pico/pico-sdk/src/rp2_common/pico_float/float_aeabi.S.obj
                0x00000000100048bc                __wrap___aeabi_frsub
                0x00000000100048c2                __wrap___aeabi_fsub
                0x00000000100048c8                __wrap___aeabi_fadd
                0x00000000100048ce                __wrap___aeabi_fdiv
                0x00000000100048f6                __wrap___aeabi_fmul
 .text.__wrap___aeabi_ui2f
                0x0000000010004904        0xa CMakeFiles/main.dir/root/pico/pico-sdk/src/rp2_common/pico_float/float_aeabi.S.obj
                0x0000000010004904                __wrap___aeabi_ui2f
 *fill*         0x000000001000490e        0x2 
 .text.__wrap___aeabi_i2f
                0x0000000010004910       0x44 CMakeFiles/main.dir/root/pico/pico-sdk/src/rp2_common/pico_float/float_aeabi.S.obj
                0x0000000010004910                __wrap___aeabi_i2f
 .text.__wrap___aeabi_f2uiz
                0x0000000010004954        0xc CMakeFiles/main.dir/root/pico/pico-sdk/src/rp2_common/pico_float/float_aeabi.S.obj
                0x0000000010004954                __wrap___aeabi_f2uiz
 .text.fix2float
                0x0000000010004960        0xc CMakeFiles/main.dir/root/pico/pico-sdk/src/rp2_common/pico_float/float_aeabi.S.obj
                0x0000000010004960                fix2float
 .text.__wrap___aeabi_f2d
                0x000000001000496c       0x14 CMakeFiles/main.dir/root/pico/pico-sdk/src/rp2_common/pico_float/float_aeabi.S.obj
                0x000000001000496c                __wrap___aeabi_f2d
 .text.__wrap_cosf
                0x0000000010004980       0x24 CMakeFiles/main.dir/root/pico/pico-sdk/src/rp2_common/pico_float/float_aeabi.S.obj
                0x0000000010004980                __wrap_cosf
 .text.__wrap_sinf
                0x00000000100049a4       0x24 CMakeFiles/main.dir/root/pico/pico-sdk/src/rp2_common/pico_float/float_aeabi.S.obj
                0x00000000100049a4                __wrap_sinf
 .text.__aeabi_float_init
                0x00000000100049c8       0x64 CMakeFiles/main.dir/root/pico/pico-sdk/src/rp2_common/pico_float/float_init_rom.c.obj
                0x00000000100049c8                __aeabi_float_init
 .text.__wrap_remquof
                0x0000000010004a2c      0x14c CMakeFiles/main.dir/root/pico/pico-sdk/src/rp2_common/pico_float/float_math.c.obj
                0x0000000010004a2c                __wrap_remquof
 .text.__wrap_remainderf
                0x0000000010004b78        0xc CMakeFiles/main.dir/root/pico/pico-sdk/src/rp2_common/pico_float/float_math.c.obj
                0x0000000010004b78                __wrap_remainderf
 .text.float_table_shim_on_use_helper
                0x0000000010004b84       0x2c CMakeFiles/main.dir/root/pico/pico-sdk/src/rp2_common/pico_float/float_v1_rom_shim.S.obj
                0x0000000010004b84                float_table_shim_on_use_helper
 .text.float2double_shim
                0x0000000010004bb0       0x30 CMakeFiles/main.dir/root/pico/pico-sdk/src/rp2_common/pico_float/float_v1_rom_shim.S.obj
                0x0000000010004bb0                float2double_shim
 .text.__wrap_malloc
                0x0000000010004be0       0x24 CMakeFiles/main.dir/root/pico/pico-sdk/src/rp2_common/pico_malloc/pico_malloc.c.obj
                0x0000000010004be0                __wrap_malloc
 .text.__wrap_calloc
                0x0000000010004c04       0x24 CMakeFiles/main.dir/root/pico/pico-sdk/src/rp2_common/pico_malloc/pico_malloc.c.obj
                0x0000000010004c04                __wrap_calloc
 .text          0x0000000010004c28       0x10 CMakeFiles/main.dir/root/pico/pico-sdk/src/rp2_common/pico_mem_ops/mem_ops_aeabi.S.obj
                0x0000000010004c28                __aeabi_mem_init
 .text.memset   0x0000000010004c38        0xc CMakeFiles/main.dir/root/pico/pico-sdk/src/rp2_common/pico_mem_ops/mem_ops_aeabi.S.obj
                0x0000000010004c38                __wrap_memset
 .text.memcpy   0x0000000010004c44        0xc CMakeFiles/main.dir/root/pico/pico-sdk/src/rp2_common/pico_mem_ops/mem_ops_aeabi.S.obj
                0x0000000010004c44                __wrap___aeabi_memcpy
                0x0000000010004c44                __wrap_memcpy
 .text.stdio_out_chars_no_crlf
                0x0000000010004c50       0x10 CMakeFiles/main.dir/root/pico/pico-sdk/src/rp2_common/pico_stdio/stdio.c.obj
 .text.stdio_out_chars_crlf
                0x0000000010004c60       0xb4 CMakeFiles/main.dir/root/pico/pico-sdk/src/rp2_common/pico_stdio/stdio.c.obj
 .text.stdio_buffered_printer
                0x0000000010004d14       0x64 CMakeFiles/main.dir/root/pico/pico-sdk/src/rp2_common/pico_stdio/stdio.c.obj
 .text.stdio_put_string.isra.0
                0x0000000010004d78       0xfc CMakeFiles/main.dir/root/pico/pico-sdk/src/rp2_common/pico_stdio/stdio.c.obj
 .text.__wrap_putchar
                0x0000000010004e74       0x98 CMakeFiles/main.dir/root/pico/pico-sdk/src/rp2_common/pico_stdio/stdio.c.obj
                0x0000000010004e74                __wrap_putchar
 .text.__wrap_puts
                0x0000000010004f0c       0x3c CMakeFiles/main.dir/root/pico/pico-sdk/src/rp2_common/pico_stdio/stdio.c.obj
                0x0000000010004f0c                __wrap_puts
 .text.stdio_set_driver_enabled
                0x0000000010004f48       0x30 CMakeFiles/main.dir/root/pico/pico-sdk/src/rp2_common/pico_stdio/stdio.c.obj
                0x0000000010004f48                stdio_set_driver_enabled
 .text.__wrap_vprintf
                0x0000000010004f78       0xd8 CMakeFiles/main.dir/root/pico/pico-sdk/src/rp2_common/pico_stdio/stdio.c.obj
                0x0000000010004f78                __wrap_vprintf
 .text.__wrap_printf
                0x0000000010005050       0x18 CMakeFiles/main.dir/root/pico/pico-sdk/src/rp2_common/pico_stdio/stdio.c.obj
                0x0000000010005050                __wrap_printf
 .text.stdio_init_all
                0x0000000010005068       0x10 CMakeFiles/main.dir/root/pico/pico-sdk/src/rp2_common/pico_stdio/stdio.c.obj
                0x0000000010005068                stdio_init_all
 .text.stdio_uart_out_chars
                0x0000000010005078       0x4c CMakeFiles/main.dir/root/pico/pico-sdk/src/rp2_common/pico_stdio_uart/stdio_uart.c.obj
 .text.stdio_uart_in_chars
                0x00000000100050c4       0x84 CMakeFiles/main.dir/root/pico/pico-sdk/src/rp2_common/pico_stdio_uart/stdio_uart.c.obj
                0x00000000100050c4                stdio_uart_in_chars
 .text.on_uart_rx
                0x0000000010005148       0x28 CMakeFiles/main.dir/root/pico/pico-sdk/src/rp2_common/pico_stdio_uart/stdio_uart.c.obj
 .text.stdio_uart_set_chars_available_callback
                0x0000000010005170       0x8c CMakeFiles/main.dir/root/pico/pico-sdk/src/rp2_common/pico_stdio_uart/stdio_uart.c.obj
 .text.stdio_uart_init
                0x00000000100051fc       0x48 CMakeFiles/main.dir/root/pico/pico-sdk/src/rp2_common/pico_stdio_uart/stdio_uart.c.obj
                0x00000000100051fc                stdio_uart_init
 .text.resetd_init
                0x0000000010005244        0x4 CMakeFiles/main.dir/root/pico/pico-sdk/src/rp2_common/pico_stdio_usb/reset_interface.c.obj
 .text.resetd_reset
                0x0000000010005248        0xc CMakeFiles/main.dir/root/pico/pico-sdk/src/rp2_common/pico_stdio_usb/reset_interface.c.obj
 .text.resetd_open
                0x0000000010005254       0x28 CMakeFiles/main.dir/root/pico/pico-sdk/src/rp2_common/pico_stdio_usb/reset_interface.c.obj
 .text.resetd_xfer_cb
                0x000000001000527c        0x4 CMakeFiles/main.dir/root/pico/pico-sdk/src/rp2_common/pico_stdio_usb/reset_interface.c.obj
 .text.resetd_control_xfer_cb
                0x0000000010005280       0x64 CMakeFiles/main.dir/root/pico/pico-sdk/src/rp2_common/pico_stdio_usb/reset_interface.c.obj
 .text.usbd_app_driver_get_cb
                0x00000000100052e4        0xc CMakeFiles/main.dir/root/pico/pico-sdk/src/rp2_common/pico_stdio_usb/reset_interface.c.obj
                0x00000000100052e4                usbd_app_driver_get_cb
 .text.tud_cdc_line_coding_cb
                0x00000000100052f0       0x34 CMakeFiles/main.dir/root/pico/pico-sdk/src/rp2_common/pico_stdio_usb/reset_interface.c.obj
                0x00000000100052f0                tud_cdc_line_coding_cb
 .text.stdio_usb_set_chars_available_callback
                0x0000000010005324       0x14 CMakeFiles/main.dir/root/pico/pico-sdk/src/rp2_common/pico_stdio_usb/stdio_usb.c.obj
                0x0000000010005324                stdio_usb_set_chars_available_callback
 .text.usb_irq  0x0000000010005338       0x10 CMakeFiles/main.dir/root/pico/pico-sdk/src/rp2_common/pico_stdio_usb/stdio_usb.c.obj
 .text.timer_task
                0x0000000010005348       0x54 CMakeFiles/main.dir/root/pico/pico-sdk/src/rp2_common/pico_stdio_usb/stdio_usb.c.obj
 .text.stdio_usb_in_chars
                0x000000001000539c       0x90 CMakeFiles/main.dir/root/pico/pico-sdk/src/rp2_common/pico_stdio_usb/stdio_usb.c.obj
                0x000000001000539c                stdio_usb_in_chars
 .text.stdio_usb_out_chars
                0x000000001000542c      0x100 CMakeFiles/main.dir/root/pico/pico-sdk/src/rp2_common/pico_stdio_usb/stdio_usb.c.obj
 .text.low_priority_worker_irq
                0x000000001000552c       0xa8 CMakeFiles/main.dir/root/pico/pico-sdk/src/rp2_common/pico_stdio_usb/stdio_usb.c.obj
 .text.tud_cdc_rx_cb
                0x00000000100055d4       0x20 CMakeFiles/main.dir/root/pico/pico-sdk/src/rp2_common/pico_stdio_usb/stdio_usb.c.obj
                0x00000000100055d4                tud_cdc_rx_cb
 .text.stdio_usb_init
                0x00000000100055f4       0xdc CMakeFiles/main.dir/root/pico/pico-sdk/src/rp2_common/pico_stdio_usb/stdio_usb.c.obj
                0x00000000100055f4                stdio_usb_init
 .text.tud_descriptor_device_cb
                0x00000000100056d0        0x8 CMakeFiles/main.dir/root/pico/pico-sdk/src/rp2_common/pico_stdio_usb/stdio_usb_descriptors.c.obj
                0x00000000100056d0                tud_descriptor_device_cb
 .text.tud_descriptor_configuration_cb
                0x00000000100056d8        0x8 CMakeFiles/main.dir/root/pico/pico-sdk/src/rp2_common/pico_stdio_usb/stdio_usb_descriptors.c.obj
                0x00000000100056d8                tud_descriptor_configuration_cb
 .text.tud_descriptor_string_cb
                0x00000000100056e0       0x74 CMakeFiles/main.dir/root/pico/pico-sdk/src/rp2_common/pico_stdio_usb/stdio_usb_descriptors.c.obj
                0x00000000100056e0                tud_descriptor_string_cb
 .text.startup._retrieve_unique_id_on_boot
                0x0000000010005754       0x10 CMakeFiles/main.dir/root/pico/pico-sdk/src/rp2_common/pico_unique_id/unique_id.c.obj
 .text.pico_get_unique_board_id_string
                0x0000000010005764      0x1a8 CMakeFiles/main.dir/root/pico/pico-sdk/src/rp2_common/pico_unique_id/unique_id.c.obj
                0x0000000010005764                pico_get_unique_board_id_string
 .text.flash_get_unique_id
                0x000000001000590c       0x40 CMakeFiles/main.dir/root/pico/pico-sdk/src/rp2_common/hardware_flash/flash.c.obj
                0x000000001000590c                flash_get_unique_id
 .text.dcd_int_enable
                0x000000001000594c        0xc CMakeFiles/main.dir/root/pico/pico-sdk/lib/tinyusb/src/portable/raspberrypi/rp2040/dcd_rp2040.c.obj
                0x000000001000594c                dcd_int_enable
 .text.dcd_set_address
                0x0000000010005958       0x14 CMakeFiles/main.dir/root/pico/pico-sdk/lib/tinyusb/src/portable/raspberrypi/rp2040/dcd_rp2040.c.obj
                0x0000000010005958                dcd_set_address
 .text.dcd_connect
                0x000000001000596c       0x10 CMakeFiles/main.dir/root/pico/pico-sdk/lib/tinyusb/src/portable/raspberrypi/rp2040/dcd_rp2040.c.obj
                0x000000001000596c                dcd_connect
 .text.dcd_init
                0x000000001000597c       0x98 CMakeFiles/main.dir/root/pico/pico-sdk/lib/tinyusb/src/portable/raspberrypi/rp2040/dcd_rp2040.c.obj
                0x000000001000597c                dcd_init
 .text.dcd_edpt0_status_complete
                0x0000000010005a14       0x1c CMakeFiles/main.dir/root/pico/pico-sdk/lib/tinyusb/src/portable/raspberrypi/rp2040/dcd_rp2040.c.obj
                0x0000000010005a14                dcd_edpt0_status_complete
 .text.dcd_edpt_open
                0x0000000010005a30      0x108 CMakeFiles/main.dir/root/pico/pico-sdk/lib/tinyusb/src/portable/raspberrypi/rp2040/dcd_rp2040.c.obj
                0x0000000010005a30                dcd_edpt_open
 .text.dcd_edpt_close_all
                0x0000000010005b38        0x8 CMakeFiles/main.dir/root/pico/pico-sdk/lib/tinyusb/src/portable/raspberrypi/rp2040/dcd_rp2040.c.obj
                0x0000000010005b38                dcd_edpt_close_all
 .text.dcd_edpt_xfer
                0x0000000010005b40       0x24 CMakeFiles/main.dir/root/pico/pico-sdk/lib/tinyusb/src/portable/raspberrypi/rp2040/dcd_rp2040.c.obj
                0x0000000010005b40                dcd_edpt_xfer
 .text.dcd_edpt_stall
                0x0000000010005b64       0x38 CMakeFiles/main.dir/root/pico/pico-sdk/lib/tinyusb/src/portable/raspberrypi/rp2040/dcd_rp2040.c.obj
                0x0000000010005b64                dcd_edpt_stall
 .text.dcd_edpt_clear_stall
                0x0000000010005b9c       0x30 CMakeFiles/main.dir/root/pico/pico-sdk/lib/tinyusb/src/portable/raspberrypi/rp2040/dcd_rp2040.c.obj
                0x0000000010005b9c                dcd_edpt_clear_stall
 .text.rp2040_usb_init
                0x0000000010005bcc       0x4c CMakeFiles/main.dir/root/pico/pico-sdk/lib/tinyusb/src/portable/raspberrypi/rp2040/rp2040_usb.c.obj
                0x0000000010005bcc                rp2040_usb_init
 .text.hw_endpoint_xfer_start
                0x0000000010005c18       0x50 CMakeFiles/main.dir/root/pico/pico-sdk/lib/tinyusb/src/portable/raspberrypi/rp2040/rp2040_usb.c.obj
                0x0000000010005c18                hw_endpoint_xfer_start
 .text.tud_mounted
                0x0000000010005c68       0x10 CMakeFiles/main.dir/root/pico/pico-sdk/lib/tinyusb/src/device/usbd.c.obj
                0x0000000010005c68                tud_mounted
 .text.tud_suspended
                0x0000000010005c78       0x10 CMakeFiles/main.dir/root/pico/pico-sdk/lib/tinyusb/src/device/usbd.c.obj
                0x0000000010005c78                tud_suspended
 .text.tud_inited
                0x0000000010005c88       0x14 CMakeFiles/main.dir/root/pico/pico-sdk/lib/tinyusb/src/device/usbd.c.obj
                0x0000000010005c88                tud_inited
 .text.tud_init
                0x0000000010005c9c       0xe4 CMakeFiles/main.dir/root/pico/pico-sdk/lib/tinyusb/src/device/usbd.c.obj
                0x0000000010005c9c                tud_init
 .text.tud_task_ext
                0x0000000010005d80      0x854 CMakeFiles/main.dir/root/pico/pico-sdk/lib/tinyusb/src/device/usbd.c.obj
                0x0000000010005d80                tud_task_ext
 .text.usbd_open_edpt_pair
                0x00000000100065d4       0x9c CMakeFiles/main.dir/root/pico/pico-sdk/lib/tinyusb/src/device/usbd.c.obj
                0x00000000100065d4                usbd_open_edpt_pair
 .text.usbd_defer_func
                0x0000000010006670       0x48 CMakeFiles/main.dir/root/pico/pico-sdk/lib/tinyusb/src/device/usbd.c.obj
                0x0000000010006670                usbd_defer_func
 .text.usbd_edpt_open
                0x00000000100066b8       0x34 CMakeFiles/main.dir/root/pico/pico-sdk/lib/tinyusb/src/device/usbd.c.obj
                0x00000000100066b8                usbd_edpt_open
 .text.usbd_edpt_claim
                0x00000000100066ec       0x28 CMakeFiles/main.dir/root/pico/pico-sdk/lib/tinyusb/src/device/usbd.c.obj
                0x00000000100066ec                usbd_edpt_claim
 .text.usbd_edpt_release
                0x0000000010006714       0x28 CMakeFiles/main.dir/root/pico/pico-sdk/lib/tinyusb/src/device/usbd.c.obj
                0x0000000010006714                usbd_edpt_release
 .text.usbd_edpt_xfer
                0x000000001000673c       0x4c CMakeFiles/main.dir/root/pico/pico-sdk/lib/tinyusb/src/device/usbd.c.obj
                0x000000001000673c                usbd_edpt_xfer
 .text.tud_control_status
                0x0000000010006788       0x30 CMakeFiles/main.dir/root/pico/pico-sdk/lib/tinyusb/src/device/usbd_control.c.obj
                0x0000000010006788                tud_control_status
 .text.tud_control_xfer
                0x00000000100067b8       0xbc CMakeFiles/main.dir/root/pico/pico-sdk/lib/tinyusb/src/device/usbd_control.c.obj
                0x00000000100067b8                tud_control_xfer
 .text.usbd_control_reset
                0x0000000010006874       0x14 CMakeFiles/main.dir/root/pico/pico-sdk/lib/tinyusb/src/device/usbd_control.c.obj
                0x0000000010006874                usbd_control_reset
 .text.usbd_control_set_complete_callback
                0x0000000010006888        0xc CMakeFiles/main.dir/root/pico/pico-sdk/lib/tinyusb/src/device/usbd_control.c.obj
                0x0000000010006888                usbd_control_set_complete_callback
 .text.usbd_control_set_request
                0x0000000010006894       0x1c CMakeFiles/main.dir/root/pico/pico-sdk/lib/tinyusb/src/device/usbd_control.c.obj
                0x0000000010006894                usbd_control_set_request
 .text.usbd_control_xfer_cb
                0x00000000100068b0       0xfc CMakeFiles/main.dir/root/pico/pico-sdk/lib/tinyusb/src/device/usbd_control.c.obj
                0x00000000100068b0                usbd_control_xfer_cb
 .text.tud_cdc_n_connected
                0x00000000100069ac       0x30 CMakeFiles/main.dir/root/pico/pico-sdk/lib/tinyusb/src/class/cdc/cdc_device.c.obj
                0x00000000100069ac                tud_cdc_n_connected
 .text.tud_cdc_n_available
                0x00000000100069dc       0x18 CMakeFiles/main.dir/root/pico/pico-sdk/lib/tinyusb/src/class/cdc/cdc_device.c.obj
                0x00000000100069dc                tud_cdc_n_available
 .text.tud_cdc_n_read
                0x00000000100069f4       0x70 CMakeFiles/main.dir/root/pico/pico-sdk/lib/tinyusb/src/class/cdc/cdc_device.c.obj
                0x00000000100069f4                tud_cdc_n_read
 .text.tud_cdc_n_write_flush
                0x0000000010006a64       0x78 CMakeFiles/main.dir/root/pico/pico-sdk/lib/tinyusb/src/class/cdc/cdc_device.c.obj
                0x0000000010006a64                tud_cdc_n_write_flush
 .text.tud_cdc_n_write
                0x0000000010006adc       0x34 CMakeFiles/main.dir/root/pico/pico-sdk/lib/tinyusb/src/class/cdc/cdc_device.c.obj
                0x0000000010006adc                tud_cdc_n_write
 .text.tud_cdc_n_write_available
                0x0000000010006b10       0x18 CMakeFiles/main.dir/root/pico/pico-sdk/lib/tinyusb/src/class/cdc/cdc_device.c.obj
                0x0000000010006b10                tud_cdc_n_write_available
 .text.cdcd_init
                0x0000000010006b28       0x7c CMakeFiles/main.dir/root/pico/pico-sdk/lib/tinyusb/src/class/cdc/cdc_device.c.obj
                0x0000000010006b28                cdcd_init
 .text.cdcd_reset
                0x0000000010006ba4       0x2c CMakeFiles/main.dir/root/pico/pico-sdk/lib/tinyusb/src/class/cdc/cdc_device.c.obj
                0x0000000010006ba4                cdcd_reset
 .text.cdcd_open
                0x0000000010006bd0       0xe8 CMakeFiles/main.dir/root/pico/pico-sdk/lib/tinyusb/src/class/cdc/cdc_device.c.obj
                0x0000000010006bd0                cdcd_open
 .text.cdcd_control_xfer_cb
                0x0000000010006cb8       0xe4 CMakeFiles/main.dir/root/pico/pico-sdk/lib/tinyusb/src/class/cdc/cdc_device.c.obj
                0x0000000010006cb8                cdcd_control_xfer_cb
 .text.cdcd_xfer_cb
                0x0000000010006d9c      0x148 CMakeFiles/main.dir/root/pico/pico-sdk/lib/tinyusb/src/class/cdc/cdc_device.c.obj
                0x0000000010006d9c                cdcd_xfer_cb
 .text.tusb_init
                0x0000000010006ee4        0xc CMakeFiles/main.dir/root/pico/pico-sdk/lib/tinyusb/src/tusb.c.obj
                0x0000000010006ee4                tusb_init
 .text.tusb_inited
                0x0000000010006ef0        0x8 CMakeFiles/main.dir/root/pico/pico-sdk/lib/tinyusb/src/tusb.c.obj
                0x0000000010006ef0                tusb_inited
 .text.tu_edpt_claim
                0x0000000010006ef8       0x50 CMakeFiles/main.dir/root/pico/pico-sdk/lib/tinyusb/src/tusb.c.obj
                0x0000000010006ef8                tu_edpt_claim
 .text.tu_edpt_release
                0x0000000010006f48       0x38 CMakeFiles/main.dir/root/pico/pico-sdk/lib/tinyusb/src/tusb.c.obj
                0x0000000010006f48                tu_edpt_release
 .text.tu_edpt_validate
                0x0000000010006f80       0x78 CMakeFiles/main.dir/root/pico/pico-sdk/lib/tinyusb/src/tusb.c.obj
                0x0000000010006f80                tu_edpt_validate
 .text.tu_edpt_bind_driver
                0x0000000010006ff8       0x34 CMakeFiles/main.dir/root/pico/pico-sdk/lib/tinyusb/src/tusb.c.obj
                0x0000000010006ff8                tu_edpt_bind_driver
 .text.tu_fifo_config
                0x000000001000702c       0x70 CMakeFiles/main.dir/root/pico/pico-sdk/lib/tinyusb/src/common/tusb_fifo.c.obj
                0x000000001000702c                tu_fifo_config
 .text.tu_fifo_count
                0x000000001000709c       0x2c CMakeFiles/main.dir/root/pico/pico-sdk/lib/tinyusb/src/common/tusb_fifo.c.obj
                0x000000001000709c                tu_fifo_count
 .text.tu_fifo_empty
                0x00000000100070c8       0x10 CMakeFiles/main.dir/root/pico/pico-sdk/lib/tinyusb/src/common/tusb_fifo.c.obj
                0x00000000100070c8                tu_fifo_empty
 .text.tu_fifo_remaining
                0x00000000100070d8       0x2c CMakeFiles/main.dir/root/pico/pico-sdk/lib/tinyusb/src/common/tusb_fifo.c.obj
                0x00000000100070d8                tu_fifo_remaining
 .text.tu_fifo_read
                0x0000000010007104       0xa0 CMakeFiles/main.dir/root/pico/pico-sdk/lib/tinyusb/src/common/tusb_fifo.c.obj
                0x0000000010007104                tu_fifo_read
 .text.tu_fifo_read_n
                0x00000000100071a4       0xec CMakeFiles/main.dir/root/pico/pico-sdk/lib/tinyusb/src/common/tusb_fifo.c.obj
                0x00000000100071a4                tu_fifo_read_n
 .text.tu_fifo_write
                0x0000000010007290       0x88 CMakeFiles/main.dir/root/pico/pico-sdk/lib/tinyusb/src/common/tusb_fifo.c.obj
                0x0000000010007290                tu_fifo_write
 .text.tu_fifo_write_n
                0x0000000010007318      0x168 CMakeFiles/main.dir/root/pico/pico-sdk/lib/tinyusb/src/common/tusb_fifo.c.obj
                0x0000000010007318                tu_fifo_write_n
 .text.tu_fifo_clear
                0x0000000010007480       0x40 CMakeFiles/main.dir/root/pico/pico-sdk/lib/tinyusb/src/common/tusb_fifo.c.obj
                0x0000000010007480                tu_fifo_clear
 .text.tu_fifo_set_overwritable
                0x00000000100074c0       0x48 CMakeFiles/main.dir/root/pico/pico-sdk/lib/tinyusb/src/common/tusb_fifo.c.obj
                0x00000000100074c0                tu_fifo_set_overwritable
 .text.spi_init
                0x0000000010007508      0x138 CMakeFiles/main.dir/root/pico/pico-sdk/src/rp2_common/hardware_spi/spi.c.obj
                0x0000000010007508                spi_init
 .text.i2c_set_baudrate
                0x0000000010007640       0xc4 CMakeFiles/main.dir/root/pico/pico-sdk/src/rp2_common/hardware_i2c/i2c.c.obj
                0x0000000010007640                i2c_set_baudrate
 .text.i2c_init
                0x0000000010007704       0x54 CMakeFiles/main.dir/root/pico/pico-sdk/src/rp2_common/hardware_i2c/i2c.c.obj
                0x0000000010007704                i2c_init
 .text.i2c_write_blocking
                0x0000000010007758       0xd0 CMakeFiles/main.dir/root/pico/pico-sdk/src/rp2_common/hardware_i2c/i2c.c.obj
                0x0000000010007758                i2c_write_blocking
 .text.i2c_read_blocking
                0x0000000010007828       0xac CMakeFiles/main.dir/root/pico/pico-sdk/src/rp2_common/hardware_i2c/i2c.c.obj
                0x0000000010007828                i2c_read_blocking
 .text.adc_init
                0x00000000100078d4       0x38 CMakeFiles/main.dir/root/pico/pico-sdk/src/rp2_common/hardware_adc/adc.c.obj
                0x00000000100078d4                adc_init
 .text.pio_irq_func
                0x000000001000790c       0x78 freeWatch/libfreewatch.a(GPS.c.obj)
 .text.GPS_init
                0x0000000010007984      0x24c freeWatch/libfreewatch.a(GPS.c.obj)
                0x0000000010007984                GPS_init
 .text.GPS_handle_parse
                0x0000000010007bd0      0x2bc freeWatch/libfreewatch.a(GPS.c.obj)
                0x0000000010007bd0                GPS_handle_parse
 .text.BUTTONS_get_events
                0x0000000010007e8c       0x80 freeWatch/libfreewatch.a(buttons.c.obj)
                0x0000000010007e8c                BUTTONS_get_events
 .text.COLORS_get_565_from_888
                0x0000000010007f0c       0x10 freeWatch/libfreewatch.a(colors.c.obj)
                0x0000000010007f0c                COLORS_get_565_from_888
 .text.EXT_I2C_init
                0x0000000010007f1c       0x38 freeWatch/libfreewatch.a(ext_i2c.c.obj)
                0x0000000010007f1c                EXT_I2C_init
 .text.EXT_I2C_write
                0x0000000010007f54       0x24 freeWatch/libfreewatch.a(ext_i2c.c.obj)
                0x0000000010007f54                EXT_I2C_write
 .text.EXT_I2C_read
                0x0000000010007f78       0x40 freeWatch/libfreewatch.a(ext_i2c.c.obj)
                0x0000000010007f78                EXT_I2C_read
 .text.EXT_I2C_read_multi
                0x0000000010007fb8       0x38 freeWatch/libfreewatch.a(ext_i2c.c.obj)
                0x0000000010007fb8                EXT_I2C_read_multi
 .text.INFORMATION_set
                0x0000000010007ff0        0xc freeWatch/libfreewatch.a(information.c.obj)
                0x0000000010007ff0                INFORMATION_set
 .text.MCP23008_init
                0x0000000010007ffc       0x30 freeWatch/libfreewatch.a(mcp23008.c.obj)
                0x0000000010007ffc                MCP23008_init
 .text.MCP23008_set_dir
                0x000000001000802c       0x1c freeWatch/libfreewatch.a(mcp23008.c.obj)
                0x000000001000802c                MCP23008_set_dir
 .text.MCP23008_set_pullups
                0x0000000010008048       0x1c freeWatch/libfreewatch.a(mcp23008.c.obj)
                0x0000000010008048                MCP23008_set_pullups
 .text.MCP23008_set_state
                0x0000000010008064       0x1c freeWatch/libfreewatch.a(mcp23008.c.obj)
                0x0000000010008064                MCP23008_set_state
 .text.MCP23008_read_gpio
                0x0000000010008080       0x10 freeWatch/libfreewatch.a(mcp23008.c.obj)
                0x0000000010008080                MCP23008_read_gpio
 .text.minmea_check
                0x0000000010008090       0xac freeWatch/libfreewatch.a(minmea.c.obj)
                0x0000000010008090                minmea_check
 .text.minmea_scan
                0x000000001000813c      0x6c4 freeWatch/libfreewatch.a(minmea.c.obj)
                0x000000001000813c                minmea_scan
 .text.minmea_sentence_id
                0x0000000010008800       0xf4 freeWatch/libfreewatch.a(minmea.c.obj)
                0x0000000010008800                minmea_sentence_id
 .text.minmea_parse_rmc
                0x00000000100088f4       0x90 freeWatch/libfreewatch.a(minmea.c.obj)
                0x00000000100088f4                minmea_parse_rmc
 .text.minmea_parse_gga
                0x0000000010008984       0x7c freeWatch/libfreewatch.a(minmea.c.obj)
                0x0000000010008984                minmea_parse_gga
 .text.RTC_init
                0x0000000010008a00        0x4 freeWatch/libfreewatch.a(rtc.c.obj)
                0x0000000010008a00                RTC_init
 .text.RTC_get_time
                0x0000000010008a04       0x84 freeWatch/libfreewatch.a(rtc.c.obj)
                0x0000000010008a04                RTC_get_time
 .text.SCREENS_debug
                0x0000000010008a88       0x14 freeWatch/libfreewatch.a(screens.c.obj)
                0x0000000010008a88                SCREENS_debug
 .text.SCREENS_draw_watch
                0x0000000010008a9c      0x4ac freeWatch/libfreewatch.a(screens.c.obj)
                0x0000000010008a9c                SCREENS_draw_watch
 .text.SCREENS_draw_Paulina_is_super
                0x0000000010008f48       0x28 freeWatch/libfreewatch.a(screens.c.obj)
                0x0000000010008f48                SCREENS_draw_Paulina_is_super
 .text.LCD_1IN28_Init
                0x0000000010008f70      0xc10 lib/LCD/libLCD.a(LCD_1in28.c.obj)
                0x0000000010008f70                LCD_1IN28_Init
 .text.LCD_1IN28_SetWindows
                0x0000000010009b80       0xd8 lib/LCD/libLCD.a(LCD_1in28.c.obj)
                0x0000000010009b80                LCD_1IN28_SetWindows
 .text.LCD_1IN28_Clear
                0x0000000010009c58       0x58 lib/LCD/libLCD.a(LCD_1in28.c.obj)
                0x0000000010009c58                LCD_1IN28_Clear
 .text.LCD_1IN28_Display
                0x0000000010009cb0       0x38 lib/LCD/libLCD.a(LCD_1in28.c.obj)
                0x0000000010009cb0                LCD_1IN28_Display
 .text.Paint_SetPixel.part.0
                0x0000000010009ce8      0x12c lib/GUI/libGUI.a(GUI_Paint.c.obj)
 .text.Paint_DrawChar.part.0
                0x0000000010009e14       0xe8 lib/GUI/libGUI.a(GUI_Paint.c.obj)
 .text.Paint_DrawPoint.constprop.0
                0x0000000010009efc      0x160 lib/GUI/libGUI.a(GUI_Paint.c.obj)
 .text.Paint_DrawPoint.constprop.1
                0x000000001000a05c      0x314 lib/GUI/libGUI.a(GUI_Paint.c.obj)
 .text.Paint_NewImage
                0x000000001000a370       0x44 lib/GUI/libGUI.a(GUI_Paint.c.obj)
                0x000000001000a370                Paint_NewImage
 .text.Paint_SetRotate
                0x000000001000a3b4       0x20 lib/GUI/libGUI.a(GUI_Paint.c.obj)
                0x000000001000a3b4                Paint_SetRotate
 .text.Paint_SetScale
                0x000000001000a3d4       0x6c lib/GUI/libGUI.a(GUI_Paint.c.obj)
                0x000000001000a3d4                Paint_SetScale
 .text.Paint_Clear
                0x000000001000a440       0xc4 lib/GUI/libGUI.a(GUI_Paint.c.obj)
                0x000000001000a440                Paint_Clear
 .text.Paint_DrawLine
                0x000000001000a504      0x454 lib/GUI/libGUI.a(GUI_Paint.c.obj)
                0x000000001000a504                Paint_DrawLine
 .text.Paint_DrawCircle
                0x000000001000a958      0x3b0 lib/GUI/libGUI.a(GUI_Paint.c.obj)
                0x000000001000a958                Paint_DrawCircle
 .text.Paint_DrawString_EN
                0x000000001000ad08       0xa4 lib/GUI/libGUI.a(GUI_Paint.c.obj)
                0x000000001000ad08                Paint_DrawString_EN
 .text.DEV_Delay_ms
                0x000000001000adac        0x8 lib/Config/libConfig.a(DEV_Config.c.obj)
                0x000000001000adac                DEV_Delay_ms
 .text.DEV_Digital_Write
                0x000000001000adb4       0x14 lib/Config/libConfig.a(DEV_Config.c.obj)
                0x000000001000adb4                DEV_Digital_Write
 .text.DEV_SPI_WriteByte
                0x000000001000adc8       0x18 lib/Config/libConfig.a(DEV_Config.c.obj)
                0x000000001000adc8                DEV_SPI_WriteByte
 .text.DEV_SPI_Write_nByte
                0x000000001000ade0        0x8 lib/Config/libConfig.a(DEV_Config.c.obj)
                0x000000001000ade0                DEV_SPI_Write_nByte
 .text.DEV_SET_PWM
                0x000000001000ade8       0x40 lib/Config/libConfig.a(DEV_Config.c.obj)
                0x000000001000ade8                DEV_SET_PWM
 .text.DEV_Module_Init
                0x000000001000ae28      0x128 lib/Config/libConfig.a(DEV_Config.c.obj)
                0x000000001000ae28                DEV_Module_Init
 .text          0x000000001000af50       0x18 /usr/lib/gcc/arm-none-eabi/10.3.1/../../../arm-none-eabi/lib/thumb/v6-m/nofp/libc.a(lib_a-calloc.o)
                0x000000001000af50                calloc
 .text          0x000000001000af68       0x5c /usr/lib/gcc/arm-none-eabi/10.3.1/../../../arm-none-eabi/lib/thumb/v6-m/nofp/libc.a(lib_a-callocr.o)
                0x000000001000af68                _calloc_r
 .text          0x000000001000afc4       0x28 /usr/lib/gcc/arm-none-eabi/10.3.1/../../../arm-none-eabi/lib/thumb/v6-m/nofp/libc.a(lib_a-malloc.o)
                0x000000001000afc4                malloc
                0x000000001000afd8                free
 .text          0x000000001000afec      0x574 /usr/lib/gcc/arm-none-eabi/10.3.1/../../../arm-none-eabi/lib/thumb/v6-m/nofp/libc.a(lib_a-mallocr.o)
                0x000000001000afec                _malloc_r
 .text          0x000000001000b560        0x8 /usr/lib/gcc/arm-none-eabi/10.3.1/../../../arm-none-eabi/lib/thumb/v6-m/nofp/libc.a(lib_a-mlock.o)
                0x000000001000b560                __malloc_lock
                0x000000001000b564                __malloc_unlock
 .text          0x000000001000b568       0x24 /usr/lib/gcc/arm-none-eabi/10.3.1/../../../arm-none-eabi/lib/thumb/v6-m/nofp/libc.a(lib_a-sbrkr.o)
                0x000000001000b568                _sbrk_r
 .text          0x000000001000b58c       0x88 /usr/lib/gcc/arm-none-eabi/10.3.1/../../../arm-none-eabi/lib/thumb/v6-m/nofp/libc.a(lib_a-strcmp.o)
                0x000000001000b58c                strcmp
 .text          0x000000001000b614       0x5c /usr/lib/gcc/arm-none-eabi/10.3.1/../../../arm-none-eabi/lib/thumb/v6-m/nofp/libc.a(lib_a-strlen-stub.o)
                0x000000001000b614                strlen
 .text          0x000000001000b670      0x1b8 /usr/lib/gcc/arm-none-eabi/10.3.1/../../../arm-none-eabi/lib/thumb/v6-m/nofp/libc.a(lib_a-strtol.o)
                0x000000001000b7b4                _strtol_r
                0x000000001000b7d0                strtol_l
                0x000000001000b7fc                strtol
 .text          0x000000001000b828        0xc /usr/lib/gcc/arm-none-eabi/10.3.1/../../../arm-none-eabi/lib/thumb/v6-m/nofp/libc.a(lib_a-errno.o)
                0x000000001000b828                __errno
 .text          0x000000001000b834      0x260 /usr/lib/gcc/arm-none-eabi/10.3.1/../../../arm-none-eabi/lib/thumb/v6-m/nofp/libc.a(lib_a-freer.o)
                0x000000001000b834                _malloc_trim_r
                0x000000001000b8d0                _free_r
 *(.fini)
 .fini          0x000000001000ba94        0x4 /usr/lib/gcc/arm-none-eabi/10.3.1/thumb/v6-m/nofp/crti.o
                0x000000001000ba94                _fini
 .fini.__stub   0x000000001000ba98       0xe0 linker stubs
 *crtbegin.o(.ctors)
 *crtbegin?.o(.ctors)
 *(EXCLUDE_FILE(*crtend.o *crtend?.o) .ctors)
 *(SORT_BY_NAME(.ctors.*))
 *(.ctors)
 *crtbegin.o(.dtors)
 *crtbegin?.o(.dtors)
 *(EXCLUDE_FILE(*crtend.o *crtend?.o) .dtors)
 *(SORT_BY_NAME(.dtors.*))
 *(.dtors)
 *(.eh_frame*)
 .eh_frame      0x000000001000bb78        0x0 /usr/lib/gcc/arm-none-eabi/10.3.1/thumb/v6-m/nofp/crtbegin.o
                0x000000001000bb78                . = ALIGN (0x4)

.glue_7         0x000000001000bb78        0x0
 .glue_7        0x000000001000bb78        0x0 linker stubs

.glue_7t        0x000000001000bb78        0x0
 .glue_7t       0x000000001000bb78        0x0 linker stubs

.vfp11_veneer   0x000000001000bb78        0x0
 .vfp11_veneer  0x000000001000bb78        0x0 linker stubs

.v4_bx          0x000000001000bb78        0x0
 .v4_bx         0x000000001000bb78        0x0 linker stubs

.iplt           0x000000001000bb78        0x0
 .iplt          0x000000001000bb78        0x0 /usr/lib/gcc/arm-none-eabi/10.3.1/thumb/v6-m/nofp/crtbegin.o

.rodata         0x000000001000bb78      0xe38
 *(EXCLUDE_FILE(*libm.a: *libc.a:*lib_a-mem*.o *libgcc.a:) .rodata*)
 .rodata.DEV_init.str1.4
                0x000000001000bb78       0x15 CMakeFiles/main.dir/main.c.obj
 *fill*         0x000000001000bb8d        0x3 
 .rodata.main.str1.4
                0x000000001000bb90       0x25 CMakeFiles/main.dir/main.c.obj
 *fill*         0x000000001000bbb5        0x3 
 .rodata.pio_claim_unused_sm.str1.4
                0x000000001000bbb8       0x24 CMakeFiles/main.dir/root/pico/pico-sdk/src/rp2_common/hardware_pio/pio.c.obj
 .rodata.pio_add_program.str1.4
                0x000000001000bbdc       0x11 CMakeFiles/main.dir/root/pico/pico-sdk/src/rp2_common/hardware_pio/pio.c.obj
 *fill*         0x000000001000bbed        0x3 
 .rodata.spin_lock_claim_unused.str1.4
                0x000000001000bbf0       0x1b CMakeFiles/main.dir/root/pico/pico-sdk/src/rp2_common/hardware_sync/sync.c.obj
 *fill*         0x000000001000bc0b        0x1 
 .rodata.user_irq_claim_unused.str1.4
                0x000000001000bc0c       0x1b CMakeFiles/main.dir/root/pico/pico-sdk/src/rp2_common/hardware_irq/irq.c.obj
 *fill*         0x000000001000bc27        0x1 
 .rodata.hardware_alarm_claim.str1.4
                0x000000001000bc28       0x22 CMakeFiles/main.dir/root/pico/pico-sdk/src/rp2_common/hardware_timer/timer.c.obj
 *fill*         0x000000001000bc4a        0x2 
 .rodata.panic.str1.4
                0x000000001000bc4c       0x12 CMakeFiles/main.dir/root/pico/pico-sdk/src/rp2_common/pico_runtime/runtime.c.obj
 *fill*         0x000000001000bc5e        0x2 
 .rodata.hard_assertion_failure.str1.4
                0x000000001000bc60        0xc CMakeFiles/main.dir/root/pico/pico-sdk/src/rp2_common/pico_runtime/runtime.c.obj
 .rodata._ftoa.str1.4
                0x000000001000bc6c       0x15 CMakeFiles/main.dir/root/pico/pico-sdk/src/rp2_common/pico_printf/printf.c.obj
 *fill*         0x000000001000bc81        0x3 
 .rodata._vsnprintf
                0x000000001000bc84      0x1e0 CMakeFiles/main.dir/root/pico/pico-sdk/src/rp2_common/pico_printf/printf.c.obj
 *fill*         0x000000001000be64        0x4 
 .rodata.pow10.0
                0x000000001000be68       0x50 CMakeFiles/main.dir/root/pico/pico-sdk/src/rp2_common/pico_printf/printf.c.obj
 .rodata.__wrap_malloc.str1.4
                0x000000001000beb8        0xe CMakeFiles/main.dir/root/pico/pico-sdk/src/rp2_common/pico_malloc/pico_malloc.c.obj
 *fill*         0x000000001000bec6        0x2 
 .rodata.str1.4
                0x000000001000bec8       0x3c CMakeFiles/main.dir/root/pico/pico-sdk/src/rp2_common/pico_standard_link/binary_info.c.obj
 .rodata.__bi_44
                0x000000001000bf04        0xc CMakeFiles/main.dir/root/pico/pico-sdk/src/rp2_common/pico_standard_link/binary_info.c.obj
 .rodata.__bi_75
                0x000000001000bf10        0xc CMakeFiles/main.dir/root/pico/pico-sdk/src/rp2_common/pico_standard_link/binary_info.c.obj
 .rodata.__bi_81
                0x000000001000bf1c        0xc CMakeFiles/main.dir/root/pico/pico-sdk/src/rp2_common/pico_standard_link/binary_info.c.obj
 .rodata.crlf_str.0
                0x000000001000bf28        0x2 CMakeFiles/main.dir/root/pico/pico-sdk/src/rp2_common/pico_stdio/stdio.c.obj
 *fill*         0x000000001000bf2a        0x2 
 .rodata.str1.4
                0x000000001000bf2c       0x2c CMakeFiles/main.dir/root/pico/pico-sdk/src/rp2_common/pico_stdio_uart/stdio_uart.c.obj
 .rodata.__bi_33.4
                0x000000001000bf58        0xc CMakeFiles/main.dir/root/pico/pico-sdk/src/rp2_common/pico_stdio_uart/stdio_uart.c.obj
 .rodata.__bi_34.5
                0x000000001000bf64        0x8 CMakeFiles/main.dir/root/pico/pico-sdk/src/rp2_common/pico_stdio_uart/stdio_uart.c.obj
 .rodata._resetd_driver
                0x000000001000bf6c       0x18 CMakeFiles/main.dir/root/pico/pico-sdk/src/rp2_common/pico_stdio_usb/reset_interface.c.obj
 .rodata.str1.4
                0x000000001000bf84       0x13 CMakeFiles/main.dir/root/pico/pico-sdk/src/rp2_common/pico_stdio_usb/stdio_usb.c.obj
 *fill*         0x000000001000bf97        0x1 
 .rodata.__bi_182.0
                0x000000001000bf98        0xc CMakeFiles/main.dir/root/pico/pico-sdk/src/rp2_common/pico_stdio_usb/stdio_usb.c.obj
 .rodata.str1.4
                0x000000001000bfa4       0x2a CMakeFiles/main.dir/root/pico/pico-sdk/src/rp2_common/pico_stdio_usb/stdio_usb_descriptors.c.obj
 *fill*         0x000000001000bfce        0x2 
 .rodata.usbd_desc_cfg
                0x000000001000bfd0       0x54 CMakeFiles/main.dir/root/pico/pico-sdk/src/rp2_common/pico_stdio_usb/stdio_usb_descriptors.c.obj
 .rodata.usbd_desc_device
                0x000000001000c024       0x12 CMakeFiles/main.dir/root/pico/pico-sdk/src/rp2_common/pico_stdio_usb/stdio_usb_descriptors.c.obj
 *fill*         0x000000001000c036        0x2 
 .rodata.usbd_desc_str
                0x000000001000c038       0x18 CMakeFiles/main.dir/root/pico/pico-sdk/src/rp2_common/pico_stdio_usb/stdio_usb_descriptors.c.obj
 .rodata.str1.4
                0x000000001000c050       0x14 CMakeFiles/main.dir/root/pico/pico-sdk/lib/tinyusb/src/portable/raspberrypi/rp2040/dcd_rp2040.c.obj
 .rodata.str1.4
                0x000000001000c064       0x49 CMakeFiles/main.dir/root/pico/pico-sdk/lib/tinyusb/src/portable/raspberrypi/rp2040/rp2040_usb.c.obj
                                         0x53 (size before relaxing)
 *fill*         0x000000001000c0ad        0x3 
 .rodata.tud_task_ext
                0x000000001000c0b0       0x8c CMakeFiles/main.dir/root/pico/pico-sdk/lib/tinyusb/src/device/usbd.c.obj
 .rodata._usbd_driver
                0x000000001000c13c       0x18 CMakeFiles/main.dir/root/pico/pico-sdk/lib/tinyusb/src/device/usbd.c.obj
 .rodata.pio_irq_func.str1.4
                0x000000001000c154        0xc freeWatch/libfreewatch.a(GPS.c.obj)
 .rodata.GPS_init.str1.4
                0x000000001000c160       0x28 freeWatch/libfreewatch.a(GPS.c.obj)
 .rodata.GPS_handle_parse.str1.4
                0x000000001000c188       0x2a freeWatch/libfreewatch.a(GPS.c.obj)
 *fill*         0x000000001000c1b2        0x2 
 .rodata.uart_rx_program
                0x000000001000c1b4        0x6 freeWatch/libfreewatch.a(GPS.c.obj)
 *fill*         0x000000001000c1ba        0x2 
 .rodata.uart_rx_program_instructions
                0x000000001000c1bc       0x12 freeWatch/libfreewatch.a(GPS.c.obj)
 *fill*         0x000000001000c1ce        0x2 
 .rodata        0x000000001000c1d0        0xa freeWatch/libfreewatch.a(mcp23008.c.obj)
 *fill*         0x000000001000c1da        0x2 
 .rodata.minmea_scan
                0x000000001000c1dc      0x188 freeWatch/libfreewatch.a(minmea.c.obj)
 .rodata.minmea_talker_id.str1.4
                0x000000001000c364       0x2a freeWatch/libfreewatch.a(minmea.c.obj)
                                          0x2 (size before relaxing)
 .rodata.minmea_sentence_id.str1.4
                0x000000001000c364       0x24 freeWatch/libfreewatch.a(minmea.c.obj)
 .rodata.minmea_parse_rmc.str1.4
                0x000000001000c388        0xd freeWatch/libfreewatch.a(minmea.c.obj)
 *fill*         0x000000001000c395        0x3 
 .rodata.minmea_parse_gga.str1.4
                0x000000001000c398       0x10 freeWatch/libfreewatch.a(minmea.c.obj)
 .rodata.SCREENS_draw_watch.str1.4
                0x000000001000c3a8        0x3 freeWatch/libfreewatch.a(screens.c.obj)
 *fill*         0x000000001000c3ab        0x1 
 .rodata.SCREENS_draw_Paulina_is_super.str1.4
                0x000000001000c3ac       0x13 freeWatch/libfreewatch.a(screens.c.obj)
 *fill*         0x000000001000c3bf        0x1 
 .rodata.Paint_DrawLine.constprop.0.str1.4
                0x000000001000c3c0       0x49 lib/GUI/libGUI.a(GUI_Paint.c.obj)
 *fill*         0x000000001000c409        0x3 
 .rodata        0x000000001000c40c      0x474 lib/Fonts/libFonts.a(font12.c.obj)
                0x000000001000c40c                Font12_Table
 .rodata.DEV_SET_PWM.str1.4
                0x000000001000c880       0x14 lib/Config/libConfig.a(DEV_Config.c.obj)
 .rodata.DEV_Module_Init.str1.4
                0x000000001000c894       0x15 lib/Config/libConfig.a(DEV_Config.c.obj)
 *fill*         0x000000001000c8a9        0x3 
 .rodata        0x000000001000c8ac      0x101 /usr/lib/gcc/arm-none-eabi/10.3.1/../../../arm-none-eabi/lib/thumb/v6-m/nofp/libc.a(lib_a-ctype_.o)
                0x000000001000c8ac                _ctype_
                0x000000001000c9b0                . = ALIGN (0x4)
 *fill*         0x000000001000c9ad        0x3 
 *(SORT_BY_ALIGNMENT(SORT_BY_NAME(.flashdata*)))
                0x000000001000c9b0                . = ALIGN (0x4)

.ARM.extab
 *(.ARM.extab* .gnu.linkonce.armextab.*)
                0x000000001000c9b0                __exidx_start = .

.ARM.exidx
 *(.ARM.exidx* .gnu.linkonce.armexidx.*)
                0x000000001000c9b0                __exidx_end = .
                0x000000001000c9b0                . = ALIGN (0x4)
                0x000000001000c9b0                __binary_info_start = .

.binary_info    0x000000001000c9b0       0x28
 *(.binary_info.keep.*)
 .binary_info.keep.__bi_ptr22
                0x000000001000c9b0        0x4 CMakeFiles/main.dir/root/pico/pico-sdk/src/rp2_common/pico_standard_link/binary_info.c.obj
 .binary_info.keep.__bi_ptr30
                0x000000001000c9b4        0x4 CMakeFiles/main.dir/root/pico/pico-sdk/src/rp2_common/pico_standard_link/binary_info.c.obj
 .binary_info.keep.__bi_ptr38
                0x000000001000c9b8        0x4 CMakeFiles/main.dir/root/pico/pico-sdk/src/rp2_common/pico_standard_link/binary_info.c.obj
 .binary_info.keep.__bi_ptr44
                0x000000001000c9bc        0x4 CMakeFiles/main.dir/root/pico/pico-sdk/src/rp2_common/pico_standard_link/binary_info.c.obj
 .binary_info.keep.__bi_ptr50
                0x000000001000c9c0        0x4 CMakeFiles/main.dir/root/pico/pico-sdk/src/rp2_common/pico_standard_link/binary_info.c.obj
 .binary_info.keep.__bi_ptr75
                0x000000001000c9c4        0x4 CMakeFiles/main.dir/root/pico/pico-sdk/src/rp2_common/pico_standard_link/binary_info.c.obj
 .binary_info.keep.__bi_ptr81
                0x000000001000c9c8        0x4 CMakeFiles/main.dir/root/pico/pico-sdk/src/rp2_common/pico_standard_link/binary_info.c.obj
 *(.binary_info.*)
 .binary_info.__bi_ptr33
                0x000000001000c9cc        0x4 CMakeFiles/main.dir/root/pico/pico-sdk/src/rp2_common/pico_stdio_uart/stdio_uart.c.obj
 .binary_info.__bi_ptr34
                0x000000001000c9d0        0x4 CMakeFiles/main.dir/root/pico/pico-sdk/src/rp2_common/pico_stdio_uart/stdio_uart.c.obj
 .binary_info.__bi_ptr182
                0x000000001000c9d4        0x4 CMakeFiles/main.dir/root/pico/pico-sdk/src/rp2_common/pico_stdio_usb/stdio_usb.c.obj
                0x000000001000c9d8                __binary_info_end = .

.rel.dyn        0x000000001000c9d8        0x0
 .rel.iplt      0x000000001000c9d8        0x0 /usr/lib/gcc/arm-none-eabi/10.3.1/thumb/v6-m/nofp/crtbegin.o
                0x000000001000c9d8                . = ALIGN (0x4)

.ram_vector_table
                0x0000000020000000       0xc0
 *(.ram_vector_table)
 .ram_vector_table
                0x0000000020000000       0xc0 CMakeFiles/main.dir/root/pico/pico-sdk/src/rp2_common/pico_runtime/runtime.c.obj
                0x0000000020000000                ram_vector_table

.data           0x00000000200000c0     0x1710 load address 0x000000001000c9d8
                0x00000000200000c0                __data_start__ = .
 *(vtable)
 *(.time_critical*)
 .time_critical.mutex_try_enter
                0x00000000200000c0       0x44 CMakeFiles/main.dir/root/pico/pico-sdk/src/common/pico_sync/mutex.c.obj
                0x00000000200000c0                mutex_try_enter
 .time_critical.mutex_try_enter_block_until
                0x0000000020000104       0x9c CMakeFiles/main.dir/root/pico/pico-sdk/src/common/pico_sync/mutex.c.obj
                0x0000000020000104                mutex_try_enter_block_until
 .time_critical.mutex_enter_timeout_ms
                0x00000000200001a0       0x90 CMakeFiles/main.dir/root/pico/pico-sdk/src/common/pico_sync/mutex.c.obj
                0x00000000200001a0                mutex_enter_timeout_ms
 .time_critical.mutex_exit
                0x0000000020000230       0x28 CMakeFiles/main.dir/root/pico/pico-sdk/src/common/pico_sync/mutex.c.obj
                0x0000000020000230                mutex_exit
 .time_critical.flash_init_boot2_copyout
                0x0000000020000258       0x30 CMakeFiles/main.dir/root/pico/pico-sdk/src/rp2_common/hardware_flash/flash.c.obj
 .time_critical.flash_enable_xip_via_boot2
                0x0000000020000288       0x10 CMakeFiles/main.dir/root/pico/pico-sdk/src/rp2_common/hardware_flash/flash.c.obj
 .time_critical.flash_cs_force
                0x0000000020000298       0x38 CMakeFiles/main.dir/root/pico/pico-sdk/src/rp2_common/hardware_flash/flash.c.obj
 .time_critical.flash_do_cmd
                0x00000000200002d0       0xc4 CMakeFiles/main.dir/root/pico/pico-sdk/src/rp2_common/hardware_flash/flash.c.obj
                0x00000000200002d0                flash_do_cmd
 .time_critical.reset_non_control_endpoints
                0x0000000020000394       0xbc CMakeFiles/main.dir/root/pico/pico-sdk/lib/tinyusb/src/portable/raspberrypi/rp2040/dcd_rp2040.c.obj
 .time_critical.hw_handle_buff_status
                0x0000000020000450       0xa8 CMakeFiles/main.dir/root/pico/pico-sdk/lib/tinyusb/src/portable/raspberrypi/rp2040/dcd_rp2040.c.obj
 .time_critical.dcd_rp2040_irq
                0x00000000200004f8      0x4d8 CMakeFiles/main.dir/root/pico/pico-sdk/lib/tinyusb/src/portable/raspberrypi/rp2040/dcd_rp2040.c.obj
 .time_critical.e15_is_bulkin_ep
                0x00000000200009d0       0x28 CMakeFiles/main.dir/root/pico/pico-sdk/lib/tinyusb/src/portable/raspberrypi/rp2040/rp2040_usb.c.obj
 .time_critical.e15_is_critical_frame_period
                0x00000000200009f8       0x34 CMakeFiles/main.dir/root/pico/pico-sdk/lib/tinyusb/src/portable/raspberrypi/rp2040/rp2040_usb.c.obj
 .time_critical.prepare_ep_buffer
                0x0000000020000a2c       0x70 CMakeFiles/main.dir/root/pico/pico-sdk/lib/tinyusb/src/portable/raspberrypi/rp2040/rp2040_usb.c.obj
 .time_critical.sync_ep_buffer
                0x0000000020000a9c       0x4c CMakeFiles/main.dir/root/pico/pico-sdk/lib/tinyusb/src/portable/raspberrypi/rp2040/rp2040_usb.c.obj
 .time_critical._hw_endpoint_xfer_sync
                0x0000000020000ae8       0x28 CMakeFiles/main.dir/root/pico/pico-sdk/lib/tinyusb/src/portable/raspberrypi/rp2040/rp2040_usb.c.obj
 .time_critical.hw_endpoint_reset_transfer
                0x0000000020000b10        0xc CMakeFiles/main.dir/root/pico/pico-sdk/lib/tinyusb/src/portable/raspberrypi/rp2040/rp2040_usb.c.obj
                0x0000000020000b10                hw_endpoint_reset_transfer
 .time_critical._hw_endpoint_buffer_control_update32
                0x0000000020000b1c       0x58 CMakeFiles/main.dir/root/pico/pico-sdk/lib/tinyusb/src/portable/raspberrypi/rp2040/rp2040_usb.c.obj
                0x0000000020000b1c                _hw_endpoint_buffer_control_update32
 .time_critical.hw_endpoint_start_next_buffer
                0x0000000020000b74       0x6c CMakeFiles/main.dir/root/pico/pico-sdk/lib/tinyusb/src/portable/raspberrypi/rp2040/rp2040_usb.c.obj
                0x0000000020000b74                hw_endpoint_start_next_buffer
 .time_critical.hw_endpoint_xfer_continue
                0x0000000020000be0       0x50 CMakeFiles/main.dir/root/pico/pico-sdk/lib/tinyusb/src/portable/raspberrypi/rp2040/rp2040_usb.c.obj
                0x0000000020000be0                hw_endpoint_xfer_continue
 .time_critical.tinyusb
                0x0000000020000c30      0x170 CMakeFiles/main.dir/root/pico/pico-sdk/lib/tinyusb/src/device/usbd.c.obj
                0x0000000020000c30                dcd_event_handler
 .time_critical.spi_write_blocking
                0x0000000020000da0       0x4c CMakeFiles/main.dir/root/pico/pico-sdk/src/rp2_common/hardware_spi/spi.c.obj
                0x0000000020000da0                spi_write_blocking
 *(.text*)
 .text          0x0000000020000dec        0x4 /usr/lib/gcc/arm-none-eabi/10.3.1/thumb/v6-m/nofp/libgcc.a(_dvmd_tls.o)
                0x0000000020000dec                __aeabi_ldiv0
                0x0000000020000dec                __aeabi_idiv0
 .text.__stub   0x0000000020000df0       0x70 linker stubs
                0x0000000020000e60                . = ALIGN (0x4)
 *(.rodata*)
                0x0000000020000e60                . = ALIGN (0x4)
 *(.data*)
 .data.striped_spin_lock_num
                0x0000000020000e60        0x1 CMakeFiles/main.dir/root/pico/pico-sdk/src/rp2_common/hardware_sync/sync.c.obj
 *fill*         0x0000000020000e61        0x3 
 .data          0x0000000020000e64       0x48 CMakeFiles/main.dir/root/pico/pico-sdk/src/rp2_common/hardware_irq/irq_handler_chain.S.obj
                0x0000000020000e64                irq_handler_chain_slots
                0x0000000020000e94                irq_handler_chain_first_slot
                0x0000000020000e9e                irq_handler_chain_remove_tail
 .data.default_alarm_pool
                0x0000000020000eac       0x18 CMakeFiles/main.dir/root/pico/pico-sdk/src/common/pico_time/time.c.obj
 .data.default_alarm_pool_heap
                0x0000000020000ec4       0x10 CMakeFiles/main.dir/root/pico/pico-sdk/src/common/pico_time/time.c.obj
 *fill*         0x0000000020000ed4        0xc 
 .data.aeabi_bits_funcs
                0x0000000020000ee0       0x10 CMakeFiles/main.dir/root/pico/pico-sdk/src/rp2_common/pico_bit_ops/bit_ops_aeabi.S.obj
                0x0000000020000ee0                aeabi_bits_funcs
                0x0000000020000ef0                aeabi_bits_funcs_end
 .data.aeabi_mem_funcs
                0x0000000020000ef0       0x10 CMakeFiles/main.dir/root/pico/pico-sdk/src/rp2_common/pico_mem_ops/mem_ops_aeabi.S.obj
                0x0000000020000ef0                aeabi_mem_funcs
                0x0000000020000f00                aeabi_mem_funcs_end
 .data.stdio_uart
                0x0000000020000f00       0x18 CMakeFiles/main.dir/root/pico/pico-sdk/src/rp2_common/pico_stdio_uart/stdio_uart.c.obj
                0x0000000020000f00                stdio_uart
 .data.stdio_usb
                0x0000000020000f18       0x18 CMakeFiles/main.dir/root/pico/pico-sdk/src/rp2_common/pico_stdio_usb/stdio_usb.c.obj
                0x0000000020000f18                stdio_usb
 .data.ep_dir_string
                0x0000000020000f30        0x8 CMakeFiles/main.dir/root/pico/pico-sdk/lib/tinyusb/src/portable/raspberrypi/rp2040/rp2040_usb.c.obj
                0x0000000020000f30                ep_dir_string
 .data._usbd_qdef
                0x0000000020000f38       0x1c CMakeFiles/main.dir/root/pico/pico-sdk/lib/tinyusb/src/device/usbd.c.obj
                0x0000000020000f38                _usbd_qdef
 .data._usbd_rhport
                0x0000000020000f54        0x1 CMakeFiles/main.dir/root/pico/pico-sdk/lib/tinyusb/src/device/usbd.c.obj
 *fill*         0x0000000020000f55        0x3 
 .data.i2c0_inst
                0x0000000020000f58        0x8 CMakeFiles/main.dir/root/pico/pico-sdk/src/rp2_common/hardware_i2c/i2c.c.obj
                0x0000000020000f58                i2c0_inst
 .data.i2c1_inst
                0x0000000020000f60        0x8 CMakeFiles/main.dir/root/pico/pico-sdk/src/rp2_common/hardware_i2c/i2c.c.obj
                0x0000000020000f60                i2c1_inst
 .data          0x0000000020000f68        0x8 lib/Fonts/libFonts.a(font12.c.obj)
                0x0000000020000f68                Font12
 .data          0x0000000020000f70      0x430 /usr/lib/gcc/arm-none-eabi/10.3.1/../../../arm-none-eabi/lib/thumb/v6-m/nofp/libc.a(lib_a-impure.o)
                0x0000000020000f70                _impure_ptr
 .data          0x00000000200013a0      0x410 /usr/lib/gcc/arm-none-eabi/10.3.1/../../../arm-none-eabi/lib/thumb/v6-m/nofp/libc.a(lib_a-mallocr.o)
                0x00000000200013a0                __malloc_sbrk_base
                0x00000000200013a4                __malloc_trim_threshold
                0x00000000200013a8                __malloc_av_
                0x00000000200017b0                . = ALIGN (0x4)
 *(.after_data.*)
                0x00000000200017b0                . = ALIGN (0x4)
                0x00000000200017b0                PROVIDE (__mutex_array_start = .)
 *(SORT_BY_NAME(.mutex_array.*))
 *(.mutex_array)
 .mutex_array   0x00000000200017b0        0x8 CMakeFiles/main.dir/root/pico/pico-sdk/src/rp2_common/pico_stdio/stdio.c.obj
                0x00000000200017b8                PROVIDE (__mutex_array_end = .)
                0x00000000200017b8                . = ALIGN (0x4)
                0x00000000200017b8                PROVIDE (__preinit_array_start = .)
 *(SORT_BY_NAME(.preinit_array.*))
 .preinit_array.00001
                0x00000000200017b8        0x4 CMakeFiles/main.dir/root/pico/pico-sdk/src/rp2_common/pico_mem_ops/mem_ops_aeabi.S.obj
 .preinit_array.00010
                0x00000000200017bc        0x4 CMakeFiles/main.dir/root/pico/pico-sdk/src/rp2_common/pico_bit_ops/bit_ops_aeabi.S.obj
 .preinit_array.00020
                0x00000000200017c0        0x4 CMakeFiles/main.dir/root/pico/pico-sdk/src/rp2_common/pico_double/double_aeabi.S.obj
 .preinit_array.00020
                0x00000000200017c4        0x4 CMakeFiles/main.dir/root/pico/pico-sdk/src/rp2_common/pico_float/float_aeabi.S.obj
 *(.preinit_array)
                0x00000000200017c8                PROVIDE (__preinit_array_end = .)
                0x00000000200017c8                . = ALIGN (0x4)
                0x00000000200017c8                PROVIDE (__init_array_start = .)
 *(SORT_BY_NAME(.init_array.*))
 *(.init_array)
 .init_array    0x00000000200017c8        0x4 /usr/lib/gcc/arm-none-eabi/10.3.1/thumb/v6-m/nofp/crtbegin.o
 .init_array    0x00000000200017cc        0x4 CMakeFiles/main.dir/root/pico/pico-sdk/src/rp2_common/pico_unique_id/unique_id.c.obj
                0x00000000200017d0                PROVIDE (__init_array_end = .)
                0x00000000200017d0                . = ALIGN (0x4)
                0x00000000200017d0                PROVIDE (__fini_array_start = .)
 *(SORT_BY_NAME(.fini_array.*))
 *(.fini_array)
                0x00000000200017d0                PROVIDE (__fini_array_end = .)
 *(.jcr)
                0x00000000200017d0                . = ALIGN (0x4)
                0x00000000200017d0                __data_end__ = .
                0x000000001000c9d8                __etext = LOADADDR (.data)

.tm_clone_table
                0x00000000200017d0        0x0 load address 0x000000001000e0e8
 .tm_clone_table
                0x00000000200017d0        0x0 /usr/lib/gcc/arm-none-eabi/10.3.1/thumb/v6-m/nofp/crtbegin.o
 .tm_clone_table
                0x00000000200017d0        0x0 /usr/lib/gcc/arm-none-eabi/10.3.1/thumb/v6-m/nofp/crtend.o

.igot.plt       0x00000000200017d0        0x0 load address 0x000000001000e0e8
 .igot.plt      0x00000000200017d0        0x0 /usr/lib/gcc/arm-none-eabi/10.3.1/thumb/v6-m/nofp/crtbegin.o

.uninitialized_data
                0x00000000200017d0        0x0 load address 0x000000001000e0e8
                0x00000000200017d0                . = ALIGN (0x4)
 *(.uninitialized_data*)

.scratch_x      0x0000000020040000        0x0 load address 0x000000001000e0e8
                0x0000000020040000                __scratch_x_start__ = .
 *(.scratch_x.*)
                0x0000000020040000                . = ALIGN (0x4)
                0x0000000020040000                __scratch_x_end__ = .
                0x000000001000e0e8                __scratch_x_source__ = LOADADDR (.scratch_x)

.scratch_y      0x0000000020041000        0x0 load address 0x000000001000e0e8
                0x0000000020041000                __scratch_y_start__ = .
 *(.scratch_y.*)
                0x0000000020041000                . = ALIGN (0x4)
                0x0000000020041000                __scratch_y_end__ = .
                0x000000001000e0e8                __scratch_y_source__ = LOADADDR (.scratch_y)

.bss            0x00000000200017d0      0xe58
                0x00000000200017d0                . = ALIGN (0x4)
                0x00000000200017d0                __bss_start__ = .
 *(SORT_BY_ALIGNMENT(SORT_BY_NAME(.bss*)))
 .bss.default_alarm_pool_entries
                0x00000000200017d0      0x100 CMakeFiles/main.dir/root/pico/pico-sdk/src/common/pico_time/time.c.obj
 .bss.last_avail_time.1
                0x00000000200018d0        0x8 CMakeFiles/main.dir/root/pico/pico-sdk/src/rp2_common/pico_stdio_usb/stdio_usb.c.obj
 .bss.sd_table  0x00000000200018d8      0x100 CMakeFiles/main.dir/root/pico/pico-sdk/src/rp2_common/pico_double/double_init_rom.c.obj
                0x00000000200018d8                sd_table
 .bss.sf_table  0x00000000200019d8      0x100 CMakeFiles/main.dir/root/pico/pico-sdk/src/rp2_common/pico_float/float_init_rom.c.obj
                0x00000000200019d8                sf_table
 .bss           0x0000000020001ad8       0x1c /usr/lib/gcc/arm-none-eabi/10.3.1/thumb/v6-m/nofp/crtbegin.o
 .bss           0x0000000020001af4       0x34 /usr/lib/gcc/arm-none-eabi/10.3.1/../../../arm-none-eabi/lib/thumb/v6-m/nofp/libc.a(lib_a-mallocr.o)
                0x0000000020001af4                __malloc_top_pad
                0x0000000020001af8                __malloc_current_mallinfo
                0x0000000020001b20                __malloc_max_sbrked_mem
                0x0000000020001b24                __malloc_max_total_mem
 .bss           0x0000000020001b28        0x4 /usr/lib/gcc/arm-none-eabi/10.3.1/../../../arm-none-eabi/lib/thumb/v6-m/nofp/libc.a(lib_a-reent.o)
                0x0000000020001b28                errno
 .bss.LCD_1IN28
                0x0000000020001b2c        0x6 lib/LCD/libLCD.a(LCD_1in28.c.obj)
                0x0000000020001b2c                LCD_1IN28
 *fill*         0x0000000020001b32        0x2 
 .bss.Paint     0x0000000020001b34       0x18 lib/GUI/libGUI.a(GUI_Paint.c.obj)
                0x0000000020001b34                Paint
 .bss._app_driver
                0x0000000020001b4c        0x4 CMakeFiles/main.dir/root/pico/pico-sdk/lib/tinyusb/src/device/usbd.c.obj
 .bss._cdcd_itf
                0x0000000020001b50      0x2c8 CMakeFiles/main.dir/root/pico/pico-sdk/lib/tinyusb/src/class/cdc/cdc_device.c.obj
 .bss._ctrl_xfer
                0x0000000020001e18       0x14 CMakeFiles/main.dir/root/pico/pico-sdk/lib/tinyusb/src/device/usbd_control.c.obj
 .bss._ubsd_mutexdef
                0x0000000020001e2c        0x8 CMakeFiles/main.dir/root/pico/pico-sdk/lib/tinyusb/src/device/usbd.c.obj
 .bss._usbd_ctrl_buf
                0x0000000020001e34       0x40 CMakeFiles/main.dir/root/pico/pico-sdk/lib/tinyusb/src/device/usbd_control.c.obj
 .bss._usbd_dev
                0x0000000020001e74       0x53 CMakeFiles/main.dir/root/pico/pico-sdk/lib/tinyusb/src/device/usbd.c.obj
 *fill*         0x0000000020001ec7        0x1 
 .bss._usbd_mutex