Archive member included to satisfy reference by file (symbol)

freeWatch/libfreewatch.a(colors.c.obj)
                              CMakeFiles/main.dir/main.c.obj (COLORS_get_565_from_888)
freeWatch/libfreewatch.a(ext_i2c.c.obj)
                              CMakeFiles/main.dir/main.c.obj (EXT_I2C_init)
freeWatch/libfreewatch.a(mcp23008.c.obj)
                              CMakeFiles/main.dir/main.c.obj (MCP23008_init)
lib/LCD/libLCD.a(LCD_1in28.c.obj)
                              CMakeFiles/main.dir/main.c.obj (LCD_1IN28_Init)
lib/GUI/libGUI.a(GUI_Paint.c.obj)
                              CMakeFiles/main.dir/main.c.obj (Paint_NewImage)
lib/Config/libConfig.a(DEV_Config.c.obj)
                              freeWatch/libfreewatch.a(ext_i2c.c.obj) (DEV_Delay_ms)
/usr/lib/gcc/arm-none-eabi/10.3.1/thumb/v6-m/nofp/libgcc.a(_dvmd_tls.o)
                              CMakeFiles/main.dir/home/jur/pico/pico-sdk/src/rp2_common/pico_divider/divider.S.obj (__aeabi_idiv0)
/usr/lib/gcc/arm-none-eabi/10.3.1/../../../arm-none-eabi/lib/thumb/v6-m/nofp/libg.a(lib_a-atexit.o)
                              /usr/lib/gcc/arm-none-eabi/10.3.1/../../../arm-none-eabi/lib/thumb/v6-m/nofp/crt0.o (atexit)
/usr/lib/gcc/arm-none-eabi/10.3.1/../../../arm-none-eabi/lib/thumb/v6-m/nofp/libg.a(lib_a-calloc.o)
                              CMakeFiles/main.dir/home/jur/pico/pico-sdk/src/rp2_common/pico_malloc/pico_malloc.c.obj (calloc)
/usr/lib/gcc/arm-none-eabi/10.3.1/../../../arm-none-eabi/lib/thumb/v6-m/nofp/libg.a(lib_a-callocr.o)
                              /usr/lib/gcc/arm-none-eabi/10.3.1/../../../arm-none-eabi/lib/thumb/v6-m/nofp/libg.a(lib_a-calloc.o) (_calloc_r)
/usr/lib/gcc/arm-none-eabi/10.3.1/../../../arm-none-eabi/lib/thumb/v6-m/nofp/libg.a(lib_a-fini.o)
                              /usr/lib/gcc/arm-none-eabi/10.3.1/../../../arm-none-eabi/lib/thumb/v6-m/nofp/crt0.o (__libc_fini_array)
/usr/lib/gcc/arm-none-eabi/10.3.1/../../../arm-none-eabi/lib/thumb/v6-m/nofp/libg.a(lib_a-impure.o)
                              /usr/lib/gcc/arm-none-eabi/10.3.1/../../../arm-none-eabi/lib/thumb/v6-m/nofp/libg.a(lib_a-calloc.o) (_impure_ptr)
/usr/lib/gcc/arm-none-eabi/10.3.1/../../../arm-none-eabi/lib/thumb/v6-m/nofp/libg.a(lib_a-init.o)
                              /usr/lib/gcc/arm-none-eabi/10.3.1/../../../arm-none-eabi/lib/thumb/v6-m/nofp/crt0.o (__libc_init_array)
/usr/lib/gcc/arm-none-eabi/10.3.1/../../../arm-none-eabi/lib/thumb/v6-m/nofp/libg.a(lib_a-malloc.o)
                              CMakeFiles/main.dir/home/jur/pico/pico-sdk/src/rp2_common/pico_malloc/pico_malloc.c.obj (malloc)
/usr/lib/gcc/arm-none-eabi/10.3.1/../../../arm-none-eabi/lib/thumb/v6-m/nofp/libg.a(lib_a-mallocr.o)
                              /usr/lib/gcc/arm-none-eabi/10.3.1/../../../arm-none-eabi/lib/thumb/v6-m/nofp/libg.a(lib_a-callocr.o) (_malloc_r)
/usr/lib/gcc/arm-none-eabi/10.3.1/../../../arm-none-eabi/lib/thumb/v6-m/nofp/libg.a(lib_a-mlock.o)
                              /usr/lib/gcc/arm-none-eabi/10.3.1/../../../arm-none-eabi/lib/thumb/v6-m/nofp/libg.a(lib_a-mallocr.o) (__malloc_lock)
/usr/lib/gcc/arm-none-eabi/10.3.1/../../../arm-none-eabi/lib/thumb/v6-m/nofp/libg.a(lib_a-realloc.o)
                              CMakeFiles/main.dir/home/jur/pico/pico-sdk/src/rp2_common/pico_malloc/pico_malloc.c.obj (realloc)
/usr/lib/gcc/arm-none-eabi/10.3.1/../../../arm-none-eabi/lib/thumb/v6-m/nofp/libg.a(lib_a-reallocr.o)
                              /usr/lib/gcc/arm-none-eabi/10.3.1/../../../arm-none-eabi/lib/thumb/v6-m/nofp/libg.a(lib_a-realloc.o) (_realloc_r)
/usr/lib/gcc/arm-none-eabi/10.3.1/../../../arm-none-eabi/lib/thumb/v6-m/nofp/libg.a(lib_a-sbrkr.o)
                              /usr/lib/gcc/arm-none-eabi/10.3.1/../../../arm-none-eabi/lib/thumb/v6-m/nofp/libg.a(lib_a-mallocr.o) (_sbrk_r)
/usr/lib/gcc/arm-none-eabi/10.3.1/../../../arm-none-eabi/lib/thumb/v6-m/nofp/libg.a(lib_a-strlen-stub.o)
                              CMakeFiles/main.dir/home/jur/pico/pico-sdk/src/rp2_common/pico_stdio/stdio.c.obj (strlen)
/usr/lib/gcc/arm-none-eabi/10.3.1/../../../arm-none-eabi/lib/thumb/v6-m/nofp/libg.a(lib_a-__atexit.o)
                              /usr/lib/gcc/arm-none-eabi/10.3.1/../../../arm-none-eabi/lib/thumb/v6-m/nofp/libg.a(lib_a-atexit.o) (__register_exitproc)
/usr/lib/gcc/arm-none-eabi/10.3.1/../../../arm-none-eabi/lib/thumb/v6-m/nofp/libg.a(lib_a-freer.o)
                              /usr/lib/gcc/arm-none-eabi/10.3.1/../../../arm-none-eabi/lib/thumb/v6-m/nofp/libg.a(lib_a-malloc.o) (_free_r)
/usr/lib/gcc/arm-none-eabi/10.3.1/../../../arm-none-eabi/lib/thumb/v6-m/nofp/libg.a(lib_a-memmove.o)
                              /usr/lib/gcc/arm-none-eabi/10.3.1/../../../arm-none-eabi/lib/thumb/v6-m/nofp/libg.a(lib_a-reallocr.o) (memmove)
/usr/lib/gcc/arm-none-eabi/10.3.1/../../../arm-none-eabi/lib/thumb/v6-m/nofp/libg.a(lib_a-reent.o)
[...]
Memory Configuration

Name             Origin             Length             Attributes
FLASH            0x0000000010000000 0x0000000000200000 xr
RAM              0x0000000020000000 0x0000000000040000 xrw
SCRATCH_X        0x0000000020040000 0x0000000000001000 xrw
SCRATCH_Y        0x0000000020041000 0x0000000000001000 xrw
*default*        0x0000000000000000 0xffffffffffffffff

Linker script and memory map

LOAD /usr/lib/gcc/arm-none-eabi/10.3.1/thumb/v6-m/nofp/crti.o
LOAD /usr/lib/gcc/arm-none-eabi/10.3.1/thumb/v6-m/nofp/crtbegin.o
LOAD /usr/lib/gcc/arm-none-eabi/10.3.1/../../../arm-none-eabi/lib/thumb/v6-m/nofp/crt0.o

.flash_begin    0x0000000010000000        0x0
                0x0000000010000000                __flash_binary_start = .

.boot2          0x0000000010000000      0x100
                0x0000000010000000                __boot2_start__ = .
 *(.boot2)
 .boot2         0x0000000010000000      0x100 /tmp/ccSFgt7m.o
                0x0000000010000100                __boot2_end__ = .
                0x0000000000000001                ASSERT (((__boot2_end__ - __boot2_start__) == 0x100), ERROR: Pico second stage bootloader must be 256 bytes in size)

.text           0x0000000010000100     0x9560
                0x0000000010000100                __logical_binary_start = .
 *(.vectors)
 .vectors       0x0000000010000100       0xd4 CMakeFiles/main.dir/home/jur/pico/pico-sdk/src/rp2_common/pico_standard_link/crt0.S.obj
                0x0000000010000100                __vectors
                0x0000000010000100                __VECTOR_TABLE
                0x00000000100001c0                isr_invalid
                0x00000000100001c0                __default_isrs_start
                0x00000000100001c2                isr_nmi
                0x00000000100001c4                isr_hardfault
                0x00000000100001c6                isr_svcall
                0x00000000100001c8                isr_pendsv
                0x00000000100001ca                isr_systick
                0x00000000100001cc                isr_irq30
                0x00000000100001cc                __unhandled_user_irq
                0x00000000100001cc                isr_irq13
                0x00000000100001cc                isr_irq27
                0x00000000100001cc                isr_irq31
                0x00000000100001cc                isr_irq5
                0x00000000100001cc                isr_irq11
                0x00000000100001cc                isr_irq23
                0x00000000100001cc                isr_irq18
                0x00000000100001cc                isr_irq28
                0x00000000100001cc                isr_irq19
                0x00000000100001cc                isr_irq0
                0x00000000100001cc                isr_irq6
                0x00000000100001cc                isr_irq22
                0x00000000100001cc                isr_irq17
                0x00000000100001cc                isr_irq14
                0x00000000100001cc                isr_irq2
                0x00000000100001cc                isr_irq10
                0x00000000100001cc                isr_irq8
                0x00000000100001cc                isr_irq24
                0x00000000100001cc                isr_irq1
                0x00000000100001cc                isr_irq7
                0x00000000100001cc                isr_irq21
                0x00000000100001cc                isr_irq20
                0x00000000100001cc                isr_irq15
                0x00000000100001cc                isr_irq25
                0x00000000100001cc                isr_irq4
                0x00000000100001cc                isr_irq16
                0x00000000100001cc                isr_irq29
                0x00000000100001cc                isr_irq26
                0x00000000100001cc                __default_isrs_end
                0x00000000100001cc                isr_irq3
                0x00000000100001cc                isr_irq12
                0x00000000100001cc                isr_irq9
                0x00000000100001d2                unhandled_user_irq_num_in_r0
 *(.binary_info_header)
 .binary_info_header
                0x00000000100001d4       0x14 CMakeFiles/main.dir/home/jur/pico/pico-sdk/src/rp2_common/pico_standard_link/crt0.S.obj
                0x00000000100001e8                __binary_info_header_end = .
 *(.reset)
 .reset         0x00000000100001e8       0xa0 CMakeFiles/main.dir/home/jur/pico/pico-sdk/src/rp2_common/pico_standard_link/crt0.S.obj
                0x00000000100001e8                _entry_point
 .reset         0x0000000010000288       0x30 CMakeFiles/main.dir/home/jur/pico/pico-sdk/src/rp2_common/pico_standard_link/binary_info.c.obj
 *(.init)
 .init          0x00000000100002b8        0x4 /usr/lib/gcc/arm-none-eabi/10.3.1/thumb/v6-m/nofp/crti.o
                0x00000000100002b8                _init
 *(EXCLUDE_FILE(*libm.a: *libc.a:*lib_a-mem*.o *libgcc.a:) .text*)
 .text          0x00000000100002bc       0x98 /usr/lib/gcc/arm-none-eabi/10.3.1/thumb/v6-m/nofp/crtbegin.o
 .text.DEV_init
                0x0000000010000354       0x30 CMakeFiles/main.dir/main.c.obj
                0x0000000010000354                DEV_init
 .text.SUBDEV_init
                0x0000000010000384        0xc CMakeFiles/main.dir/main.c.obj
                0x0000000010000384                SUBDEV_init
 .text.main     0x0000000010000390      0x114 CMakeFiles/main.dir/main.c.obj
                0x0000000010000390                main
 .text.gpio_set_function
                0x00000000100004a4       0x30 CMakeFiles/main.dir/home/jur/pico/pico-sdk/src/rp2_common/hardware_gpio/gpio.c.obj
                0x00000000100004a4                gpio_set_function
 .text.gpio_set_pulls
                0x00000000100004d4       0x34 CMakeFiles/main.dir/home/jur/pico/pico-sdk/src/rp2_common/hardware_gpio/gpio.c.obj
                0x00000000100004d4                gpio_set_pulls
 .text.gpio_set_input_enabled
                0x0000000010000508       0x30 CMakeFiles/main.dir/home/jur/pico/pico-sdk/src/rp2_common/hardware_gpio/gpio.c.obj
                0x0000000010000508                gpio_set_input_enabled
 .text.gpio_init
                0x0000000010000538       0x16 CMakeFiles/main.dir/home/jur/pico/pico-sdk/src/rp2_common/hardware_gpio/gpio.c.obj
                0x0000000010000538                gpio_init
 *fill*         0x000000001000054e        0x2 
 .text.running_on_fpga
                0x0000000010000550       0x14 CMakeFiles/main.dir/home/jur/pico/pico-sdk/src/rp2_common/pico_platform/platform.c.obj
                0x0000000010000550                running_on_fpga
 .text.hw_claim_lock
                0x0000000010000564       0x18 CMakeFiles/main.dir/home/jur/pico/pico-sdk/src/rp2_common/hardware_claim/claim.c.obj
                0x0000000010000564                hw_claim_lock
 .text.hw_claim_unlock
                0x000000001000057c       0x14 CMakeFiles/main.dir/home/jur/pico/pico-sdk/src/rp2_common/hardware_claim/claim.c.obj
                0x000000001000057c                hw_claim_unlock
 .text.hw_claim_or_assert
                0x0000000010000590       0x32 CMakeFiles/main.dir/home/jur/pico/pico-sdk/src/rp2_common/hardware_claim/claim.c.obj
                0x0000000010000590                hw_claim_or_assert
 .text.hw_claim_unused_from_range
                0x00000000100005c2       0x50 CMakeFiles/main.dir/home/jur/pico/pico-sdk/src/rp2_common/hardware_claim/claim.c.obj
                0x00000000100005c2                hw_claim_unused_from_range
 *fill*         0x0000000010000612        0x2 
 .text.spin_locks_reset
                0x0000000010000614       0x20 CMakeFiles/main.dir/home/jur/pico/pico-sdk/src/rp2_common/hardware_sync/sync.c.obj
                0x0000000010000614                spin_locks_reset
 .text.next_striped_spin_lock_num
                0x0000000010000634       0x1c CMakeFiles/main.dir/home/jur/pico/pico-sdk/src/rp2_common/hardware_sync/sync.c.obj
                0x0000000010000634                next_striped_spin_lock_num
 .text.spin_lock_claim_unused
                0x0000000010000650       0x20 CMakeFiles/main.dir/home/jur/pico/pico-sdk/src/rp2_common/hardware_sync/sync.c.obj
                0x0000000010000650                spin_lock_claim_unused
 .text.set_raw_irq_handler_and_unlock
                0x0000000010000670       0x28 CMakeFiles/main.dir/home/jur/pico/pico-sdk/src/rp2_common/hardware_irq/irq.c.obj
 .text.make_branch
                0x0000000010000698       0x48 CMakeFiles/main.dir/home/jur/pico/pico-sdk/src/rp2_common/hardware_irq/irq.c.obj
 .text.insert_branch_and_link
                0x00000000100006e0       0x40 CMakeFiles/main.dir/home/jur/pico/pico-sdk/src/rp2_common/hardware_irq/irq.c.obj
 .text.irq_is_enabled
                0x0000000010000720       0x18 CMakeFiles/main.dir/home/jur/pico/pico-sdk/src/rp2_common/hardware_irq/irq.c.obj
                0x0000000010000720                irq_is_enabled
 .text.irq_set_mask_enabled
                0x0000000010000738       0x20 CMakeFiles/main.dir/home/jur/pico/pico-sdk/src/rp2_common/hardware_irq/irq.c.obj
                0x0000000010000738                irq_set_mask_enabled
 .text.irq_set_enabled
                0x0000000010000758        0xe CMakeFiles/main.dir/home/jur/pico/pico-sdk/src/rp2_common/hardware_irq/irq.c.obj
                0x0000000010000758                irq_set_enabled
 *fill*         0x0000000010000766        0x2 
 .text.irq_set_pending
                0x0000000010000768       0x10 CMakeFiles/main.dir/home/jur/pico/pico-sdk/src/rp2_common/hardware_irq/irq.c.obj
                0x0000000010000768                irq_set_pending
 .text.irq_get_vtable_handler
                0x0000000010000778       0x10 CMakeFiles/main.dir/home/jur/pico/pico-sdk/src/rp2_common/hardware_irq/irq.c.obj
                0x0000000010000778                irq_get_vtable_handler
 .text.irq_has_shared_handler
                0x0000000010000788       0x24 CMakeFiles/main.dir/home/jur/pico/pico-sdk/src/rp2_common/hardware_irq/irq.c.obj
                0x0000000010000788                irq_has_shared_handler
 .text.irq_set_exclusive_handler
                0x00000000100007ac       0x54 CMakeFiles/main.dir/home/jur/pico/pico-sdk/src/rp2_common/hardware_irq/irq.c.obj
                0x00000000100007ac                irq_set_exclusive_handler
 .text.irq_add_shared_handler
                0x0000000010000800      0x234 CMakeFiles/main.dir/home/jur/pico/pico-sdk/src/rp2_common/hardware_irq/irq.c.obj
                0x0000000010000800                irq_add_shared_handler
 .text.irq_remove_handler
                0x0000000010000a34      0x1ac CMakeFiles/main.dir/home/jur/pico/pico-sdk/src/rp2_common/hardware_irq/irq.c.obj
                0x0000000010000a34                irq_remove_handler
 .text.irq_add_tail_to_free_list
                0x0000000010000be0       0xf0 CMakeFiles/main.dir/home/jur/pico/pico-sdk/src/rp2_common/hardware_irq/irq.c.obj
                0x0000000010000be0                irq_add_tail_to_free_list
 .text.irq_init_priorities
                0x0000000010000cd0       0x1c CMakeFiles/main.dir/home/jur/pico/pico-sdk/src/rp2_common/hardware_irq/irq.c.obj
                0x0000000010000cd0                irq_init_priorities
 .text.user_irq_claim_unused
                0x0000000010000cec       0x28 CMakeFiles/main.dir/home/jur/pico/pico-sdk/src/rp2_common/hardware_irq/irq.c.obj
                0x0000000010000cec                user_irq_claim_unused
 .text.lock_init
                0x0000000010000d14       0x10 CMakeFiles/main.dir/home/jur/pico/pico-sdk/src/common/pico_sync/lock_core.c.obj
                0x0000000010000d14                lock_init
 .text.mutex_init
                0x0000000010000d24       0x1a CMakeFiles/main.dir/home/jur/pico/pico-sdk/src/common/pico_sync/mutex.c.obj
                0x0000000010000d24                mutex_init
 .text.recursive_mutex_init
                0x0000000010000d3e       0x1e CMakeFiles/main.dir/home/jur/pico/pico-sdk/src/common/pico_sync/mutex.c.obj
                0x0000000010000d3e                recursive_mutex_init
 .text.critical_section_init_with_lock_num
                0x0000000010000d5c       0x14 CMakeFiles/main.dir/home/jur/pico/pico-sdk/src/common/pico_sync/critical_section.c.obj
                0x0000000010000d5c                critical_section_init_with_lock_num
 .text.critical_section_init
                0x0000000010000d70       0x14 CMakeFiles/main.dir/home/jur/pico/pico-sdk/src/common/pico_sync/critical_section.c.obj
                0x0000000010000d70                critical_section_init
 .text.alarm_pool_post_alloc_init
                0x0000000010000d84       0x40 CMakeFiles/main.dir/home/jur/pico/pico-sdk/src/common/pico_time/time.c.obj
 .text.sleep_until_callback
                0x0000000010000dc4       0x30 CMakeFiles/main.dir/home/jur/pico/pico-sdk/src/common/pico_time/time.c.obj
 .text.timer_pool_entry_comparator
                0x0000000010000df4       0x7c CMakeFiles/main.dir/home/jur/pico/pico-sdk/src/common/pico_time/time.c.obj
                0x0000000010000df4                timer_pool_entry_comparator
 .text.ph_add_child_node
                0x0000000010000e70       0xa4 CMakeFiles/main.dir/home/jur/pico/pico-sdk/src/common/pico_time/time.c.obj
 .text.ph_merge_nodes
                0x0000000010000f14       0x3e CMakeFiles/main.dir/home/jur/pico/pico-sdk/src/common/pico_time/time.c.obj
 *fill*         0x0000000010000f52        0x2 
 .text.add_alarm_under_lock
                0x0000000010000f54      0x174 CMakeFiles/main.dir/home/jur/pico/pico-sdk/src/common/pico_time/time.c.obj
 .text.alarm_pool_alarm_callback
                0x00000000100010c8      0x33c CMakeFiles/main.dir/home/jur/pico/pico-sdk/src/common/pico_time/time.c.obj
 .text.alarm_pool_init_default
                0x0000000010001404       0x40 CMakeFiles/main.dir/home/jur/pico/pico-sdk/src/common/pico_time/time.c.obj
                0x0000000010001404                alarm_pool_init_default
 .text.alarm_pool_get_default
                0x0000000010001444       0x2c CMakeFiles/main.dir/home/jur/pico/pico-sdk/src/common/pico_time/time.c.obj
                0x0000000010001444                alarm_pool_get_default
 .text.alarm_pool_add_alarm_at
                0x0000000010001470      0x168 CMakeFiles/main.dir/home/jur/pico/pico-sdk/src/common/pico_time/time.c.obj
                0x0000000010001470                alarm_pool_add_alarm_at
 .text.alarm_pool_cancel_alarm
                0x00000000100015d8       0xf8 CMakeFiles/main.dir/home/jur/pico/pico-sdk/src/common/pico_time/time.c.obj
                0x00000000100015d8                alarm_pool_cancel_alarm
 .text.alarm_pool_core_num
                0x00000000100016d0        0x4 CMakeFiles/main.dir/home/jur/pico/pico-sdk/src/common/pico_time/time.c.obj
                0x00000000100016d0                alarm_pool_core_num
 .text.sleep_until
                0x00000000100016d4       0xfc CMakeFiles/main.dir/home/jur/pico/pico-sdk/src/common/pico_time/time.c.obj
                0x00000000100016d4                sleep_until
 .text.sleep_us
                0x00000000100017d0       0x58 CMakeFiles/main.dir/home/jur/pico/pico-sdk/src/common/pico_time/time.c.obj
                0x00000000100017d0                sleep_us
 .text.sleep_ms
                0x0000000010001828       0x14 CMakeFiles/main.dir/home/jur/pico/pico-sdk/src/common/pico_time/time.c.obj
                0x0000000010001828                sleep_ms
 .text.best_effort_wfe_or_timeout
                0x000000001000183c       0xac CMakeFiles/main.dir/home/jur/pico/pico-sdk/src/common/pico_time/time.c.obj
                0x000000001000183c                best_effort_wfe_or_timeout
 .text.hardware_alarm_irq_handler
                0x00000000100018e8       0x90 CMakeFiles/main.dir/home/jur/pico/pico-sdk/src/rp2_common/hardware_timer/timer.c.obj
 .text.hardware_alarm_claim
                0x0000000010001978       0x18 CMakeFiles/main.dir/home/jur/pico/pico-sdk/src/rp2_common/hardware_timer/timer.c.obj
                0x0000000010001978                hardware_alarm_claim
 .text.time_us_64
                0x0000000010001990       0x18 CMakeFiles/main.dir/home/jur/pico/pico-sdk/src/rp2_common/hardware_timer/timer.c.obj
                0x0000000010001990                time_us_64
 .text.busy_wait_until
                0x00000000100019a8       0x28 CMakeFiles/main.dir/home/jur/pico/pico-sdk/src/rp2_common/hardware_timer/timer.c.obj
                0x00000000100019a8                busy_wait_until
 .text.busy_wait_us
                0x00000000100019d0       0x48 CMakeFiles/main.dir/home/jur/pico/pico-sdk/src/rp2_common/hardware_timer/timer.c.obj
                0x00000000100019d0                busy_wait_us
 .text.hardware_alarm_set_callback
                0x0000000010001a18       0x90 CMakeFiles/main.dir/home/jur/pico/pico-sdk/src/rp2_common/hardware_timer/timer.c.obj
                0x0000000010001a18                hardware_alarm_set_callback
 .text.hardware_alarm_set_target
                0x0000000010001aa8       0xe8 CMakeFiles/main.dir/home/jur/pico/pico-sdk/src/rp2_common/hardware_timer/timer.c.obj
                0x0000000010001aa8                hardware_alarm_set_target
 .text.hardware_alarm_cancel
                0x0000000010001b90       0x40 CMakeFiles/main.dir/home/jur/pico/pico-sdk/src/rp2_common/hardware_timer/timer.c.obj
                0x0000000010001b90                hardware_alarm_cancel
 .text.ph_add_child_node
                0x0000000010001bd0       0xa4 CMakeFiles/main.dir/home/jur/pico/pico-sdk/src/common/pico_util/pheap.c.obj
 .text.ph_merge_nodes
                0x0000000010001c74       0x3e CMakeFiles/main.dir/home/jur/pico/pico-sdk/src/common/pico_util/pheap.c.obj
 *fill*         0x0000000010001cb2        0x2 
 .text.ph_clear
                0x0000000010001cb4       0x70 CMakeFiles/main.dir/home/jur/pico/pico-sdk/src/common/pico_util/pheap.c.obj
                0x0000000010001cb4                ph_clear
 .text.ph_post_alloc_init
                0x0000000010001d24        0xe CMakeFiles/main.dir/home/jur/pico/pico-sdk/src/common/pico_util/pheap.c.obj
                0x0000000010001d24                ph_post_alloc_init
 *fill*         0x0000000010001d32        0x2 
 .text.ph_merge_two_pass
                0x0000000010001d34       0xa8 CMakeFiles/main.dir/home/jur/pico/pico-sdk/src/common/pico_util/pheap.c.obj
                0x0000000010001d34                ph_merge_two_pass
 .text.ph_remove_any_head
                0x0000000010001ddc      0x128 CMakeFiles/main.dir/home/jur/pico/pico-sdk/src/common/pico_util/pheap.c.obj
 .text.ph_remove_head
                0x0000000010001f04       0x14 CMakeFiles/main.dir/home/jur/pico/pico-sdk/src/common/pico_util/pheap.c.obj
                0x0000000010001f04                ph_remove_head
 .text.ph_remove_and_free_node
                0x0000000010001f18       0xf8 CMakeFiles/main.dir/home/jur/pico/pico-sdk/src/common/pico_util/pheap.c.obj
                0x0000000010001f18                ph_remove_and_free_node
 .text.uart_disable_before_lcr_write
                0x0000000010002010       0x48 CMakeFiles/main.dir/home/jur/pico/pico-sdk/src/rp2_common/hardware_uart/uart.c.obj
 .text.uart_write_lcr_bits_masked
                0x0000000010002058       0x22 CMakeFiles/main.dir/home/jur/pico/pico-sdk/src/rp2_common/hardware_uart/uart.c.obj
 *fill*         0x000000001000207a        0x2 
 .text.uart_set_baudrate
                0x000000001000207c       0x5c CMakeFiles/main.dir/home/jur/pico/pico-sdk/src/rp2_common/hardware_uart/uart.c.obj
                0x000000001000207c                uart_set_baudrate
 .text.uart_set_format
                0x00000000100020d8       0x2c CMakeFiles/main.dir/home/jur/pico/pico-sdk/src/rp2_common/hardware_uart/uart.c.obj
                0x00000000100020d8                uart_set_format
 .text.uart_set_translate_crlf
                0x0000000010002104       0x28 CMakeFiles/main.dir/home/jur/pico/pico-sdk/src/rp2_common/hardware_uart/uart.c.obj
                0x0000000010002104                uart_set_translate_crlf
 .text.uart_init
                0x000000001000212c       0x80 CMakeFiles/main.dir/home/jur/pico/pico-sdk/src/rp2_common/hardware_uart/uart.c.obj
                0x000000001000212c                uart_init
 .text.clock_configure
                0x00000000100021ac      0x108 CMakeFiles/main.dir/home/jur/pico/pico-sdk/src/rp2_common/hardware_clocks/clocks.c.obj
                0x00000000100021ac                clock_configure
 .text.clocks_init
                0x00000000100022b4      0x100 CMakeFiles/main.dir/home/jur/pico/pico-sdk/src/rp2_common/hardware_clocks/clocks.c.obj
                0x00000000100022b4                clocks_init
 .text.clock_get_hz
                0x00000000100023b4        0xc CMakeFiles/main.dir/home/jur/pico/pico-sdk/src/rp2_common/hardware_clocks/clocks.c.obj
                0x00000000100023b4                clock_get_hz
 .text.pll_init
                0x00000000100023c0      0x120 CMakeFiles/main.dir/home/jur/pico/pico-sdk/src/rp2_common/hardware_pll/pll.c.obj
                0x00000000100023c0                pll_init
 .text.watchdog_start_tick
                0x00000000100024e0       0x10 CMakeFiles/main.dir/home/jur/pico/pico-sdk/src/rp2_common/hardware_watchdog/watchdog.c.obj
                0x00000000100024e0                watchdog_start_tick
 .text.watchdog_update
                0x00000000100024f0       0x14 CMakeFiles/main.dir/home/jur/pico/pico-sdk/src/rp2_common/hardware_watchdog/watchdog.c.obj
                0x00000000100024f0                watchdog_update
 .text._watchdog_enable
                0x0000000010002504       0x78 CMakeFiles/main.dir/home/jur/pico/pico-sdk/src/rp2_common/hardware_watchdog/watchdog.c.obj
                0x0000000010002504                _watchdog_enable
 .text.watchdog_reboot
                0x000000001000257c       0x48 CMakeFiles/main.dir/home/jur/pico/pico-sdk/src/rp2_common/hardware_watchdog/watchdog.c.obj
                0x000000001000257c                watchdog_reboot
 .text.xosc_init
                0x00000000100025c4       0x28 CMakeFiles/main.dir/home/jur/pico/pico-sdk/src/rp2_common/hardware_xosc/xosc.c.obj
                0x00000000100025c4                xosc_init
 .text._exit    0x00000000100025ec        0x4 CMakeFiles/main.dir/home/jur/pico/pico-sdk/src/rp2_common/pico_runtime/runtime.c.obj
                0x00000000100025ec                _exit
 .text._sbrk    0x00000000100025f0       0x38 CMakeFiles/main.dir/home/jur/pico/pico-sdk/src/rp2_common/pico_runtime/runtime.c.obj
                0x00000000100025f0                _sbrk
 .text.exit     0x0000000010002628        0x6 CMakeFiles/main.dir/home/jur/pico/pico-sdk/src/rp2_common/pico_runtime/runtime.c.obj
                0x0000000010002628                exit
 *fill*         0x000000001000262e        0x2 
 .text.__assert_func
                0x0000000010002630       0x3c CMakeFiles/main.dir/home/jur/pico/pico-sdk/src/rp2_common/pico_runtime/runtime.c.obj
                0x0000000010002630                __assert_func
 .text.runtime_init
                0x000000001000266c       0xf8 CMakeFiles/main.dir/home/jur/pico/pico-sdk/src/rp2_common/pico_runtime/runtime.c.obj
                0x000000001000266c                runtime_init
 .text.panic    0x0000000010002764       0x30 CMakeFiles/main.dir/home/jur/pico/pico-sdk/src/rp2_common/pico_runtime/runtime.c.obj
                0x0000000010002764                panic
 .text._out_null
                0x0000000010002794        0x2 CMakeFiles/main.dir/home/jur/pico/pico-sdk/src/rp2_common/pico_printf/printf.c.obj
 .text._out_fct
                0x0000000010002796        0xe CMakeFiles/main.dir/home/jur/pico/pico-sdk/src/rp2_common/pico_printf/printf.c.obj
 .text._atoi    0x00000000100027a4       0x24 CMakeFiles/main.dir/home/jur/pico/pico-sdk/src/rp2_common/pico_printf/printf.c.obj
 .text._out_rev
                0x00000000100027c8       0xae CMakeFiles/main.dir/home/jur/pico/pico-sdk/src/rp2_common/pico_printf/printf.c.obj
 .text._ntoa_format
                0x0000000010002876      0x112 CMakeFiles/main.dir/home/jur/pico/pico-sdk/src/rp2_common/pico_printf/printf.c.obj
 .text._ntoa_long
                0x0000000010002988       0xbc CMakeFiles/main.dir/home/jur/pico/pico-sdk/src/rp2_common/pico_printf/printf.c.obj
 .text._ntoa_long_long
                0x0000000010002a44       0xe2 CMakeFiles/main.dir/home/jur/pico/pico-sdk/src/rp2_common/pico_printf/printf.c.obj
 *fill*         0x0000000010002b26        0x2 
 .text._etoa    0x0000000010002b28      0x414 CMakeFiles/main.dir/home/jur/pico/pico-sdk/src/rp2_common/pico_printf/printf.c.obj
 .text._ftoa    0x0000000010002f3c      0x354 CMakeFiles/main.dir/home/jur/pico/pico-sdk/src/rp2_common/pico_printf/printf.c.obj
 .text._vsnprintf
                0x0000000010003290      0x624 CMakeFiles/main.dir/home/jur/pico/pico-sdk/src/rp2_common/pico_printf/printf.c.obj
 .text.vfctprintf
                0x00000000100038b4       0x20 CMakeFiles/main.dir/home/jur/pico/pico-sdk/src/rp2_common/pico_printf/printf.c.obj
                0x00000000100038b4                vfctprintf
 .text          0x00000000100038d4       0x10 CMakeFiles/main.dir/home/jur/pico/pico-sdk/src/rp2_common/pico_bit_ops/bit_ops_aeabi.S.obj
 .text.rom_func_lookup
                0x00000000100038e4       0x10 CMakeFiles/main.dir/home/jur/pico/pico-sdk/src/rp2_common/pico_bootrom/bootrom.c.obj
                0x00000000100038e4                rom_func_lookup
 .text.rom_data_lookup
                0x00000000100038f4       0x10 CMakeFiles/main.dir/home/jur/pico/pico-sdk/src/rp2_common/pico_bootrom/bootrom.c.obj
                0x00000000100038f4                rom_data_lookup
 .text.rom_funcs_lookup
                0x0000000010003904       0x36 CMakeFiles/main.dir/home/jur/pico/pico-sdk/src/rp2_common/pico_bootrom/bootrom.c.obj
                0x0000000010003904                rom_funcs_lookup
 *fill*         0x000000001000393a        0x2 
 .text.__wrap___aeabi_idiv
                0x000000001000393c       0x50 CMakeFiles/main.dir/home/jur/pico/pico-sdk/src/rp2_common/pico_divider/divider.S.obj
                0x000000001000393c                __wrap___aeabi_idivmod
                0x000000001000393c                divmod_s32s32
                0x000000001000393c                div_s32s32
                0x000000001000393c                __wrap___aeabi_idiv
                0x0000000010003944                divmod_s32s32_unsafe
                0x0000000010003970                divmod_s32s32_savestate
 .text.__wrap___aeabi_uidiv
                0x000000001000398c       0x4c CMakeFiles/main.dir/home/jur/pico/pico-sdk/src/rp2_common/pico_divider/divider.S.obj
                0x000000001000398c                __wrap___aeabi_uidiv
                0x000000001000398c                __wrap___aeabi_uidivmod
                0x000000001000398c                div_u32u32
                0x000000001000398c                divmod_u32u32
                0x0000000010003994                divmod_u32u32_unsafe
                0x00000000100039bc                divmod_u32u32_savestate
 .text.__wrap___aeabi_ldiv
                0x00000000100039d8      0x424 CMakeFiles/main.dir/home/jur/pico/pico-sdk/src/rp2_common/pico_divider/divider.S.obj
                0x00000000100039d8                div_s64s64
                0x00000000100039d8                divmod_s64s64
                0x00000000100039d8                __wrap___aeabi_ldivmod
                0x0000000010003a08                div_u64u64
                0x0000000010003a08                divmod_u64u64
                0x0000000010003a08                __wrap___aeabi_uldivmod
                0x0000000010003a18                divmod_u64u64_savestate
                0x0000000010003a38                divmod_s64s64_unsafe
                0x0000000010003ac0                divmod_u64u64_unsafe
 .text.push_r8_r11
                0x0000000010003dfc        0xc CMakeFiles/main.dir/home/jur/pico/pico-sdk/src/rp2_common/pico_double/double_aeabi.S.obj
                0x0000000010003dfc                push_r8_r11
 .text.pop_r8_r11
                0x0000000010003e08        0xc CMakeFiles/main.dir/home/jur/pico/pico-sdk/src/rp2_common/pico_double/double_aeabi.S.obj
                0x0000000010003e08                pop_r8_r11
 .text.__wrap___aeabi_darithmetic
                0x0000000010003e14       0x80 CMakeFiles/main.dir/home/jur/pico/pico-sdk/src/rp2_common/pico_double/double_aeabi.S.obj
                0x0000000010003e14                __wrap___aeabi_drsub
                0x0000000010003e1a                __wrap___aeabi_dsub
                0x0000000010003e2c                __wrap___aeabi_dadd
                0x0000000010003e3e                __wrap___aeabi_ddiv
                0x0000000010003e7a                __wrap___aeabi_dmul
 .text.__wrap___aeabi_cdcmple
                0x0000000010003e94       0x6c CMakeFiles/main.dir/home/jur/pico/pico-sdk/src/rp2_common/pico_double/double_aeabi.S.obj
                0x0000000010003e94                __wrap___aeabi_cdrcmple
                0x0000000010003ea4                __wrap___aeabi_cdcmple
                0x0000000010003ea4                __wrap___aeabi_cdcmpeq
 .text.__wrap___aeabi_dcmplt
                0x0000000010003f00        0xc CMakeFiles/main.dir/home/jur/pico/pico-sdk/src/rp2_common/pico_double/double_aeabi.S.obj
                0x0000000010003f00                __wrap___aeabi_dcmplt
 .text.__wrap___aeabi_dcmple
                0x0000000010003f0c       0x10 CMakeFiles/main.dir/home/jur/pico/pico-sdk/src/rp2_common/pico_double/double_aeabi.S.obj
                0x0000000010003f0c                __wrap___aeabi_dcmple
 .text.__wrap___aeabi_dcmpge
                0x0000000010003f1c       0x10 CMakeFiles/main.dir/home/jur/pico/pico-sdk/src/rp2_common/pico_double/double_aeabi.S.obj
                0x0000000010003f1c                __wrap___aeabi_dcmpge
 .text.__wrap___aeabi_dcmpgt
                0x0000000010003f2c        0xa CMakeFiles/main.dir/home/jur/pico/pico-sdk/src/rp2_common/pico_double/double_aeabi.S.obj
                0x0000000010003f2c                __wrap___aeabi_dcmpgt
 .text.__wrap___aeabi_dcmpun
                0x0000000010003f36       0x1c CMakeFiles/main.dir/home/jur/pico/pico-sdk/src/rp2_common/pico_double/double_aeabi.S.obj
                0x0000000010003f36                __wrap___aeabi_dcmpun
 *fill*         0x0000000010003f52        0x2 
 .text.__wrap___aeabi_i2d
                0x0000000010003f54       0x38 CMakeFiles/main.dir/home/jur/pico/pico-sdk/src/rp2_common/pico_double/double_aeabi.S.obj
                0x0000000010003f54                __wrap___aeabi_ui2d
                0x0000000010003f5c                __wrap___aeabi_i2d
 .text.__wrap___aeabi_d2iz
                0x0000000010003f8c       0x48 CMakeFiles/main.dir/home/jur/pico/pico-sdk/src/rp2_common/pico_double/double_aeabi.S.obj
                0x0000000010003f8c                __wrap___aeabi_d2iz
                0x0000000010003f8c                double2int_z
 .text.__wrap___aeabi_d2uiz
                0x0000000010003fd4       0x18 CMakeFiles/main.dir/home/jur/pico/pico-sdk/src/rp2_common/pico_double/double_aeabi.S.obj
                0x0000000010003fd4                double2uint
                0x0000000010003fd4                __wrap___aeabi_d2uiz
 .text.fix642double
                0x0000000010003fec       0x18 CMakeFiles/main.dir/home/jur/pico/pico-sdk/src/rp2_common/pico_double/double_aeabi.S.obj
                0x0000000010003fec                fix642double
 .text.__wrap_sincostan_remainder
                0x0000000010004004       0x14 CMakeFiles/main.dir/home/jur/pico/pico-sdk/src/rp2_common/pico_double/double_aeabi.S.obj
                0x0000000010004004                sincostan_remainder
 .text.__wrap_cos
                0x0000000010004018       0x2c CMakeFiles/main.dir/home/jur/pico/pico-sdk/src/rp2_common/pico_double/double_aeabi.S.obj
                0x0000000010004018                __wrap_cos
 .text.__wrap_sin
                0x0000000010004044       0x2c CMakeFiles/main.dir/home/jur/pico/pico-sdk/src/rp2_common/pico_double/double_aeabi.S.obj
                0x0000000010004044                __wrap_sin
 .text.__aeabi_double_init
                0x0000000010004070       0xc8 CMakeFiles/main.dir/home/jur/pico/pico-sdk/src/rp2_common/pico_double/double_init_rom.c.obj
                0x0000000010004070                __aeabi_double_init
 .text.drem_0   0x0000000010004138      0x130 CMakeFiles/main.dir/home/jur/pico/pico-sdk/src/rp2_common/pico_double/double_math.c.obj
 .text.__wrap_remquo
                0x0000000010004268      0x17c CMakeFiles/main.dir/home/jur/pico/pico-sdk/src/rp2_common/pico_double/double_math.c.obj
                0x0000000010004268                __wrap_remquo
 .text.__wrap_remainder
                0x00000000100043e4       0x10 CMakeFiles/main.dir/home/jur/pico/pico-sdk/src/rp2_common/pico_double/double_math.c.obj
                0x00000000100043e4                __wrap_remainder
 .text.double_table_shim_on_use_helper
                0x00000000100043f4       0x34 CMakeFiles/main.dir/home/jur/pico/pico-sdk/src/rp2_common/pico_double/double_v1_rom_shim.S.obj
                0x00000000100043f4                double_table_shim_on_use_helper
 .text.__wrap___aeabi_dsub
                0x0000000010004428       0x10 CMakeFiles/main.dir/home/jur/pico/pico-sdk/src/rp2_common/pico_double/double_v1_rom_shim.S.obj
                0x0000000010004428                drsub_shim
                0x000000001000442e                dsub_shim
 .text.dadd_shim
                0x0000000010004438      0x15c CMakeFiles/main.dir/home/jur/pico/pico-sdk/src/rp2_common/pico_double/double_v1_rom_shim.S.obj
                0x0000000010004438                dadd_shim
 .text.dmul_shim
                0x0000000010004594      0x15c CMakeFiles/main.dir/home/jur/pico/pico-sdk/src/rp2_common/pico_double/double_v1_rom_shim.S.obj
                0x0000000010004594                dmul_shim
 .text.ddiv_shim
                0x00000000100046f0      0x1b0 CMakeFiles/main.dir/home/jur/pico/pico-sdk/src/rp2_common/pico_double/double_v1_rom_shim.S.obj
                0x00000000100046f0                ddiv_shim
 .text.dcordic_vec_step
                0x00000000100048a0        0xe CMakeFiles/main.dir/home/jur/pico/pico-sdk/src/rp2_common/pico_double/double_v1_rom_shim.S.obj
                0x00000000100048a0                dcordic_vec_step
 .text.dcordic_rot_step
                0x00000000100048ae       0x76 CMakeFiles/main.dir/home/jur/pico/pico-sdk/src/rp2_common/pico_double/double_v1_rom_shim.S.obj
                0x00000000100048ae                dcordic_rot_step
 .text.double2uint_shim
                0x0000000010004924        0xe CMakeFiles/main.dir/home/jur/pico/pico-sdk/src/rp2_common/pico_double/double_v1_rom_shim.S.obj
                0x0000000010004924                double2uint_shim
                0x0000000010004926                double2ufix_shim
 .text.double2int64_shim
                0x0000000010004932       0x1a CMakeFiles/main.dir/home/jur/pico/pico-sdk/src/rp2_common/pico_double/double_v1_rom_shim.S.obj
                0x0000000010004932                double2int64_shim
                0x0000000010004934                double2fix64_shim
 .text.double2uint64_shim
                0x000000001000494c       0x70 CMakeFiles/main.dir/home/jur/pico/pico-sdk/src/rp2_common/pico_double/double_v1_rom_shim.S.obj
                0x000000001000494c                double2uint64_shim
                0x000000001000494e                double2ufix64_shim
                0x000000001000496e                d2fix_a
 .text.x2double_shims
                0x00000000100049bc       0x90 CMakeFiles/main.dir/home/jur/pico/pico-sdk/src/rp2_common/pico_double/double_v1_rom_shim.S.obj
                0x00000000100049bc                uint2double_shim
                0x00000000100049be                ufix2double_shim
                0x00000000100049c4                int2double_shim
                0x00000000100049c6                fix2double_shim
                0x00000000100049cc                uint642double_shim
                0x00000000100049ce                ufix642double_shim
                0x00000000100049d4                int642double_shim
                0x00000000100049d6                fix642double_shim
 .text.dunpacks
                0x0000000010004a4c       0x3c CMakeFiles/main.dir/home/jur/pico/pico-sdk/src/rp2_common/pico_double/double_v1_rom_shim.S.obj
                0x0000000010004a4c                dunpacks
 .text.dreduce  0x0000000010004a88       0x82 CMakeFiles/main.dir/home/jur/pico/pico-sdk/src/rp2_common/pico_double/double_v1_rom_shim.S.obj
                0x0000000010004a88                dreduce
 .text.dcos_shim
                0x0000000010004b0a       0x10 CMakeFiles/main.dir/home/jur/pico/pico-sdk/src/rp2_common/pico_double/double_v1_rom_shim.S.obj
                0x0000000010004b0a                dcos_shim
 .text.dsin_shim
                0x0000000010004b1a       0x14 CMakeFiles/main.dir/home/jur/pico/pico-sdk/src/rp2_common/pico_double/double_v1_rom_shim.S.obj
                0x0000000010004b1a                dsin_shim
 *fill*         0x0000000010004b2e        0x2 
 .text.dtrig_guts
                0x0000000010004b30      0x2ec CMakeFiles/main.dir/home/jur/pico/pico-sdk/src/rp2_common/pico_double/double_v1_rom_shim.S.obj
                0x0000000010004c08                datan2_shim
 .text.__aeabi_lmul
                0x0000000010004e1c       0x32 CMakeFiles/main.dir/home/jur/pico/pico-sdk/src/rp2_common/pico_int64_ops/pico_int64_ops_aeabi.S.obj
                0x0000000010004e1c                __wrap___aeabi_lmul
 *fill*         0x0000000010004e4e        0x2 
 .text.__aeabi_float_init
                0x0000000010004e50       0xfc CMakeFiles/main.dir/home/jur/pico/pico-sdk/src/rp2_common/pico_float/float_init_rom.c.obj
                0x0000000010004e50                __aeabi_float_init
 .text.float_table_shim_on_use_helper
                0x0000000010004f4c       0x34 CMakeFiles/main.dir/home/jur/pico/pico-sdk/src/rp2_common/pico_float/float_v1_rom_shim.S.obj
                0x0000000010004f4c                float_table_shim_on_use_helper
 .text.__wrap_malloc
                0x0000000010004f80       0x24 CMakeFiles/main.dir/home/jur/pico/pico-sdk/src/rp2_common/pico_malloc/pico_malloc.c.obj
                0x0000000010004f80                __wrap_malloc
 .text          0x0000000010004fa4       0x10 CMakeFiles/main.dir/home/jur/pico/pico-sdk/src/rp2_common/pico_mem_ops/mem_ops_aeabi.S.obj
                0x0000000010004fa4                __aeabi_mem_init
 .text.memset   0x0000000010004fb4        0xc CMakeFiles/main.dir/home/jur/pico/pico-sdk/src/rp2_common/pico_mem_ops/mem_ops_aeabi.S.obj
                0x0000000010004fb4                __wrap_memset
 .text.memcpy   0x0000000010004fc0        0xc CMakeFiles/main.dir/home/jur/pico/pico-sdk/src/rp2_common/pico_mem_ops/mem_ops_aeabi.S.obj
                0x0000000010004fc0                __wrap___aeabi_memcpy
                0x0000000010004fc0                __wrap_memcpy
 .text.stdio_out_chars_no_crlf
                0x0000000010004fcc        0xe CMakeFiles/main.dir/home/jur/pico/pico-sdk/src/rp2_common/pico_stdio/stdio.c.obj
 *fill*         0x0000000010004fda        0x2 
 .text.stdio_out_chars_crlf
                0x0000000010004fdc       0x80 CMakeFiles/main.dir/home/jur/pico/pico-sdk/src/rp2_common/pico_stdio/stdio.c.obj
 .text.stdio_stack_buffer_flush
                0x000000001000505c       0x44 CMakeFiles/main.dir/home/jur/pico/pico-sdk/src/rp2_common/pico_stdio/stdio.c.obj
 .text.stdio_buffered_printer
                0x00000000100050a0       0x20 CMakeFiles/main.dir/home/jur/pico/pico-sdk/src/rp2_common/pico_stdio/stdio.c.obj
 .text.stdout_serialize_begin
                0x00000000100050c0       0x5c CMakeFiles/main.dir/home/jur/pico/pico-sdk/src/rp2_common/pico_stdio/stdio.c.obj
                0x00000000100050c0                stdout_serialize_begin
 .text.stdout_serialize_end
                0x000000001000511c       0x10 CMakeFiles/main.dir/home/jur/pico/pico-sdk/src/rp2_common/pico_stdio/stdio.c.obj
                0x000000001000511c                stdout_serialize_end
 .text.stdio_put_string
                0x000000001000512c       0x98 CMakeFiles/main.dir/home/jur/pico/pico-sdk/src/rp2_common/pico_stdio/stdio.c.obj
 .text.stdio_set_driver_enabled
                0x00000000100051c4       0x2c CMakeFiles/main.dir/home/jur/pico/pico-sdk/src/rp2_common/pico_stdio/stdio.c.obj
                0x00000000100051c4                stdio_set_driver_enabled
 .text.stdio_flush
                0x00000000100051f0       0x20 CMakeFiles/main.dir/home/jur/pico/pico-sdk/src/rp2_common/pico_stdio/stdio.c.obj
                0x00000000100051f0                stdio_flush
 .text.__wrap_puts
                0x0000000010005210       0x1e CMakeFiles/main.dir/home/jur/pico/pico-sdk/src/rp2_common/pico_stdio/stdio.c.obj
                0x0000000010005210                __wrap_puts
 *fill*         0x000000001000522e        0x2 
 .text.__wrap_vprintf
                0x0000000010005230       0x40 CMakeFiles/main.dir/home/jur/pico/pico-sdk/src/rp2_common/pico_stdio/stdio.c.obj
                0x0000000010005230                __wrap_vprintf
 .text.__wrap_printf
                0x0000000010005270       0x18 CMakeFiles/main.dir/home/jur/pico/pico-sdk/src/rp2_common/pico_stdio/stdio.c.obj
                0x0000000010005270                __wrap_printf
 .text.stdio_init_all
                0x0000000010005288        0xe CMakeFiles/main.dir/home/jur/pico/pico-sdk/src/rp2_common/pico_stdio/stdio.c.obj
                0x0000000010005288                stdio_init_all
 *fill*         0x0000000010005296        0x2 
 .text.stdio_uart_out_chars
                0x0000000010005298       0x74 CMakeFiles/main.dir/home/jur/pico/pico-sdk/src/rp2_common/pico_stdio_uart/stdio_uart.c.obj
 .text.stdio_uart_in_chars
                0x000000001000530c       0x80 CMakeFiles/main.dir/home/jur/pico/pico-sdk/src/rp2_common/pico_stdio_uart/stdio_uart.c.obj
                0x000000001000530c                stdio_uart_in_chars
 .text.on_uart_rx
                0x000000001000538c       0x28 CMakeFiles/main.dir/home/jur/pico/pico-sdk/src/rp2_common/pico_stdio_uart/stdio_uart.c.obj
 .text.stdio_uart_set_chars_available_callback
                0x00000000100053b4       0x8c CMakeFiles/main.dir/home/jur/pico/pico-sdk/src/rp2_common/pico_stdio_uart/stdio_uart.c.obj
 .text.stdio_uart_init_full
                0x0000000010005440       0x44 CMakeFiles/main.dir/home/jur/pico/pico-sdk/src/rp2_common/pico_stdio_uart/stdio_uart.c.obj
                0x0000000010005440                stdio_uart_init_full
 .text.stdio_uart_init
                0x0000000010005484       0x28 CMakeFiles/main.dir/home/jur/pico/pico-sdk/src/rp2_common/pico_stdio_uart/stdio_uart.c.obj
                0x0000000010005484                stdio_uart_init
 .text.resetd_init
                0x00000000100054ac        0x2 CMakeFiles/main.dir/home/jur/pico/pico-sdk/src/rp2_common/pico_stdio_usb/reset_interface.c.obj
 *fill*         0x00000000100054ae        0x2 
 .text.resetd_reset
                0x00000000100054b0        0xc CMakeFiles/main.dir/home/jur/pico/pico-sdk/src/rp2_common/pico_stdio_usb/reset_interface.c.obj
 .text.resetd_open
                0x00000000100054bc       0x34 CMakeFiles/main.dir/home/jur/pico/pico-sdk/src/rp2_common/pico_stdio_usb/reset_interface.c.obj
 .text.resetd_xfer_cb
                0x00000000100054f0        0x4 CMakeFiles/main.dir/home/jur/pico/pico-sdk/src/rp2_common/pico_stdio_usb/reset_interface.c.obj
 .text.reset_usb_boot
                0x00000000100054f4       0x18 CMakeFiles/main.dir/home/jur/pico/pico-sdk/src/rp2_common/pico_stdio_usb/reset_interface.c.obj
 .text.resetd_control_xfer_cb
                0x000000001000550c       0x5c CMakeFiles/main.dir/home/jur/pico/pico-sdk/src/rp2_common/pico_stdio_usb/reset_interface.c.obj
 .text.usbd_app_driver_get_cb
                0x0000000010005568        0xc CMakeFiles/main.dir/home/jur/pico/pico-sdk/src/rp2_common/pico_stdio_usb/reset_interface.c.obj
                0x0000000010005568                usbd_app_driver_get_cb
 .text.tud_cdc_line_coding_cb
                0x0000000010005574       0x28 CMakeFiles/main.dir/home/jur/pico/pico-sdk/src/rp2_common/pico_stdio_usb/reset_interface.c.obj
                0x0000000010005574                tud_cdc_line_coding_cb
 .text.stdio_usb_set_chars_available_callback
                0x000000001000559c       0x14 CMakeFiles/main.dir/home/jur/pico/pico-sdk/src/rp2_common/pico_stdio_usb/stdio_usb.c.obj
                0x000000001000559c                stdio_usb_set_chars_available_callback
 .text.usb_irq  0x00000000100055b0       0x10 CMakeFiles/main.dir/home/jur/pico/pico-sdk/src/rp2_common/pico_stdio_usb/stdio_usb.c.obj
 .text.timer_task
                0x00000000100055c0       0x5c CMakeFiles/main.dir/home/jur/pico/pico-sdk/src/rp2_common/pico_stdio_usb/stdio_usb.c.obj
 .text.low_priority_worker_irq
                0x000000001000561c       0xdc CMakeFiles/main.dir/home/jur/pico/pico-sdk/src/rp2_common/pico_stdio_usb/stdio_usb.c.obj
 .text.tud_cdc_rx_cb
                0x00000000100056f8       0x20 CMakeFiles/main.dir/home/jur/pico/pico-sdk/src/rp2_common/pico_stdio_usb/stdio_usb.c.obj
                0x00000000100056f8                tud_cdc_rx_cb
 .text.stdio_usb_init
                0x0000000010005718      0x11c CMakeFiles/main.dir/home/jur/pico/pico-sdk/src/rp2_common/pico_stdio_usb/stdio_usb.c.obj
                0x0000000010005718                stdio_usb_init
 .text.stdio_usb_connected
                0x0000000010005834        0xa CMakeFiles/main.dir/home/jur/pico/pico-sdk/src/rp2_common/pico_stdio_usb/stdio_usb.c.obj
                0x0000000010005834                stdio_usb_connected
 *fill*         0x000000001000583e        0x2 
 .text.stdio_usb_in_chars
                0x0000000010005840       0xc4 CMakeFiles/main.dir/home/jur/pico/pico-sdk/src/rp2_common/pico_stdio_usb/stdio_usb.c.obj
                0x0000000010005840                stdio_usb_in_chars
 .text.stdio_usb_out_chars
                0x0000000010005904      0x114 CMakeFiles/main.dir/home/jur/pico/pico-sdk/src/rp2_common/pico_stdio_usb/stdio_usb.c.obj
 .text.tud_descriptor_device_cb
                0x0000000010005a18        0x8 CMakeFiles/main.dir/home/jur/pico/pico-sdk/src/rp2_common/pico_stdio_usb/stdio_usb_descriptors.c.obj
                0x0000000010005a18                tud_descriptor_device_cb
 .text.tud_descriptor_configuration_cb
                0x0000000010005a20        0x8 CMakeFiles/main.dir/home/jur/pico/pico-sdk/src/rp2_common/pico_stdio_usb/stdio_usb_descriptors.c.obj
                0x0000000010005a20                tud_descriptor_configuration_cb
 .text.tud_descriptor_string_cb
                0x0000000010005a28       0x6c CMakeFiles/main.dir/home/jur/pico/pico-sdk/src/rp2_common/pico_stdio_usb/stdio_usb_descriptors.c.obj
                0x0000000010005a28                tud_descriptor_string_cb
 .text._retrieve_unique_id_on_boot
                0x0000000010005a94       0x10 CMakeFiles/main.dir/home/jur/pico/pico-sdk/src/rp2_common/pico_unique_id/unique_id.c.obj
 .text.pico_get_unique_board_id_string
                0x0000000010005aa4       0x60 CMakeFiles/main.dir/home/jur/pico/pico-sdk/src/rp2_common/pico_unique_id/unique_id.c.obj
                0x0000000010005aa4                pico_get_unique_board_id_string
 .text.flash_get_unique_id
                0x0000000010005b04       0x46 CMakeFiles/main.dir/home/jur/pico/pico-sdk/src/rp2_common/hardware_flash/flash.c.obj
                0x0000000010005b04                flash_get_unique_id
 *fill*         0x0000000010005b4a        0x2 
 .text.hw_endpoint_get_by_addr
                0x0000000010005b4c       0x18 CMakeFiles/main.dir/home/jur/pico/pico-sdk/lib/tinyusb/src/portable/raspberrypi/rp2040/dcd_rp2040.c.obj
 .text._hw_endpoint_alloc
                0x0000000010005b64       0x70 CMakeFiles/main.dir/home/jur/pico/pico-sdk/lib/tinyusb/src/portable/raspberrypi/rp2040/dcd_rp2040.c.obj
 .text.hw_endpoint_init
                0x0000000010005bd4       0x88 CMakeFiles/main.dir/home/jur/pico/pico-sdk/lib/tinyusb/src/portable/raspberrypi/rp2040/dcd_rp2040.c.obj
 .text.hw_endpoint_xfer
                0x0000000010005c5c       0x14 CMakeFiles/main.dir/home/jur/pico/pico-sdk/lib/tinyusb/src/portable/raspberrypi/rp2040/dcd_rp2040.c.obj
 .text.dcd_int_enable
                0x0000000010005c70       0x2c CMakeFiles/main.dir/home/jur/pico/pico-sdk/lib/tinyusb/src/portable/raspberrypi/rp2040/dcd_rp2040.c.obj
                0x0000000010005c70                dcd_int_enable
 .text.dcd_set_address
                0x0000000010005c9c       0x2c CMakeFiles/main.dir/home/jur/pico/pico-sdk/lib/tinyusb/src/portable/raspberrypi/rp2040/dcd_rp2040.c.obj
                0x0000000010005c9c                dcd_set_address
 .text.dcd_connect
                0x0000000010005cc8       0x10 CMakeFiles/main.dir/home/jur/pico/pico-sdk/lib/tinyusb/src/portable/raspberrypi/rp2040/dcd_rp2040.c.obj
                0x0000000010005cc8                dcd_connect
 .text.dcd_init
                0x0000000010005cd8       0x80 CMakeFiles/main.dir/home/jur/pico/pico-sdk/lib/tinyusb/src/portable/raspberrypi/rp2040/dcd_rp2040.c.obj
                0x0000000010005cd8                dcd_init
 .text.dcd_edpt0_status_complete
                0x0000000010005d58       0x1c CMakeFiles/main.dir/home/jur/pico/pico-sdk/lib/tinyusb/src/portable/raspberrypi/rp2040/dcd_rp2040.c.obj
                0x0000000010005d58                dcd_edpt0_status_complete
 .text.dcd_edpt_open
                0x0000000010005d74       0x40 CMakeFiles/main.dir/home/jur/pico/pico-sdk/lib/tinyusb/src/portable/raspberrypi/rp2040/dcd_rp2040.c.obj
                0x0000000010005d74                dcd_edpt_open
 .text.dcd_edpt_close_all
                0x0000000010005db4        0x8 CMakeFiles/main.dir/home/jur/pico/pico-sdk/lib/tinyusb/src/portable/raspberrypi/rp2040/dcd_rp2040.c.obj
                0x0000000010005db4                dcd_edpt_close_all
 .text.dcd_edpt_xfer
                0x0000000010005dbc       0x34 CMakeFiles/main.dir/home/jur/pico/pico-sdk/lib/tinyusb/src/portable/raspberrypi/rp2040/dcd_rp2040.c.obj
                0x0000000010005dbc                dcd_edpt_xfer
 .text.dcd_edpt_stall
                0x0000000010005df0       0x2c CMakeFiles/main.dir/home/jur/pico/pico-sdk/lib/tinyusb/src/portable/raspberrypi/rp2040/dcd_rp2040.c.obj
                0x0000000010005df0                dcd_edpt_stall
 .text.dcd_edpt_clear_stall
                0x0000000010005e1c       0x20 CMakeFiles/main.dir/home/jur/pico/pico-sdk/lib/tinyusb/src/portable/raspberrypi/rp2040/dcd_rp2040.c.obj
                0x0000000010005e1c                dcd_edpt_clear_stall
 .text.rp2040_usb_init
                0x0000000010005e3c       0x4c CMakeFiles/main.dir/home/jur/pico/pico-sdk/lib/tinyusb/src/portable/raspberrypi/rp2040/rp2040_usb.c.obj
                0x0000000010005e3c                rp2040_usb_init
 .text.hw_endpoint_xfer_start
                0x0000000010005e88       0x50 CMakeFiles/main.dir/home/jur/pico/pico-sdk/lib/tinyusb/src/portable/raspberrypi/rp2040/rp2040_usb.c.obj
                0x0000000010005e88                hw_endpoint_xfer_start
 .text.configuration_reset
                0x0000000010005ed8       0x84 CMakeFiles/main.dir/home/jur/pico/pico-sdk/lib/tinyusb/src/device/usbd.c.obj
 .text.usbd_reset
                0x0000000010005f5c        0xc CMakeFiles/main.dir/home/jur/pico/pico-sdk/lib/tinyusb/src/device/usbd.c.obj
 .text.invoke_class_control
                0x0000000010005f68       0x1a CMakeFiles/main.dir/home/jur/pico/pico-sdk/lib/tinyusb/src/device/usbd.c.obj
 *fill*         0x0000000010005f82        0x2 
 .text.process_set_config
                0x0000000010005f84      0x178 CMakeFiles/main.dir/home/jur/pico/pico-sdk/lib/tinyusb/src/device/usbd.c.obj
 .text.process_get_descriptor
                0x00000000100060fc       0xdc CMakeFiles/main.dir/home/jur/pico/pico-sdk/lib/tinyusb/src/device/usbd.c.obj
 .text.tud_mounted
                0x00000000100061d8       0x10 CMakeFiles/main.dir/home/jur/pico/pico-sdk/lib/tinyusb/src/device/usbd.c.obj
                0x00000000100061d8                tud_mounted
 .text.tud_suspended
                0x00000000100061e8       0x10 CMakeFiles/main.dir/home/jur/pico/pico-sdk/lib/tinyusb/src/device/usbd.c.obj
                0x00000000100061e8                tud_suspended
 .text.tud_inited
                0x00000000100061f8       0x14 CMakeFiles/main.dir/home/jur/pico/pico-sdk/lib/tinyusb/src/device/usbd.c.obj
                0x00000000100061f8                tud_inited
 .text.tud_init
                0x000000001000620c       0xcc CMakeFiles/main.dir/home/jur/pico/pico-sdk/lib/tinyusb/src/device/usbd.c.obj
                0x000000001000620c                tud_init
 .text.usbd_defer_func
                0x00000000100062d8       0x2a CMakeFiles/main.dir/home/jur/pico/pico-sdk/lib/tinyusb/src/device/usbd.c.obj
                0x00000000100062d8                usbd_defer_func
 *fill*         0x0000000010006302        0x2 
 .text.usbd_edpt_open
                0x0000000010006304       0x34 CMakeFiles/main.dir/home/jur/pico/pico-sdk/lib/tinyusb/src/device/usbd.c.obj
                0x0000000010006304                usbd_edpt_open
 .text.usbd_open_edpt_pair
                0x0000000010006338       0x62 CMakeFiles/main.dir/home/jur/pico/pico-sdk/lib/tinyusb/src/device/usbd.c.obj
                0x0000000010006338                usbd_open_edpt_pair
 *fill*         0x000000001000639a        0x2 
 .text.usbd_edpt_claim
                0x000000001000639c       0x28 CMakeFiles/main.dir/home/jur/pico/pico-sdk/lib/tinyusb/src/device/usbd.c.obj
                0x000000001000639c                usbd_edpt_claim
 .text.usbd_edpt_release
                0x00000000100063c4       0x28 CMakeFiles/main.dir/home/jur/pico/pico-sdk/lib/tinyusb/src/device/usbd.c.obj
                0x00000000100063c4                usbd_edpt_release
 .text.usbd_edpt_xfer
                0x00000000100063ec       0x78 CMakeFiles/main.dir/home/jur/pico/pico-sdk/lib/tinyusb/src/device/usbd.c.obj
                0x00000000100063ec                usbd_edpt_xfer
 .text.usbd_edpt_stall
                0x0000000010006464       0x48 CMakeFiles/main.dir/home/jur/pico/pico-sdk/lib/tinyusb/src/device/usbd.c.obj
                0x0000000010006464                usbd_edpt_stall
 .text.usbd_edpt_clear_stall
                0x00000000100064ac       0x48 CMakeFiles/main.dir/home/jur/pico/pico-sdk/lib/tinyusb/src/device/usbd.c.obj
                0x00000000100064ac                usbd_edpt_clear_stall
 .text.usbd_edpt_stalled
                0x00000000100064f4       0x1c CMakeFiles/main.dir/home/jur/pico/pico-sdk/lib/tinyusb/src/device/usbd.c.obj
                0x00000000100064f4                usbd_edpt_stalled
 .text.process_control_request
                0x0000000010006510      0x37c CMakeFiles/main.dir/home/jur/pico/pico-sdk/lib/tinyusb/src/device/usbd.c.obj
 .text.tud_task_ext
                0x000000001000688c      0x1b8 CMakeFiles/main.dir/home/jur/pico/pico-sdk/lib/tinyusb/src/device/usbd.c.obj
                0x000000001000688c                tud_task_ext
 .text._data_stage_xact
                0x0000000010006a44       0x58 CMakeFiles/main.dir/home/jur/pico/pico-sdk/lib/tinyusb/src/device/usbd_control.c.obj
 .text.tud_control_status
                0x0000000010006a9c       0x38 CMakeFiles/main.dir/home/jur/pico/pico-sdk/lib/tinyusb/src/device/usbd_control.c.obj
                0x0000000010006a9c                tud_control_status
 .text.tud_control_xfer
                0x0000000010006ad4       0x74 CMakeFiles/main.dir/home/jur/pico/pico-sdk/lib/tinyusb/src/device/usbd_control.c.obj
                0x0000000010006ad4                tud_control_xfer
 .text.usbd_control_reset
                0x0000000010006b48       0x14 CMakeFiles/main.dir/home/jur/pico/pico-sdk/lib/tinyusb/src/device/usbd_control.c.obj
                0x0000000010006b48                usbd_control_reset
 .text.usbd_control_set_complete_callback
                0x0000000010006b5c        0xc CMakeFiles/main.dir/home/jur/pico/pico-sdk/lib/tinyusb/src/device/usbd_control.c.obj
                0x0000000010006b5c                usbd_control_set_complete_callback
 .text.usbd_control_set_request
                0x0000000010006b68       0x1c CMakeFiles/main.dir/home/jur/pico/pico-sdk/lib/tinyusb/src/device/usbd_control.c.obj
                0x0000000010006b68                usbd_control_set_request
 .text.usbd_control_xfer_cb
                0x0000000010006b84       0xcc CMakeFiles/main.dir/home/jur/pico/pico-sdk/lib/tinyusb/src/device/usbd_control.c.obj
                0x0000000010006b84                usbd_control_xfer_cb
 .text._prep_out_transaction
                0x0000000010006c50       0x4a CMakeFiles/main.dir/home/jur/pico/pico-sdk/lib/tinyusb/src/class/cdc/cdc_device.c.obj
 *fill*         0x0000000010006c9a        0x2 
 .text.tud_cdc_n_connected
                0x0000000010006c9c       0x44 CMakeFiles/main.dir/home/jur/pico/pico-sdk/lib/tinyusb/src/class/cdc/cdc_device.c.obj
                0x0000000010006c9c                tud_cdc_n_connected
 .text.tud_cdc_n_available
                0x0000000010006ce0       0x18 CMakeFiles/main.dir/home/jur/pico/pico-sdk/lib/tinyusb/src/class/cdc/cdc_device.c.obj
                0x0000000010006ce0                tud_cdc_n_available
 .text.tud_cdc_n_read
                0x0000000010006cf8       0x28 CMakeFiles/main.dir/home/jur/pico/pico-sdk/lib/tinyusb/src/class/cdc/cdc_device.c.obj
                0x0000000010006cf8                tud_cdc_n_read
 .text.tud_cdc_n_write_flush
                0x0000000010006d20       0xb8 CMakeFiles/main.dir/home/jur/pico/pico-sdk/lib/tinyusb/src/class/cdc/cdc_device.c.obj
                0x0000000010006d20                tud_cdc_n_write_flush
 .text.tud_cdc_n_write
                0x0000000010006dd8       0x38 CMakeFiles/main.dir/home/jur/pico/pico-sdk/lib/tinyusb/src/class/cdc/cdc_device.c.obj
                0x0000000010006dd8                tud_cdc_n_write
 .text.tud_cdc_n_write_available
                0x0000000010006e10       0x1c CMakeFiles/main.dir/home/jur/pico/pico-sdk/lib/tinyusb/src/class/cdc/cdc_device.c.obj
                0x0000000010006e10                tud_cdc_n_write_available
 .text.cdcd_init
                0x0000000010006e2c       0xbc CMakeFiles/main.dir/home/jur/pico/pico-sdk/lib/tinyusb/src/class/cdc/cdc_device.c.obj
                0x0000000010006e2c                cdcd_init
 .text.cdcd_reset
                0x0000000010006ee8       0x44 CMakeFiles/main.dir/home/jur/pico/pico-sdk/lib/tinyusb/src/class/cdc/cdc_device.c.obj
                0x0000000010006ee8                cdcd_reset
 .text.cdcd_open
                0x0000000010006f2c       0xcc CMakeFiles/main.dir/home/jur/pico/pico-sdk/lib/tinyusb/src/class/cdc/cdc_device.c.obj
                0x0000000010006f2c                cdcd_open
 .text.cdcd_control_xfer_cb
                0x0000000010006ff8      0x134 CMakeFiles/main.dir/home/jur/pico/pico-sdk/lib/tinyusb/src/class/cdc/cdc_device.c.obj
                0x0000000010006ff8                cdcd_control_xfer_cb
 .text.cdcd_xfer_cb
                0x000000001000712c      0x130 CMakeFiles/main.dir/home/jur/pico/pico-sdk/lib/tinyusb/src/class/cdc/cdc_device.c.obj
                0x000000001000712c                cdcd_xfer_cb
 .text.tusb_init
                0x000000001000725c        0xa CMakeFiles/main.dir/home/jur/pico/pico-sdk/lib/tinyusb/src/tusb.c.obj
                0x000000001000725c                tusb_init
 .text.tusb_inited
                0x0000000010007266        0xe CMakeFiles/main.dir/home/jur/pico/pico-sdk/lib/tinyusb/src/tusb.c.obj
                0x0000000010007266                tusb_inited
 .text.tu_edpt_claim
                0x0000000010007274       0x50 CMakeFiles/main.dir/home/jur/pico/pico-sdk/lib/tinyusb/src/tusb.c.obj
                0x0000000010007274                tu_edpt_claim
 .text.tu_edpt_release
                0x00000000100072c4       0x3c CMakeFiles/main.dir/home/jur/pico/pico-sdk/lib/tinyusb/src/tusb.c.obj
                0x00000000100072c4                tu_edpt_release
 .text.tu_edpt_validate
                0x0000000010007300       0x78 CMakeFiles/main.dir/home/jur/pico/pico-sdk/lib/tinyusb/src/tusb.c.obj
                0x0000000010007300                tu_edpt_validate
 .text.tu_edpt_bind_driver
                0x0000000010007378       0x26 CMakeFiles/main.dir/home/jur/pico/pico-sdk/lib/tinyusb/src/tusb.c.obj
                0x0000000010007378                tu_edpt_bind_driver
 .text.advance_index
                0x000000001000739e       0x1a CMakeFiles/main.dir/home/jur/pico/pico-sdk/lib/tinyusb/src/common/tusb_fifo.c.obj
 .text._tu_fifo_peek
                0x00000000100073b8       0x56 CMakeFiles/main.dir/home/jur/pico/pico-sdk/lib/tinyusb/src/common/tusb_fifo.c.obj
 .text._ff_pull_const_addr
                0x000000001000740e       0x4c CMakeFiles/main.dir/home/jur/pico/pico-sdk/lib/tinyusb/src/common/tusb_fifo.c.obj
 .text._ff_pull_n
                0x000000001000745a      0x110 CMakeFiles/main.dir/home/jur/pico/pico-sdk/lib/tinyusb/src/common/tusb_fifo.c.obj
 .text._tu_fifo_peek_n
                0x000000001000756a       0x6a CMakeFiles/main.dir/home/jur/pico/pico-sdk/lib/tinyusb/src/common/tusb_fifo.c.obj
 .text._tu_fifo_read_n
                0x00000000100075d4       0x4e CMakeFiles/main.dir/home/jur/pico/pico-sdk/lib/tinyusb/src/common/tusb_fifo.c.obj
 .text._ff_push_const_addr
                0x0000000010007622       0x40 CMakeFiles/main.dir/home/jur/pico/pico-sdk/lib/tinyusb/src/common/tusb_fifo.c.obj
 .text._ff_push_n
                0x0000000010007662      0x10c CMakeFiles/main.dir/home/jur/pico/pico-sdk/lib/tinyusb/src/common/tusb_fifo.c.obj
 .text._tu_fifo_write_n
                0x000000001000776e       0xf0 CMakeFiles/main.dir/home/jur/pico/pico-sdk/lib/tinyusb/src/common/tusb_fifo.c.obj
 .text.tu_fifo_config
                0x000000001000785e       0x7c CMakeFiles/main.dir/home/jur/pico/pico-sdk/lib/tinyusb/src/common/tusb_fifo.c.obj
                0x000000001000785e                tu_fifo_config
 .text.tu_fifo_count
                0x00000000100078da       0x2a CMakeFiles/main.dir/home/jur/pico/pico-sdk/lib/tinyusb/src/common/tusb_fifo.c.obj
                0x00000000100078da                tu_fifo_count
 .text.tu_fifo_empty
                0x0000000010007904       0x10 CMakeFiles/main.dir/home/jur/pico/pico-sdk/lib/tinyusb/src/common/tusb_fifo.c.obj
                0x0000000010007904                tu_fifo_empty
 .text.tu_fifo_full
                0x0000000010007914       0x28 CMakeFiles/main.dir/home/jur/pico/pico-sdk/lib/tinyusb/src/common/tusb_fifo.c.obj
                0x0000000010007914                tu_fifo_full
 .text.tu_fifo_remaining
                0x000000001000793c       0x2c CMakeFiles/main.dir/home/jur/pico/pico-sdk/lib/tinyusb/src/common/tusb_fifo.c.obj
                0x000000001000793c                tu_fifo_remaining
 .text.tu_fifo_read
                0x0000000010007968       0x42 CMakeFiles/main.dir/home/jur/pico/pico-sdk/lib/tinyusb/src/common/tusb_fifo.c.obj
                0x0000000010007968                tu_fifo_read
 .text.tu_fifo_read_n
                0x00000000100079aa        0xa CMakeFiles/main.dir/home/jur/pico/pico-sdk/lib/tinyusb/src/common/tusb_fifo.c.obj
                0x00000000100079aa                tu_fifo_read_n
 .text.tu_fifo_write
                0x00000000100079b4       0x64 CMakeFiles/main.dir/home/jur/pico/pico-sdk/lib/tinyusb/src/common/tusb_fifo.c.obj
                0x00000000100079b4                tu_fifo_write
 .text.tu_fifo_write_n
                0x0000000010007a18        0xa CMakeFiles/main.dir/home/jur/pico/pico-sdk/lib/tinyusb/src/common/tusb_fifo.c.obj
                0x0000000010007a18                tu_fifo_write_n
 .text.tu_fifo_clear
                0x0000000010007a22       0x3e CMakeFiles/main.dir/home/jur/pico/pico-sdk/lib/tinyusb/src/common/tusb_fifo.c.obj
                0x0000000010007a22                tu_fifo_clear
 .text.tu_fifo_set_overwritable
                0x0000000010007a60       0x46 CMakeFiles/main.dir/home/jur/pico/pico-sdk/lib/tinyusb/src/common/tusb_fifo.c.obj
                0x0000000010007a60                tu_fifo_set_overwritable
 .text.spi_set_baudrate
                0x0000000010007aa6       0xcc CMakeFiles/main.dir/home/jur/pico/pico-sdk/src/rp2_common/hardware_spi/spi.c.obj
                0x0000000010007aa6                spi_set_baudrate
 *fill*         0x0000000010007b72        0x2 
 .text.spi_init
                0x0000000010007b74       0x74 CMakeFiles/main.dir/home/jur/pico/pico-sdk/src/rp2_common/hardware_spi/spi.c.obj
                0x0000000010007b74                spi_init
 .text.i2c_write_blocking_internal
                0x0000000010007be8      0x140 CMakeFiles/main.dir/home/jur/pico/pico-sdk/src/rp2_common/hardware_i2c/i2c.c.obj
 .text.i2c_set_baudrate
                0x0000000010007d28       0xf0 CMakeFiles/main.dir/home/jur/pico/pico-sdk/src/rp2_common/hardware_i2c/i2c.c.obj
                0x0000000010007d28                i2c_set_baudrate
 .text.i2c_init
                0x0000000010007e18       0x58 CMakeFiles/main.dir/home/jur/pico/pico-sdk/src/rp2_common/hardware_i2c/i2c.c.obj
                0x0000000010007e18                i2c_init
 .text.i2c_write_blocking
                0x0000000010007e70       0x18 CMakeFiles/main.dir/home/jur/pico/pico-sdk/src/rp2_common/hardware_i2c/i2c.c.obj
                0x0000000010007e70                i2c_write_blocking
 .text.adc_init
                0x0000000010007e88       0x34 CMakeFiles/main.dir/home/jur/pico/pico-sdk/src/rp2_common/hardware_adc/adc.c.obj
                0x0000000010007e88                adc_init
 .text.COLORS_get_565_from_888
                0x0000000010007ebc       0x14 freeWatch/libfreewatch.a(colors.c.obj)
                0x0000000010007ebc                COLORS_get_565_from_888
 .text.COLORS_get_565_rgb_from_hsv
                0x0000000010007ed0       0xa0 freeWatch/libfreewatch.a(colors.c.obj)
                0x0000000010007ed0                COLORS_get_565_rgb_from_hsv
 .text.EXT_I2C_init
                0x0000000010007f70       0x38 freeWatch/libfreewatch.a(ext_i2c.c.obj)
                0x0000000010007f70                EXT_I2C_init
 .text.EXT_I2C_write
                0x0000000010007fa8       0x24 freeWatch/libfreewatch.a(ext_i2c.c.obj)
                0x0000000010007fa8                EXT_I2C_write
 .text.MCP23008_init
                0x0000000010007fcc       0x34 freeWatch/libfreewatch.a(mcp23008.c.obj)
                0x0000000010007fcc                MCP23008_init
 .text.LCD_1IN28_Reset
                0x0000000010008000       0x36 lib/LCD/libLCD.a(LCD_1in28.c.obj)
 *fill*         0x0000000010008036        0x2 
 .text.LCD_1IN28_SendCommand
                0x0000000010008038       0x1c lib/LCD/libLCD.a(LCD_1in28.c.obj)
 .text.LCD_1IN28_SendData_8Bit
                0x0000000010008054       0x1c lib/LCD/libLCD.a(LCD_1in28.c.obj)
 .text.LCD_1IN28_SetAttributes
                0x0000000010008070       0x30 lib/LCD/libLCD.a(LCD_1in28.c.obj)
 .text.LCD_1IN28_InitReg
                0x00000000100080a0      0x460 lib/LCD/libLCD.a(LCD_1in28.c.obj)
 .text.LCD_1IN28_Init
                0x0000000010008500       0x14 lib/LCD/libLCD.a(LCD_1in28.c.obj)
                0x0000000010008500                LCD_1IN28_Init
 .text.LCD_1IN28_SetWindows
                0x0000000010008514       0x58 lib/LCD/libLCD.a(LCD_1in28.c.obj)
                0x0000000010008514                LCD_1IN28_SetWindows
 .text.LCD_1IN28_Clear
                0x000000001000856c       0x68 lib/LCD/libLCD.a(LCD_1in28.c.obj)
                0x000000001000856c                LCD_1IN28_Clear
 .text.LCD_1IN28_Display
                0x00000000100085d4       0x3c lib/LCD/libLCD.a(LCD_1in28.c.obj)
                0x00000000100085d4                LCD_1IN28_Display
 .text.Paint_NewImage
                0x0000000010008610       0x4c lib/GUI/libGUI.a(GUI_Paint.c.obj)
                0x0000000010008610                Paint_NewImage
 .text.Paint_SetRotate
                0x000000001000865c       0x20 lib/GUI/libGUI.a(GUI_Paint.c.obj)
                0x000000001000865c                Paint_SetRotate
 .text.Paint_SetScale
                0x000000001000867c       0x68 lib/GUI/libGUI.a(GUI_Paint.c.obj)
                0x000000001000867c                Paint_SetScale
 .text.Paint_SetPixel
                0x00000000100086e4      0x164 lib/GUI/libGUI.a(GUI_Paint.c.obj)
                0x00000000100086e4                Paint_SetPixel
 .text.Paint_Clear
                0x0000000010008848       0xb0 lib/GUI/libGUI.a(GUI_Paint.c.obj)
                0x0000000010008848                Paint_Clear
 .text.Paint_DrawPoint
                0x00000000100088f8       0xe0 lib/GUI/libGUI.a(GUI_Paint.c.obj)
                0x00000000100088f8                Paint_DrawPoint
 .text.Paint_DrawLine
                0x00000000100089d8      0x12c lib/GUI/libGUI.a(GUI_Paint.c.obj)
                0x00000000100089d8                Paint_DrawLine
 .text.DEV_Delay_ms
                0x0000000010008b04        0x8 lib/Config/libConfig.a(DEV_Config.c.obj)
                0x0000000010008b04                DEV_Delay_ms
 .text.DEV_Digital_Write
                0x0000000010008b0c       0x18 lib/Config/libConfig.a(DEV_Config.c.obj)
                0x0000000010008b0c                DEV_Digital_Write
 .text.DEV_SPI_WriteByte
                0x0000000010008b24       0x16 lib/Config/libConfig.a(DEV_Config.c.obj)
                0x0000000010008b24                DEV_SPI_WriteByte
 .text.DEV_SPI_Write_nByte
                0x0000000010008b3a        0x8 lib/Config/libConfig.a(DEV_Config.c.obj)
                0x0000000010008b3a                DEV_SPI_Write_nByte
 .text.DEV_GPIO_Mode
                0x0000000010008b42       0x26 lib/Config/libConfig.a(DEV_Config.c.obj)
                0x0000000010008b42                DEV_GPIO_Mode
 .text.DEV_GPIO_Init
                0x0000000010008b68       0x3c lib/Config/libConfig.a(DEV_Config.c.obj)
                0x0000000010008b68                DEV_GPIO_Init
 .text.DEV_SET_PWM
                0x0000000010008ba4       0x40 lib/Config/libConfig.a(DEV_Config.c.obj)
                0x0000000010008ba4                DEV_SET_PWM
 .text.DEV_Module_Init
                0x0000000010008be4      0x100 lib/Config/libConfig.a(DEV_Config.c.obj)
                0x0000000010008be4                DEV_Module_Init
 .text          0x0000000010008ce4       0x28 /usr/lib/gcc/arm-none-eabi/10.3.1/../../../arm-none-eabi/lib/thumb/v6-m/nofp/libg.a(lib_a-malloc.o)
                0x0000000010008ce4                malloc
                0x0000000010008cf8                free
 .text          0x0000000010008d0c      0x574 /usr/lib/gcc/arm-none-eabi/10.3.1/../../../arm-none-eabi/lib/thumb/v6-m/nofp/libg.a(lib_a-mallocr.o)
                0x0000000010008d0c                _malloc_r
 .text          0x0000000010009280        0x8 /usr/lib/gcc/arm-none-eabi/10.3.1/../../../arm-none-eabi/lib/thumb/v6-m/nofp/libg.a(lib_a-mlock.o)
                0x0000000010009280                __malloc_lock
                0x0000000010009284                __malloc_unlock
 .text          0x0000000010009288       0x24 /usr/lib/gcc/arm-none-eabi/10.3.1/../../../arm-none-eabi/lib/thumb/v6-m/nofp/libg.a(lib_a-sbrkr.o)
                0x0000000010009288                _sbrk_r
 .text          0x00000000100092ac       0x5c /usr/lib/gcc/arm-none-eabi/10.3.1/../../../arm-none-eabi/lib/thumb/v6-m/nofp/libg.a(lib_a-strlen-stub.o)
                0x00000000100092ac                strlen
 .text          0x0000000010009308      0x260 /usr/lib/gcc/arm-none-eabi/10.3.1/../../../arm-none-eabi/lib/thumb/v6-m/nofp/libg.a(lib_a-freer.o)
                0x0000000010009308                _malloc_trim_r
                0x00000000100093a4                _free_r
 *(.fini)
 .fini          0x0000000010009568        0x4 /usr/lib/gcc/arm-none-eabi/10.3.1/thumb/v6-m/nofp/crti.o
                0x0000000010009568                _fini
 *fill*         0x000000001000956c        0x4 
 .fini.__stub   0x0000000010009570       0xf0 linker stubs
 *crtbegin.o(.ctors)
 *crtbegin?.o(.ctors)
 *(EXCLUDE_FILE(*crtend.o *crtend?.o) .ctors)
 *(SORT_BY_NAME(.ctors.*))
 *(.ctors)
 *crtbegin.o(.dtors)
 *crtbegin?.o(.dtors)
 *(EXCLUDE_FILE(*crtend.o *crtend?.o) .dtors)
 *(SORT_BY_NAME(.dtors.*))
 *(.dtors)
 *(.eh_frame*)
 .eh_frame      0x0000000010009660        0x0 /usr/lib/gcc/arm-none-eabi/10.3.1/thumb/v6-m/nofp/crtbegin.o
                0x0000000010009660                . = ALIGN (0x4)

.glue_7         0x0000000010009660        0x0
 .glue_7        0x0000000010009660        0x0 linker stubs

.glue_7t        0x0000000010009660        0x0
 .glue_7t       0x0000000010009660        0x0 linker stubs

.vfp11_veneer   0x0000000010009660        0x0
 .vfp11_veneer  0x0000000010009660        0x0 linker stubs

.v4_bx          0x0000000010009660        0x0
 .v4_bx         0x0000000010009660        0x0 linker stubs

.iplt           0x0000000010009660        0x0
 .iplt          0x0000000010009660        0x0 /usr/lib/gcc/arm-none-eabi/10.3.1/thumb/v6-m/nofp/crtbegin.o

.rodata         0x0000000010009660     0x16c8
 *(EXCLUDE_FILE(*libm.a: *libc.a:*lib_a-mem*.o *libgcc.a:) .rodata*)
 .rodata.DEV_init.str1.4
                0x0000000010009660       0x15 CMakeFiles/main.dir/main.c.obj
 *fill*         0x0000000010009675        0x3 
 .rodata.main.str1.4
                0x0000000010009678       0x25 CMakeFiles/main.dir/main.c.obj
 *fill*         0x000000001000969d        0x3 
 .rodata.spin_lock_claim_unused.str1.4
                0x00000000100096a0       0x1b CMakeFiles/main.dir/home/jur/pico/pico-sdk/src/rp2_common/hardware_sync/sync.c.obj
 *fill*         0x00000000100096bb        0x1 
 .rodata.make_branch.str1.4
                0x00000000100096bc       0x6a CMakeFiles/main.dir/home/jur/pico/pico-sdk/src/rp2_common/hardware_irq/irq.c.obj
 *fill*         0x0000000010009726        0x2 
 .rodata.insert_branch_and_link.str1.4
                0x0000000010009728       0x10 CMakeFiles/main.dir/home/jur/pico/pico-sdk/src/rp2_common/hardware_irq/irq.c.obj
 .rodata.irq_set_exclusive_handler.str1.4
                0x0000000010009738       0x36 CMakeFiles/main.dir/home/jur/pico/pico-sdk/src/rp2_common/hardware_irq/irq.c.obj
 *fill*         0x000000001000976e        0x2 
 .rodata.irq_add_shared_handler.str1.4
                0x0000000010009770       0xd9 CMakeFiles/main.dir/home/jur/pico/pico-sdk/src/rp2_common/hardware_irq/irq.c.obj
 *fill*         0x0000000010009849        0x3 
 .rodata.irq_remove_handler.str1.4
                0x000000001000984c       0x3a CMakeFiles/main.dir/home/jur/pico/pico-sdk/src/rp2_common/hardware_irq/irq.c.obj
 *fill*         0x0000000010009886        0x2 
 .rodata.irq_add_tail_to_free_list.str1.4
                0x0000000010009888       0x3a CMakeFiles/main.dir/home/jur/pico/pico-sdk/src/rp2_common/hardware_irq/irq.c.obj
 *fill*         0x00000000100098c2        0x2 
 .rodata.user_irq_claim_unused.str1.4
                0x00000000100098c4       0x1b CMakeFiles/main.dir/home/jur/pico/pico-sdk/src/rp2_common/hardware_irq/irq.c.obj
 *fill*         0x00000000100098df        0x1 
 .rodata.__func__.0
                0x00000000100098e0       0x1a CMakeFiles/main.dir/home/jur/pico/pico-sdk/src/rp2_common/hardware_irq/irq.c.obj
 *fill*         0x00000000100098fa        0x2 
 .rodata.__func__.1
                0x00000000100098fc       0x17 CMakeFiles/main.dir/home/jur/pico/pico-sdk/src/rp2_common/hardware_irq/irq.c.obj
 *fill*         0x0000000010009913        0x1 
 .rodata.__func__.2
                0x0000000010009914       0x13 CMakeFiles/main.dir/home/jur/pico/pico-sdk/src/rp2_common/hardware_irq/irq.c.obj
 *fill*         0x0000000010009927        0x1 
 .rodata.__func__.3
                0x0000000010009928        0xc CMakeFiles/main.dir/home/jur/pico/pico-sdk/src/rp2_common/hardware_irq/irq.c.obj
 .rodata.__func__.4
                0x0000000010009934        0xf CMakeFiles/main.dir/home/jur/pico/pico-sdk/src/rp2_common/hardware_irq/irq.c.obj
 *fill*         0x0000000010009943        0x1 
 .rodata.__func__.5
                0x0000000010009944       0x17 CMakeFiles/main.dir/home/jur/pico/pico-sdk/src/rp2_common/hardware_irq/irq.c.obj
 *fill*         0x000000001000995b        0x1 
 .rodata.__func__.6
                0x000000001000995c       0x1a CMakeFiles/main.dir/home/jur/pico/pico-sdk/src/rp2_common/hardware_irq/irq.c.obj
 *fill*         0x0000000010009976        0x2 
 .rodata.str1.4
                0x0000000010009978       0xe9 CMakeFiles/main.dir/home/jur/pico/pico-sdk/src/common/pico_sync/mutex.c.obj
 *fill*         0x0000000010009a61        0x3 
 .rodata.__func__.1
                0x0000000010009a64        0xb CMakeFiles/main.dir/home/jur/pico/pico-sdk/src/common/pico_sync/mutex.c.obj
 *fill*         0x0000000010009a6f        0x1 
 .rodata.__func__.3
                0x0000000010009a70       0x18 CMakeFiles/main.dir/home/jur/pico/pico-sdk/src/common/pico_sync/mutex.c.obj
 .rodata.__func__.4
                0x0000000010009a88       0x15 CMakeFiles/main.dir/home/jur/pico/pico-sdk/src/common/pico_sync/mutex.c.obj
 *fill*         0x0000000010009a9d        0x3 
 .rodata.repeating_timer_callback.str1.4
                0x0000000010009aa0       0x48 CMakeFiles/main.dir/home/jur/pico/pico-sdk/src/common/pico_time/time.c.obj
 .rodata.timer_pool_entry_comparator.str1.4
                0x0000000010009ae8       0x22 CMakeFiles/main.dir/home/jur/pico/pico-sdk/src/common/pico_time/time.c.obj
 *fill*         0x0000000010009b0a        0x2 
 .rodata.ph_add_child_node.str1.4
                0x0000000010009b0c       0x92 CMakeFiles/main.dir/home/jur/pico/pico-sdk/src/common/pico_time/time.c.obj
 *fill*         0x0000000010009b9e        0x2 
 .rodata.add_alarm_under_lock.str1.4
                0x0000000010009ba0       0x28 CMakeFiles/main.dir/home/jur/pico/pico-sdk/src/common/pico_time/time.c.obj
                                         0x2b (size before relaxing)
 .rodata.alarm_pool_alarm_callback.str1.4
                0x0000000010009bc8       0x98 CMakeFiles/main.dir/home/jur/pico/pico-sdk/src/common/pico_time/time.c.obj
                                         0xf8 (size before relaxing)
 .rodata.alarm_pool_get_default.str1.4
                0x0000000010009c60       0x21 CMakeFiles/main.dir/home/jur/pico/pico-sdk/src/common/pico_time/time.c.obj
 *fill*         0x0000000010009c81        0x3 
 .rodata.alarm_pool_cancel_alarm.str1.4
                0x0000000010009c84       0x27 CMakeFiles/main.dir/home/jur/pico/pico-sdk/src/common/pico_time/time.c.obj
 *fill*         0x0000000010009cab        0x1 
 .rodata.sleep_until.str1.4
                0x0000000010009cac       0x4d CMakeFiles/main.dir/home/jur/pico/pico-sdk/src/common/pico_time/time.c.obj
 *fill*         0x0000000010009cf9        0x3 
 .rodata.__func__.1
                0x0000000010009cfc       0x18 CMakeFiles/main.dir/home/jur/pico/pico-sdk/src/common/pico_time/time.c.obj
 .rodata.__func__.10
                0x0000000010009d14       0x15 CMakeFiles/main.dir/home/jur/pico/pico-sdk/src/common/pico_time/time.c.obj
 *fill*         0x0000000010009d29        0x3 
 .rodata.__func__.11
                0x0000000010009d2c       0x1a CMakeFiles/main.dir/home/jur/pico/pico-sdk/src/common/pico_time/time.c.obj
 *fill*         0x0000000010009d46        0x2 
 .rodata.__func__.12
                0x0000000010009d48        0xa CMakeFiles/main.dir/home/jur/pico/pico-sdk/src/common/pico_time/time.c.obj
 *fill*         0x0000000010009d52        0x2 
 .rodata.__func__.3
                0x0000000010009d54       0x17 CMakeFiles/main.dir/home/jur/pico/pico-sdk/src/common/pico_time/time.c.obj
 *fill*         0x0000000010009d6b        0x1 
 .rodata.__func__.4
                0x0000000010009d6c       0x12 CMakeFiles/main.dir/home/jur/pico/pico-sdk/src/common/pico_time/time.c.obj
 *fill*         0x0000000010009d7e        0x2 
 .rodata.__func__.5
                0x0000000010009d80        0xd CMakeFiles/main.dir/home/jur/pico/pico-sdk/src/common/pico_time/time.c.obj
 *fill*         0x0000000010009d8d        0x3 
 .rodata.__func__.6
                0x0000000010009d90       0x12 CMakeFiles/main.dir/home/jur/pico/pico-sdk/src/common/pico_time/time.c.obj
 *fill*         0x0000000010009da2        0x2 
 .rodata.__func__.7
                0x0000000010009da4        0xf CMakeFiles/main.dir/home/jur/pico/pico-sdk/src/common/pico_time/time.c.obj
 *fill*         0x0000000010009db3        0x1 
 .rodata.__func__.8
                0x0000000010009db4        0xc CMakeFiles/main.dir/home/jur/pico/pico-sdk/src/common/pico_time/time.c.obj
 .rodata.__func__.9
                0x0000000010009dc0       0x15 CMakeFiles/main.dir/home/jur/pico/pico-sdk/src/common/pico_time/time.c.obj
 *fill*         0x0000000010009dd5        0x3 
 .rodata.hardware_alarm_claim.str1.4
                0x0000000010009dd8       0x22 CMakeFiles/main.dir/home/jur/pico/pico-sdk/src/rp2_common/hardware_timer/timer.c.obj
 .rodata.busy_wait_us.str1.4
                0x0000000010009dfa       0x5e CMakeFiles/main.dir/home/jur/pico/pico-sdk/src/rp2_common/hardware_timer/timer.c.obj
 *fill*         0x0000000010009dfa        0x2 
 .rodata.hardware_alarm_set_target.str1.4
                0x0000000010009dfc       0x62 CMakeFiles/main.dir/home/jur/pico/pico-sdk/src/rp2_common/hardware_timer/timer.c.obj
 *fill*         0x0000000010009e5e        0x2 
 .rodata.__func__.0
                0x0000000010009e60       0x1a CMakeFiles/main.dir/home/jur/pico/pico-sdk/src/rp2_common/hardware_timer/timer.c.obj
 *fill*         0x0000000010009e7a        0x2 
 .rodata.__func__.1
                0x0000000010009e7c       0x15 CMakeFiles/main.dir/home/jur/pico/pico-sdk/src/rp2_common/hardware_timer/timer.c.obj
 .rodata.ph_add_child_node.str1.4
                0x0000000010009e91       0x92 CMakeFiles/main.dir/home/jur/pico/pico-sdk/src/common/pico_util/pheap.c.obj
 *fill*         0x0000000010009e91        0x3 
 .rodata.ph_remove_any_head.str1.4
                0x0000000010009e94       0x8c CMakeFiles/main.dir/home/jur/pico/pico-sdk/src/common/pico_util/pheap.c.obj
                                         0xa0 (size before relaxing)
 .rodata.ph_remove_and_free_node.str1.4
                0x0000000010009f20       0x1e CMakeFiles/main.dir/home/jur/pico/pico-sdk/src/common/pico_util/pheap.c.obj
                                         0x26 (size before relaxing)
 *fill*         0x0000000010009f3e        0x2 
 .rodata.__func__.0
                0x0000000010009f40       0x18 CMakeFiles/main.dir/home/jur/pico/pico-sdk/src/common/pico_util/pheap.c.obj
 .rodata.__func__.1
                0x0000000010009f58       0x13 CMakeFiles/main.dir/home/jur/pico/pico-sdk/src/common/pico_util/pheap.c.obj
 *fill*         0x0000000010009f6b        0x1 
 .rodata.__func__.2
                0x0000000010009f6c       0x12 CMakeFiles/main.dir/home/jur/pico/pico-sdk/src/common/pico_util/pheap.c.obj
 *fill*         0x0000000010009f7e        0x2 
 .rodata.__func__.3
                0x0000000010009f80        0xc CMakeFiles/main.dir/home/jur/pico/pico-sdk/src/common/pico_util/pheap.c.obj
 .rodata.clock_configure.str1.4
                0x0000000010009f8c       0x54 CMakeFiles/main.dir/home/jur/pico/pico-sdk/src/rp2_common/hardware_clocks/clocks.c.obj
 .rodata.__func__.1
                0x0000000010009fe0       0x10 CMakeFiles/main.dir/home/jur/pico/pico-sdk/src/rp2_common/hardware_clocks/clocks.c.obj
 .rodata.pll_init.str1.4
                0x0000000010009ff0      0x120 CMakeFiles/main.dir/home/jur/pico/pico-sdk/src/rp2_common/hardware_pll/pll.c.obj
 .rodata.__func__.0
                0x000000001000a110        0x9 CMakeFiles/main.dir/home/jur/pico/pico-sdk/src/rp2_common/hardware_pll/pll.c.obj
 *fill*         0x000000001000a119        0x3 
 .rodata.__assert_func.str1.4
                0x000000001000a11c       0x3f CMakeFiles/main.dir/home/jur/pico/pico-sdk/src/rp2_common/pico_runtime/runtime.c.obj
                                         0x43 (size before relaxing)
 *fill*         0x000000001000a15b        0x1 
 .rodata.runtime_init.str1.4
                0x000000001000a15c       0x5e CMakeFiles/main.dir/home/jur/pico/pico-sdk/src/rp2_common/pico_runtime/runtime.c.obj
 *fill*         0x000000001000a1ba        0x2 
 .rodata.panic.str1.4
                0x000000001000a1bc       0x12 CMakeFiles/main.dir/home/jur/pico/pico-sdk/src/rp2_common/pico_runtime/runtime.c.obj
 *fill*         0x000000001000a1ce        0x2 
 .rodata.__func__.2
                0x000000001000a1d0        0xd CMakeFiles/main.dir/home/jur/pico/pico-sdk/src/rp2_common/pico_runtime/runtime.c.obj
 *fill*         0x000000001000a1dd        0x3 
 .rodata._ftoa.str1.4
                0x000000001000a1e0       0x15 CMakeFiles/main.dir/home/jur/pico/pico-sdk/src/rp2_common/pico_printf/printf.c.obj
 *fill*         0x000000001000a1f5        0x3 
 .rodata._vsnprintf
                0x000000001000a1f8      0x1e0 CMakeFiles/main.dir/home/jur/pico/pico-sdk/src/rp2_common/pico_printf/printf.c.obj
 .rodata.pow10.0
                0x000000001000a3d8       0x50 CMakeFiles/main.dir/home/jur/pico/pico-sdk/src/rp2_common/pico_printf/printf.c.obj
 .rodata.__aeabi_double_init.str1.4
                0x000000001000a428       0x99 CMakeFiles/main.dir/home/jur/pico/pico-sdk/src/rp2_common/pico_double/double_init_rom.c.obj
 *fill*         0x000000001000a4c1        0x3 
 .rodata.__func__.0
                0x000000001000a4c4       0x14 CMakeFiles/main.dir/home/jur/pico/pico-sdk/src/rp2_common/pico_double/double_init_rom.c.obj
 .rodata.__aeabi_float_init.str1.4
                0x000000001000a4d8       0x77 CMakeFiles/main.dir/home/jur/pico/pico-sdk/src/rp2_common/pico_float/float_init_rom.c.obj
                                         0x7b (size before relaxing)
 *fill*         0x000000001000a54f        0x1 
 .rodata.__func__.0
                0x000000001000a550       0x13 CMakeFiles/main.dir/home/jur/pico/pico-sdk/src/rp2_common/pico_float/float_init_rom.c.obj
 *fill*         0x000000001000a563        0x1 
 .rodata.__wrap_malloc.str1.4
                0x000000001000a564        0xe CMakeFiles/main.dir/home/jur/pico/pico-sdk/src/rp2_common/pico_malloc/pico_malloc.c.obj
 *fill*         0x000000001000a572        0x2 
 .rodata.str1.4
                0x000000001000a574       0x3c CMakeFiles/main.dir/home/jur/pico/pico-sdk/src/rp2_common/pico_standard_link/binary_info.c.obj
 .rodata.__bi_44
                0x000000001000a5b0        0xc CMakeFiles/main.dir/home/jur/pico/pico-sdk/src/rp2_common/pico_standard_link/binary_info.c.obj
 .rodata.__bi_75
                0x000000001000a5bc        0xc CMakeFiles/main.dir/home/jur/pico/pico-sdk/src/rp2_common/pico_standard_link/binary_info.c.obj
 .rodata.__bi_81
                0x000000001000a5c8        0xc CMakeFiles/main.dir/home/jur/pico/pico-sdk/src/rp2_common/pico_standard_link/binary_info.c.obj
 .rodata.stdout_serialize_begin.str1.4
                0x000000001000a5d4       0x5e CMakeFiles/main.dir/home/jur/pico/pico-sdk/src/rp2_common/pico_stdio/stdio.c.obj
 .rodata.__func__.3
                0x000000001000a5d4       0x15 CMakeFiles/main.dir/home/jur/pico/pico-sdk/src/rp2_common/pico_stdio/stdio.c.obj
 *fill*         0x000000001000a5e9        0x3 
 .rodata.crlf_str.2
                0x000000001000a5ec        0x2 CMakeFiles/main.dir/home/jur/pico/pico-sdk/src/rp2_common/pico_stdio/stdio.c.obj
 *fill*         0x000000001000a5ee        0x2 
 .rodata.str1.4
                0x000000001000a5f0       0x2c CMakeFiles/main.dir/home/jur/pico/pico-sdk/src/rp2_common/pico_stdio_uart/stdio_uart.c.obj
 .rodata.__bi_33.4
                0x000000001000a61c        0xc CMakeFiles/main.dir/home/jur/pico/pico-sdk/src/rp2_common/pico_stdio_uart/stdio_uart.c.obj
 .rodata.__bi_34.5
                0x000000001000a628        0x8 CMakeFiles/main.dir/home/jur/pico/pico-sdk/src/rp2_common/pico_stdio_uart/stdio_uart.c.obj
 .rodata._resetd_driver
                0x000000001000a630       0x18 CMakeFiles/main.dir/home/jur/pico/pico-sdk/src/rp2_common/pico_stdio_usb/reset_interface.c.obj
 .rodata.low_priority_worker_irq.str1.4
                0x000000001000a648       0x5e CMakeFiles/main.dir/home/jur/pico/pico-sdk/src/rp2_common/pico_stdio_usb/stdio_usb.c.obj
 .rodata.stdio_usb_init.str1.4
                0x000000001000a648       0x42 CMakeFiles/main.dir/home/jur/pico/pico-sdk/src/rp2_common/pico_stdio_usb/stdio_usb.c.obj
                                         0x4a (size before relaxing)
 *fill*         0x000000001000a68a        0x2 
 .rodata.str1.4
                0x000000001000a68c       0x13 CMakeFiles/main.dir/home/jur/pico/pico-sdk/src/rp2_common/pico_stdio_usb/stdio_usb.c.obj
 *fill*         0x000000001000a69f        0x1 
 .rodata.__bi_182.0
                0x000000001000a6a0        0xc CMakeFiles/main.dir/home/jur/pico/pico-sdk/src/rp2_common/pico_stdio_usb/stdio_usb.c.obj
 .rodata.__func__.1
                0x000000001000a6ac        0xf CMakeFiles/main.dir/home/jur/pico/pico-sdk/src/rp2_common/pico_stdio_usb/stdio_usb.c.obj
 *fill*         0x000000001000a6bb        0x1 
 .rodata.__func__.3
                0x000000001000a6bc       0x15 CMakeFiles/main.dir/home/jur/pico/pico-sdk/src/rp2_common/pico_stdio_usb/stdio_usb.c.obj
 *fill*         0x000000001000a6d1        0x3 
 .rodata.str1.4
                0x000000001000a6d4       0x2a CMakeFiles/main.dir/home/jur/pico/pico-sdk/src/rp2_common/pico_stdio_usb/stdio_usb_descriptors.c.obj
 *fill*         0x000000001000a6fe        0x2 
 .rodata.usbd_desc_cfg
                0x000000001000a700       0x54 CMakeFiles/main.dir/home/jur/pico/pico-sdk/src/rp2_common/pico_stdio_usb/stdio_usb_descriptors.c.obj
 .rodata.usbd_desc_device
                0x000000001000a754       0x12 CMakeFiles/main.dir/home/jur/pico/pico-sdk/src/rp2_common/pico_stdio_usb/stdio_usb_descriptors.c.obj
 *fill*         0x000000001000a766        0x2 
 .rodata.usbd_desc_str
                0x000000001000a768       0x18 CMakeFiles/main.dir/home/jur/pico/pico-sdk/src/rp2_common/pico_stdio_usb/stdio_usb_descriptors.c.obj
 .rodata.pico_get_unique_board_id_string.str1.4
                0x000000001000a780       0x4a CMakeFiles/main.dir/home/jur/pico/pico-sdk/src/rp2_common/pico_unique_id/unique_id.c.obj
 *fill*         0x000000001000a7ca        0x2 
 .rodata.__func__.0
                0x000000001000a7cc       0x20 CMakeFiles/main.dir/home/jur/pico/pico-sdk/src/rp2_common/pico_unique_id/unique_id.c.obj
 .rodata.str1.4
                0x000000001000a7ec      0x156 CMakeFiles/main.dir/home/jur/pico/pico-sdk/src/rp2_common/hardware_flash/flash.c.obj
 *fill*         0x000000001000a942        0x2 
 .rodata.__func__.0
                0x000000001000a944        0xd CMakeFiles/main.dir/home/jur/pico/pico-sdk/src/rp2_common/hardware_flash/flash.c.obj
 *fill*         0x000000001000a951        0x3 
 .rodata._hw_endpoint_alloc.str1.4
                0x000000001000a954       0xb5 CMakeFiles/main.dir/home/jur/pico/pico-sdk/lib/tinyusb/src/portable/raspberrypi/rp2040/dcd_rp2040.c.obj
 *fill*         0x000000001000aa09        0x3 
 .rodata.str1.4
                0x000000001000aa0c       0x14 CMakeFiles/main.dir/home/jur/pico/pico-sdk/lib/tinyusb/src/portable/raspberrypi/rp2040/dcd_rp2040.c.obj
 .rodata.dcd_int_enable.str1.4
                0x000000001000aa20        0xc CMakeFiles/main.dir/home/jur/pico/pico-sdk/lib/tinyusb/src/portable/raspberrypi/rp2040/dcd_rp2040.c.obj
 .rodata.__func__.0
                0x000000001000aa2c        0xe CMakeFiles/main.dir/home/jur/pico/pico-sdk/lib/tinyusb/src/portable/raspberrypi/rp2040/dcd_rp2040.c.obj
 *fill*         0x000000001000aa3a        0x2 
 .rodata.__func__.1
                0x000000001000aa3c        0xe CMakeFiles/main.dir/home/jur/pico/pico-sdk/lib/tinyusb/src/portable/raspberrypi/rp2040/dcd_rp2040.c.obj
 *fill*         0x000000001000aa4a        0x2 
 .rodata.__func__.3
                0x000000001000aa4c       0x10 CMakeFiles/main.dir/home/jur/pico/pico-sdk/lib/tinyusb/src/portable/raspberrypi/rp2040/dcd_rp2040.c.obj
 .rodata.__func__.5
                0x000000001000aa5c        0xf CMakeFiles/main.dir/home/jur/pico/pico-sdk/lib/tinyusb/src/portable/raspberrypi/rp2040/dcd_rp2040.c.obj
 *fill*         0x000000001000aa6b        0x1 
 .rodata.__func__.6
                0x000000001000aa6c       0x13 CMakeFiles/main.dir/home/jur/pico/pico-sdk/lib/tinyusb/src/portable/raspberrypi/rp2040/dcd_rp2040.c.obj
 *fill*         0x000000001000aa7f        0x1 
 .rodata.__func__.7
                0x000000001000aa80        0x9 CMakeFiles/main.dir/home/jur/pico/pico-sdk/lib/tinyusb/src/portable/raspberrypi/rp2040/dcd_rp2040.c.obj
 *fill*         0x000000001000aa89        0x3 
 .rodata.str1.4
                0x000000001000aa8c       0xdd CMakeFiles/main.dir/home/jur/pico/pico-sdk/lib/tinyusb/src/portable/raspberrypi/rp2040/rp2040_usb.c.obj
                                         0xe7 (size before relaxing)
 *fill*         0x000000001000ab69        0x3 
 .rodata.__func__.0
                0x000000001000ab6c        0xf CMakeFiles/main.dir/home/jur/pico/pico-sdk/lib/tinyusb/src/portable/raspberrypi/rp2040/rp2040_usb.c.obj
 *fill*         0x000000001000ab7b        0x1 
 .rodata.process_get_descriptor
                0x000000001000ab7c       0x40 CMakeFiles/main.dir/home/jur/pico/pico-sdk/lib/tinyusb/src/device/usbd.c.obj
 .rodata.process_control_request
                0x000000001000abbc       0x28 CMakeFiles/main.dir/home/jur/pico/pico-sdk/lib/tinyusb/src/device/usbd.c.obj
 .rodata.tud_task_ext
                0x000000001000abe4       0x24 CMakeFiles/main.dir/home/jur/pico/pico-sdk/lib/tinyusb/src/device/usbd.c.obj
 .rodata._usbd_driver
                0x000000001000ac08       0x18 CMakeFiles/main.dir/home/jur/pico/pico-sdk/lib/tinyusb/src/device/usbd.c.obj
 .rodata.i2c_set_baudrate.str1.4
                0x000000001000ac20       0x5a CMakeFiles/main.dir/home/jur/pico/pico-sdk/src/rp2_common/hardware_i2c/i2c.c.obj
 *fill*         0x000000001000ac7a        0x2 
 .rodata.__func__.0
                0x000000001000ac7c       0x11 CMakeFiles/main.dir/home/jur/pico/pico-sdk/src/rp2_common/hardware_i2c/i2c.c.obj
 *fill*         0x000000001000ac8d        0x3 
 .rodata.COLORS_get_565_rgb_from_hsv
                0x000000001000ac90       0x14 freeWatch/libfreewatch.a(colors.c.obj)
 .rodata        0x000000001000aca4        0xa freeWatch/libfreewatch.a(mcp23008.c.obj)
 *fill*         0x000000001000acae        0x2 
 .rodata.Paint_DrawPoint.str1.4